Archive member included to satisfy reference by file (symbol)

c:/siliconlabs/simplicitystudio/v5/developer/toolchains/gnu_arm/12.2.rel1_2023.7/bin/../lib/gcc/arm-none-eabi/12.2.1/thumb/v8-m.main+fp/hard\libgcc.a(_aeabi_ldivmod.o)
                              ./simplicity_sdk_2025.6.0/platform/emlib/src/em_eusart.o (__aeabi_ldivmod)
c:/siliconlabs/simplicitystudio/v5/developer/toolchains/gnu_arm/12.2.rel1_2023.7/bin/../lib/gcc/arm-none-eabi/12.2.1/thumb/v8-m.main+fp/hard\libgcc.a(_aeabi_uldivmod.o)
                              ./simplicity_sdk_2025.6.0/platform/emlib/src/em_eusart.o (__aeabi_uldivmod)
c:/siliconlabs/simplicitystudio/v5/developer/toolchains/gnu_arm/12.2.rel1_2023.7/bin/../lib/gcc/arm-none-eabi/12.2.1/thumb/v8-m.main+fp/hard\libgcc.a(_udivmoddi4.o)
                              c:/siliconlabs/simplicitystudio/v5/developer/toolchains/gnu_arm/12.2.rel1_2023.7/bin/../lib/gcc/arm-none-eabi/12.2.1/thumb/v8-m.main+fp/hard\libgcc.a(_aeabi_ldivmod.o) (__udivmoddi4)
c:/siliconlabs/simplicitystudio/v5/developer/toolchains/gnu_arm/12.2.rel1_2023.7/bin/../lib/gcc/arm-none-eabi/12.2.1/thumb/v8-m.main+fp/hard\libgcc.a(_dvmd_tls.o)
                              c:/siliconlabs/simplicitystudio/v5/developer/toolchains/gnu_arm/12.2.rel1_2023.7/bin/../lib/gcc/arm-none-eabi/12.2.1/thumb/v8-m.main+fp/hard\libgcc.a(_aeabi_ldivmod.o) (__aeabi_ldiv0)
c:/siliconlabs/simplicitystudio/v5/developer/toolchains/gnu_arm/12.2.rel1_2023.7/bin/../lib/gcc/arm-none-eabi/12.2.1/thumb/v8-m.main+fp/hard\libc_nano.a(libc_a-exit.o)
                              c:/siliconlabs/simplicitystudio/v5/developer/toolchains/gnu_arm/12.2.rel1_2023.7/bin/../lib/gcc/arm-none-eabi/12.2.1/thumb/v8-m.main+fp/hard/crt0.o (exit)
c:/siliconlabs/simplicitystudio/v5/developer/toolchains/gnu_arm/12.2.rel1_2023.7/bin/../lib/gcc/arm-none-eabi/12.2.1/thumb/v8-m.main+fp/hard\libc_nano.a(libc_a-ctype_.o)
                              ./simplicity_sdk_2025.6.0/platform/common/src/sl_string.o (_ctype_)
c:/siliconlabs/simplicitystudio/v5/developer/toolchains/gnu_arm/12.2.rel1_2023.7/bin/../lib/gcc/arm-none-eabi/12.2.1/thumb/v8-m.main+fp/hard\libc_nano.a(libc_a-findfp.o)
                              c:/siliconlabs/simplicitystudio/v5/developer/toolchains/gnu_arm/12.2.rel1_2023.7/bin/../lib/gcc/arm-none-eabi/12.2.1/thumb/v8-m.main+fp/hard\libc_nano.a(libc_a-exit.o) (__stdio_exit_handler)
c:/siliconlabs/simplicitystudio/v5/developer/toolchains/gnu_arm/12.2.rel1_2023.7/bin/../lib/gcc/arm-none-eabi/12.2.1/thumb/v8-m.main+fp/hard\libc_nano.a(libc_a-fwalk.o)
                              c:/siliconlabs/simplicitystudio/v5/developer/toolchains/gnu_arm/12.2.rel1_2023.7/bin/../lib/gcc/arm-none-eabi/12.2.1/thumb/v8-m.main+fp/hard\libc_nano.a(libc_a-findfp.o) (_fwalk_sglue)
c:/siliconlabs/simplicitystudio/v5/developer/toolchains/gnu_arm/12.2.rel1_2023.7/bin/../lib/gcc/arm-none-eabi/12.2.1/thumb/v8-m.main+fp/hard\libc_nano.a(libc_a-printf.o)
                              ./app_iostream_usart.o (printf)
c:/siliconlabs/simplicitystudio/v5/developer/toolchains/gnu_arm/12.2.rel1_2023.7/bin/../lib/gcc/arm-none-eabi/12.2.1/thumb/v8-m.main+fp/hard\libc_nano.a(libc_a-setvbuf.o)
                              ./app_iostream_usart.o (setvbuf)
c:/siliconlabs/simplicitystudio/v5/developer/toolchains/gnu_arm/12.2.rel1_2023.7/bin/../lib/gcc/arm-none-eabi/12.2.1/thumb/v8-m.main+fp/hard\libc_nano.a(libc_a-stdio.o)
                              c:/siliconlabs/simplicitystudio/v5/developer/toolchains/gnu_arm/12.2.rel1_2023.7/bin/../lib/gcc/arm-none-eabi/12.2.1/thumb/v8-m.main+fp/hard\libc_nano.a(libc_a-findfp.o) (__sread)
c:/siliconlabs/simplicitystudio/v5/developer/toolchains/gnu_arm/12.2.rel1_2023.7/bin/../lib/gcc/arm-none-eabi/12.2.1/thumb/v8-m.main+fp/hard\libc_nano.a(libc_a-vprintf.o)
                              ./simplicity_sdk_2025.6.0/platform/service/iostream/src/sl_iostream.o (vprintf)
c:/siliconlabs/simplicitystudio/v5/developer/toolchains/gnu_arm/12.2.rel1_2023.7/bin/../lib/gcc/arm-none-eabi/12.2.1/thumb/v8-m.main+fp/hard\libc_nano.a(libc_a-memset.o)
                              c:/siliconlabs/simplicitystudio/v5/developer/toolchains/gnu_arm/12.2.rel1_2023.7/bin/../lib/gcc/arm-none-eabi/12.2.1/thumb/v8-m.main+fp/hard/crt0.o (memset)
c:/siliconlabs/simplicitystudio/v5/developer/toolchains/gnu_arm/12.2.rel1_2023.7/bin/../lib/gcc/arm-none-eabi/12.2.1/thumb/v8-m.main+fp/hard\libc_nano.a(libc_a-closer.o)
                              c:/siliconlabs/simplicitystudio/v5/developer/toolchains/gnu_arm/12.2.rel1_2023.7/bin/../lib/gcc/arm-none-eabi/12.2.1/thumb/v8-m.main+fp/hard\libc_nano.a(libc_a-stdio.o) (_close_r)
c:/siliconlabs/simplicitystudio/v5/developer/toolchains/gnu_arm/12.2.rel1_2023.7/bin/../lib/gcc/arm-none-eabi/12.2.1/thumb/v8-m.main+fp/hard\libc_nano.a(libc_a-reent.o)
[...]
Memory Configuration

Name             Origin             Length             Attributes
FLASH            0x08000000         0x0031e000         xr
RAM              0x20000000         0x00080000         xrw
*default*        0x00000000         0xffffffff

Linker script and memory map

LOAD c:/siliconlabs/simplicitystudio/v5/developer/toolchains/gnu_arm/12.2.rel1_2023.7/bin/../lib/gcc/arm-none-eabi/12.2.1/thumb/v8-m.main+fp/hard/crti.o
LOAD c:/siliconlabs/simplicitystudio/v5/developer/toolchains/gnu_arm/12.2.rel1_2023.7/bin/../lib/gcc/arm-none-eabi/12.2.1/thumb/v8-m.main+fp/hard/crtbegin.o
LOAD c:/siliconlabs/simplicitystudio/v5/developer/toolchains/gnu_arm/12.2.rel1_2023.7/bin/../lib/gcc/arm-none-eabi/12.2.1/thumb/v8-m.main+fp/hard/crt0.o
START GROUP
LOAD ./app.o
LOAD ./app_iostream_usart.o
LOAD ./app_iostream_usart_test.o
LOAD ./main.o
LOAD ./arducam/arducam.o
LOAD ./arducam/drivers/m2mp/arducam_m_2mp_driver.o
LOAD ./arducam/drivers/m2mp/ov2640.o
LOAD ./autogen/sl_board_default_init.o
LOAD ./autogen/sl_event_handler.o
LOAD ./autogen/sl_i2cspm_init.o
LOAD ./autogen/sl_iostream_handles.o
LOAD ./autogen/sl_iostream_init_eusart_instances.o
LOAD ./autogen/sl_spidrv_init.o
LOAD ./simplicity_sdk_2025.6.0/hardware/board/src/sl_board_control_gpio.o
LOAD ./simplicity_sdk_2025.6.0/hardware/board/src/sl_board_init.o
LOAD ./simplicity_sdk_2025.6.0/hardware/driver/configuration_over_swo/src/sl_cos.o
LOAD ./simplicity_sdk_2025.6.0/hardware/driver/mx25_flash_shutdown/src/sl_mx25_flash_shutdown_eusart/sl_mx25_flash_shutdown.o
LOAD ./simplicity_sdk_2025.6.0/platform/Device/SiliconLabs/EFR32MG26/Source/startup_efr32mg26.o
LOAD ./simplicity_sdk_2025.6.0/platform/Device/SiliconLabs/EFR32MG26/Source/system_efr32mg26.o
LOAD ./simplicity_sdk_2025.6.0/platform/common/src/sl_assert.o
LOAD ./simplicity_sdk_2025.6.0/platform/common/src/sl_core_cortexm.o
LOAD ./simplicity_sdk_2025.6.0/platform/common/src/sl_slist.o
LOAD ./simplicity_sdk_2025.6.0/platform/common/src/sl_string.o
LOAD ./simplicity_sdk_2025.6.0/platform/common/src/sl_syscalls.o
LOAD ./simplicity_sdk_2025.6.0/platform/driver/debug/src/sl_debug_swo.o
LOAD ./simplicity_sdk_2025.6.0/platform/driver/gpio/src/sl_gpio.o
LOAD ./simplicity_sdk_2025.6.0/platform/driver/i2cspm/src/sl_i2cspm.o
LOAD ./simplicity_sdk_2025.6.0/platform/emdrv/dmadrv/src/dmadrv.o
LOAD ./simplicity_sdk_2025.6.0/platform/emdrv/spidrv/src/spidrv.o
LOAD ./simplicity_sdk_2025.6.0/platform/emlib/src/em_burtc.o
LOAD ./simplicity_sdk_2025.6.0/platform/emlib/src/em_cmu.o
LOAD ./simplicity_sdk_2025.6.0/platform/emlib/src/em_emu.o
LOAD ./simplicity_sdk_2025.6.0/platform/emlib/src/em_eusart.o
LOAD ./simplicity_sdk_2025.6.0/platform/emlib/src/em_gpio.o
LOAD ./simplicity_sdk_2025.6.0/platform/emlib/src/em_i2c.o
LOAD ./simplicity_sdk_2025.6.0/platform/emlib/src/em_ldma.o
LOAD ./simplicity_sdk_2025.6.0/platform/emlib/src/em_msc.o
LOAD ./simplicity_sdk_2025.6.0/platform/emlib/src/em_prs.o
LOAD ./simplicity_sdk_2025.6.0/platform/emlib/src/em_system.o
LOAD ./simplicity_sdk_2025.6.0/platform/emlib/src/em_timer.o
LOAD ./simplicity_sdk_2025.6.0/platform/emlib/src/em_usart.o
LOAD ./simplicity_sdk_2025.6.0/platform/peripheral/src/sl_hal_eusart.o
LOAD ./simplicity_sdk_2025.6.0/platform/peripheral/src/sl_hal_gpio.o
LOAD ./simplicity_sdk_2025.6.0/platform/peripheral/src/sl_hal_prs.o
LOAD ./simplicity_sdk_2025.6.0/platform/peripheral/src/sl_hal_sysrtc.o
LOAD ./simplicity_sdk_2025.6.0/platform/service/clock_manager/src/sl_clock_manager.o
LOAD ./simplicity_sdk_2025.6.0/platform/service/clock_manager/src/sl_clock_manager_hal_s2.o
LOAD ./simplicity_sdk_2025.6.0/platform/service/clock_manager/src/sl_clock_manager_init.o
LOAD ./simplicity_sdk_2025.6.0/platform/service/clock_manager/src/sl_clock_manager_init_hal_s2.o
LOAD ./simplicity_sdk_2025.6.0/platform/service/device_init/src/sl_device_init_dcdc_s2.o
LOAD ./simplicity_sdk_2025.6.0/platform/service/device_init/src/sl_device_init_emu_s2.o
LOAD ./simplicity_sdk_2025.6.0/platform/service/device_manager/clocks/sl_device_clock_efr32xg26.o
LOAD ./simplicity_sdk_2025.6.0/platform/service/device_manager/devices/sl_device_peripheral_hal_efr32xg26.o
LOAD ./simplicity_sdk_2025.6.0/platform/service/device_manager/src/sl_device_clock.o
LOAD ./simplicity_sdk_2025.6.0/platform/service/device_manager/src/sl_device_gpio.o
LOAD ./simplicity_sdk_2025.6.0/platform/service/device_manager/src/sl_device_peripheral.o
LOAD ./simplicity_sdk_2025.6.0/platform/service/interrupt_manager/src/sl_interrupt_manager_cortexm.o
LOAD ./simplicity_sdk_2025.6.0/platform/service/iostream/src/sl_iostream.o
LOAD ./simplicity_sdk_2025.6.0/platform/service/iostream/src/sl_iostream_eusart.o
LOAD ./simplicity_sdk_2025.6.0/platform/service/iostream/src/sl_iostream_retarget_stdio.o
LOAD ./simplicity_sdk_2025.6.0/platform/service/iostream/src/sl_iostream_uart.o
LOAD ./simplicity_sdk_2025.6.0/platform/service/memory_manager/src/sl_memory_manager_region.o
LOAD ./simplicity_sdk_2025.6.0/platform/service/sl_main/src/sl_main_init.o
LOAD ./simplicity_sdk_2025.6.0/platform/service/sl_main/src/sl_main_init_memory.o
LOAD ./simplicity_sdk_2025.6.0/platform/service/sl_main/src/sl_main_process_action.o
LOAD ./simplicity_sdk_2025.6.0/platform/service/sleeptimer/src/sl_sleeptimer.o
LOAD ./simplicity_sdk_2025.6.0/platform/service/sleeptimer/src/sl_sleeptimer_hal_burtc.o
LOAD ./simplicity_sdk_2025.6.0/platform/service/sleeptimer/src/sl_sleeptimer_hal_sysrtc.o
LOAD ./simplicity_sdk_2025.6.0/platform/service/sleeptimer/src/sl_sleeptimer_hal_timer.o
LOAD ./simplicity_sdk_2025.6.0/platform/service/udelay/src/sl_udelay.o
LOAD ./simplicity_sdk_2025.6.0/platform/service/udelay/src/sl_udelay_armv6m_gcc.o
LOAD c:/siliconlabs/simplicitystudio/v5/developer/toolchains/gnu_arm/12.2.rel1_2023.7/bin/../lib/gcc/arm-none-eabi/12.2.1/thumb/v8-m.main+fp/hard\libgcc.a
LOAD c:/siliconlabs/simplicitystudio/v5/developer/toolchains/gnu_arm/12.2.rel1_2023.7/bin/../lib/gcc/arm-none-eabi/12.2.1/thumb/v8-m.main+fp/hard\libc_nano.a
LOAD c:/siliconlabs/simplicitystudio/v5/developer/toolchains/gnu_arm/12.2.rel1_2023.7/bin/../lib/gcc/arm-none-eabi/12.2.1/thumb/v8-m.main+fp/hard\libm.a
LOAD c:/siliconlabs/simplicitystudio/v5/developer/toolchains/gnu_arm/12.2.rel1_2023.7/bin/../lib/gcc/arm-none-eabi/12.2.1/thumb/v8-m.main+fp/hard\libnosys.a
END GROUP
START GROUP
LOAD c:/siliconlabs/simplicitystudio/v5/developer/toolchains/gnu_arm/12.2.rel1_2023.7/bin/../lib/gcc/arm-none-eabi/12.2.1/thumb/v8-m.main+fp/hard\libgcc.a
LOAD c:/siliconlabs/simplicitystudio/v5/developer/toolchains/gnu_arm/12.2.rel1_2023.7/bin/../lib/gcc/arm-none-eabi/12.2.1/thumb/v8-m.main+fp/hard\libc_nano.a
LOAD c:/siliconlabs/simplicitystudio/v5/developer/toolchains/gnu_arm/12.2.rel1_2023.7/bin/../lib/gcc/arm-none-eabi/12.2.1/thumb/v8-m.main+fp/hard\libnosys.a
END GROUP
START GROUP
LOAD c:/siliconlabs/simplicitystudio/v5/developer/toolchains/gnu_arm/12.2.rel1_2023.7/bin/../lib/gcc/arm-none-eabi/12.2.1/thumb/v8-m.main+fp/hard\libgcc.a
LOAD c:/siliconlabs/simplicitystudio/v5/developer/toolchains/gnu_arm/12.2.rel1_2023.7/bin/../lib/gcc/arm-none-eabi/12.2.1/thumb/v8-m.main+fp/hard\libg_nano.a
LOAD c:/siliconlabs/simplicitystudio/v5/developer/toolchains/gnu_arm/12.2.rel1_2023.7/bin/../lib/gcc/arm-none-eabi/12.2.1/thumb/v8-m.main+fp/hard\libc_nano.a
END GROUP
START GROUP
LOAD c:/siliconlabs/simplicitystudio/v5/developer/toolchains/gnu_arm/12.2.rel1_2023.7/bin/../lib/gcc/arm-none-eabi/12.2.1/thumb/v8-m.main+fp/hard\libgcc.a
LOAD c:/siliconlabs/simplicitystudio/v5/developer/toolchains/gnu_arm/12.2.rel1_2023.7/bin/../lib/gcc/arm-none-eabi/12.2.1/thumb/v8-m.main+fp/hard\libc_nano.a
END GROUP
LOAD c:/siliconlabs/simplicitystudio/v5/developer/toolchains/gnu_arm/12.2.rel1_2023.7/bin/../lib/gcc/arm-none-eabi/12.2.1/thumb/v8-m.main+fp/hard/crtend.o
LOAD c:/siliconlabs/simplicitystudio/v5/developer/toolchains/gnu_arm/12.2.rel1_2023.7/bin/../lib/gcc/arm-none-eabi/12.2.1/thumb/v8-m.main+fp/hard/crtn.o

.vectors        0x08000000      0x1b4
                0x08000000                linker_vectors_begin = .
 *(.vectors)
 .vectors       0x08000000      0x1b4 ./simplicity_sdk_2025.6.0/platform/Device/SiliconLabs/EFR32MG26/Source/startup_efr32mg26.o
                0x08000000                __Vectors
                0x080001b4                linker_vectors_end = .
                0x080001b4                __Vectors_End = .
                0x080001b4                __Vectors_Size = (__Vectors_End - __Vectors)
                0x080001b4                __lma_ramfuncs_start__ = .

.stack          0x20000000     0x1000
                0x20000000                . = ALIGN (0x8)
                0x20000000                __StackLimit = .
 *(.stack*)
 .stack         0x20000000     0x1000 ./simplicity_sdk_2025.6.0/platform/service/memory_manager/src/sl_memory_manager_region.o
                0x20001000                . = ALIGN (0x4)
                0x20001000                __StackTop = .
                0x20001000                PROVIDE (__stack = __StackTop)

.bss            0x20001000     0x2a74
                0x20001000                . = ALIGN (0x4)
                0x20001000                __bss_start__ = .
 *(SORT_BY_ALIGNMENT(.bss*))
 .bss.object.0  0x20001000       0x18 c:/siliconlabs/simplicitystudio/v5/developer/toolchains/gnu_arm/12.2.rel1_2023.7/bin/../lib/gcc/arm-none-eabi/12.2.1/thumb/v8-m.main+fp/hard/crtbegin.o
 .bss.failed_attempts.0
                0x20001018        0x4 ./app_iostream_usart.o
 .bss.successful_captures.1
                0x2000101c        0x4 ./app_iostream_usart.o
 .bss.last_test_time.2
                0x20001020        0x4 ./app_iostream_usart.o
 .bss.test_counter
                0x20001024        0x4 ./app_iostream_usart.o
 .bss.arducam_context
                0x20001028       0x44 ./arducam/arducam.o
                0x20001028                arducam_context
 .bss.sl_iostream_recommended_console_stream
                0x2000106c        0x4 ./autogen/sl_iostream_handles.o
                0x2000106c                sl_iostream_recommended_console_stream
 .bss.context_vcom
                0x20001070       0xb4 ./autogen/sl_iostream_init_eusart_instances.o
 .bss.sl_iostream_vcom
                0x20001124       0x1c ./autogen/sl_iostream_init_eusart_instances.o
 .bss.sl_spidrv_usart_camera_handle_data
                0x20001140       0x84 ./autogen/sl_spidrv_init.o
                0x20001140                sl_spidrv_usart_camera_handle_data
 .bss.gpio_interrupts
                0x200011c4      0x168 ./simplicity_sdk_2025.6.0/platform/driver/gpio/src/sl_gpio.o
 .bss.dmaXfer   0x2000132c      0x100 ./simplicity_sdk_2025.6.0/platform/emdrv/dmadrv/src/dmadrv.o
 .bss.chTable   0x2000142c       0x80 ./simplicity_sdk_2025.6.0/platform/emdrv/dmadrv/src/dmadrv.o
 .bss.i2cTransfer
                0x200014ac       0x30 ./simplicity_sdk_2025.6.0/platform/emlib/src/em_i2c.o
 .bss.sli_iostream_default
                0x200014dc        0x4 ./simplicity_sdk_2025.6.0/platform/service/iostream/src/sl_iostream.o
 .bss.max_millisecond_conversion
                0x200014e0        0x4 ./simplicity_sdk_2025.6.0/platform/service/sleeptimer/src/sl_sleeptimer.o
 .bss.last_delta_update_count
                0x200014e4        0x4 ./simplicity_sdk_2025.6.0/platform/service/sleeptimer/src/sl_sleeptimer.o
 .bss.timer_head
                0x200014e8        0x4 ./simplicity_sdk_2025.6.0/platform/service/sleeptimer/src/sl_sleeptimer.o
 .bss.timer_frequency
                0x200014ec        0x4 ./simplicity_sdk_2025.6.0/platform/service/sleeptimer/src/sl_sleeptimer.o
 .bss.overflow_counter
                0x200014f0        0x4 ./simplicity_sdk_2025.6.0/platform/service/sleeptimer/src/sl_sleeptimer.o
 .bss.__sf      0x200014f4      0x138 c:/siliconlabs/simplicitystudio/v5/developer/toolchains/gnu_arm/12.2.rel1_2023.7/bin/../lib/gcc/arm-none-eabi/12.2.1/thumb/v8-m.main+fp/hard\libc_nano.a(libc_a-findfp.o)
                0x200014f4                __sf
 .bss.__stdio_exit_handler
                0x2000162c        0x4 c:/siliconlabs/simplicitystudio/v5/developer/toolchains/gnu_arm/12.2.rel1_2023.7/bin/../lib/gcc/arm-none-eabi/12.2.1/thumb/v8-m.main+fp/hard\libc_nano.a(libc_a-findfp.o)
                0x2000162c                __stdio_exit_handler
 .bss.errno     0x20001630        0x4 c:/siliconlabs/simplicitystudio/v5/developer/toolchains/gnu_arm/12.2.rel1_2023.7/bin/../lib/gcc/arm-none-eabi/12.2.1/thumb/v8-m.main+fp/hard\libc_nano.a(libc_a-reent.o)
                0x20001630                errno
 .bss.__malloc_sbrk_start
                0x20001634        0x4 c:/siliconlabs/simplicitystudio/v5/developer/toolchains/gnu_arm/12.2.rel1_2023.7/bin/../lib/gcc/arm-none-eabi/12.2.1/thumb/v8-m.main+fp/hard\libc_nano.a(libc_a-mallocr.o)
                0x20001634                __malloc_sbrk_start
 .bss.__malloc_free_list
                0x20001638        0x4 c:/siliconlabs/simplicitystudio/v5/developer/toolchains/gnu_arm/12.2.rel1_2023.7/bin/../lib/gcc/arm-none-eabi/12.2.1/thumb/v8-m.main+fp/hard\libc_nano.a(libc_a-mallocr.o)
                0x20001638                __malloc_free_list
 .bss.completed.1
                0x2000163c        0x1 c:/siliconlabs/simplicitystudio/v5/developer/toolchains/gnu_arm/12.2.rel1_2023.7/bin/../lib/gcc/arm-none-eabi/12.2.1/thumb/v8-m.main+fp/hard/crtbegin.o
 .bss.camera_initialized
                0x2000163d        0x1 ./app_iostream_usart.o
 .bss.image_buffer
                0x2000163e     0x2400 ./app_iostream_usart.o
 .bss.dummy_tx_buffer.0
                0x20003a3e        0x1 ./arducam/drivers/m2mp/arducam_m_2mp_driver.o
 .bss.rx_buffer_vcom
                0x20003a3f       0x20 ./autogen/sl_iostream_init_eusart_instances.o
 .bss.initialized
                0x20003a5f        0x1 ./simplicity_sdk_2025.6.0/platform/emdrv/dmadrv/src/dmadrv.o
 .bss.spidrvIsInitialized
                0x20003a60        0x1 ./simplicity_sdk_2025.6.0/platform/emdrv/spidrv/src/spidrv.o
 .bss.pclkDiv   0x20003a61        0x1 ./simplicity_sdk_2025.6.0/platform/emlib/src/em_cmu.o
 .bss.vScaleEM01Config
                0x20003a62        0x1 ./simplicity_sdk_2025.6.0/platform/emlib/src/em_emu.o
 .bss.dali_rx_nb_packets
                0x20003a63        0x4 ./simplicity_sdk_2025.6.0/platform/emlib/src/em_eusart.o
 .bss.dali_tx_nb_packets
                0x20003a67        0x4 ./simplicity_sdk_2025.6.0/platform/emlib/src/em_eusart.o
 .bss.is_interrupt_manager_initialized
                0x20003a6b        0x1 ./simplicity_sdk_2025.6.0/platform/service/interrupt_manager/src/sl_interrupt_manager_cortexm.o
 .bss.null_byte
                0x20003a6c        0x1 ./simplicity_sdk_2025.6.0/platform/service/iostream/src/sl_iostream_uart.o
 .bss.sleep_on_isr_exit
                0x20003a6d        0x1 ./simplicity_sdk_2025.6.0/platform/service/sleeptimer/src/sl_sleeptimer.o
 .bss.next_timer_to_expire_is_power_manager
                0x20003a6e        0x1 ./simplicity_sdk_2025.6.0/platform/service/sleeptimer/src/sl_sleeptimer.o
 .bss.is_sleeptimer_initialized
                0x20003a6f        0x1 ./simplicity_sdk_2025.6.0/platform/service/sleeptimer/src/sl_sleeptimer.o
 .bss.__lock___malloc_recursive_mutex
                0x20003a70        0x1 c:/siliconlabs/simplicitystudio/v5/developer/toolchains/gnu_arm/12.2.rel1_2023.7/bin/../lib/gcc/arm-none-eabi/12.2.1/thumb/v8-m.main+fp/hard\libc_nano.a(libc_a-lock.o)
                0x20003a70                __lock___malloc_recursive_mutex
 .bss.__lock___sfp_recursive_mutex
                0x20003a71        0x1 c:/siliconlabs/simplicitystudio/v5/developer/toolchains/gnu_arm/12.2.rel1_2023.7/bin/../lib/gcc/arm-none-eabi/12.2.1/thumb/v8-m.main+fp/hard\libc_nano.a(libc_a-lock.o)
                0x20003a71                __lock___sfp_recursive_mutex
 *(COMMON)
                0x20003a74                . = ALIGN (0x4)
 *fill*         0x20003a72        0x2 
                0x20003a74                __bss_end__ = .

.noinit         0x20003a74        0x0
 *(.noinit*)
                0x20003a74                . = ALIGN (0x4)

text_application_ram
                0x20003a74        0x0 load address 0x080001b4
                0x20003a74                . = ALIGN (0x4)
                0x20003a74                __vma_ramfuncs_start__ = .
                0x20003a74                __text_application_ram_start__ = .
 *(text_application_ram)
                0x20003a74                . = ALIGN (0x4)
                0x20003a74                __vma_ramfuncs_end__ = .
                0x20003a74                __text_application_ram_end__ = .

.rodata         0x080001b4        0x0
                0x080001b4                __lma_ramfuncs_end__ = .
                0x080001b4                __rodata_start__ = .
                0x080001b4                __rodata_end__ = .

.text           0x080001c0     0x9900
                0x080001c0                linker_code_begin = .
 *(SORT_BY_ALIGNMENT(.text*))
 .text          0x080001c0        0x8 ./simplicity_sdk_2025.6.0/platform/service/udelay/src/sl_udelay_armv6m_gcc.o
                0x080001c0                sli_delay_loop
 .text.deregister_tm_clones
                0x080001c8       0x1c c:/siliconlabs/simplicitystudio/v5/developer/toolchains/gnu_arm/12.2.rel1_2023.7/bin/../lib/gcc/arm-none-eabi/12.2.1/thumb/v8-m.main+fp/hard/crtbegin.o
 .text.register_tm_clones
                0x080001e4       0x28 c:/siliconlabs/simplicitystudio/v5/developer/toolchains/gnu_arm/12.2.rel1_2023.7/bin/../lib/gcc/arm-none-eabi/12.2.1/thumb/v8-m.main+fp/hard/crtbegin.o
 .text.__do_global_dtors_aux
                0x0800020c       0x28 c:/siliconlabs/simplicitystudio/v5/developer/toolchains/gnu_arm/12.2.rel1_2023.7/bin/../lib/gcc/arm-none-eabi/12.2.1/thumb/v8-m.main+fp/hard/crtbegin.o
 .text.frame_dummy
                0x08000234       0x24 c:/siliconlabs/simplicitystudio/v5/developer/toolchains/gnu_arm/12.2.rel1_2023.7/bin/../lib/gcc/arm-none-eabi/12.2.1/thumb/v8-m.main+fp/hard/crtbegin.o
 .text          0x08000258       0x7c c:/siliconlabs/simplicitystudio/v5/developer/toolchains/gnu_arm/12.2.rel1_2023.7/bin/../lib/gcc/arm-none-eabi/12.2.1/thumb/v8-m.main+fp/hard/crt0.o
                0x08000258                _stack_init
                0x08000260                _start
                0x08000260                _mainCRTStartup
 .text.app_iostream_usart_init
                0x080002d4      0x244 ./app_iostream_usart.o
                0x080002d4                app_iostream_usart_init
 .text.app_iostream_usart_process_action
                0x08000518      0x1b4 ./app_iostream_usart.o
                0x08000518                app_iostream_usart_process_action
 .text.arducam_set_setting
                0x080006cc       0x14 ./arducam/arducam.o
                0x080006cc                arducam_set_setting
 .text.arducam_poll
                0x080006e0       0xe0 ./arducam/arducam.o
                0x080006e0                arducam_poll
 .text.arducam_start_capture
                0x080007c0       0x4c ./arducam/arducam.o
                0x080007c0                arducam_start_capture
 .text.arducam_get_next_image
                0x0800080c       0xd4 ./arducam/arducam.o
                0x0800080c                arducam_get_next_image
 .text.arducam_release_image
                0x080008e0       0x54 ./arducam/arducam.o
                0x080008e0                arducam_release_image
 .text.arducam_calculate_image_size
                0x08000934       0x18 ./arducam/arducam.o
                0x08000934                arducam_calculate_image_size
 .text.arducam_init
                0x0800094c       0x74 ./arducam/arducam.o
                0x0800094c                arducam_init
 .text.do_i2c_transfer.constprop.0
                0x080009c0       0x34 ./arducam/drivers/m2mp/arducam_m_2mp_driver.o
 .text.GPIO_PinOutSet.constprop.0
                0x080009f4       0x2c ./arducam/drivers/m2mp/arducam_m_2mp_driver.o
 .text.on_dma_rx_complete_irq_handler
                0x08000a20       0xec ./arducam/drivers/m2mp/arducam_m_2mp_driver.o
 .text.GPIO_PinOutClear.constprop.0
                0x08000b0c       0x2c ./arducam/drivers/m2mp/arducam_m_2mp_driver.o
 .text.arducam_driver_i2c_write_reg
                0x08000b38       0x28 ./arducam/drivers/m2mp/arducam_m_2mp_driver.o
                0x08000b38                arducam_driver_i2c_write_reg
 .text.arducam_driver_i2c_read_reg
                0x08000b60       0x30 ./arducam/drivers/m2mp/arducam_m_2mp_driver.o
                0x08000b60                arducam_driver_i2c_read_reg
 .text.arducam_driver_spi_write_reg
                0x08000b90       0x6c ./arducam/drivers/m2mp/arducam_m_2mp_driver.o
                0x08000b90                arducam_driver_spi_write_reg
 .text.arducam_driver_spi_read_reg
                0x08000bfc       0x6c ./arducam/drivers/m2mp/arducam_m_2mp_driver.o
                0x08000bfc                arducam_driver_spi_read_reg
 .text.arducam_driver_init
                0x08000c68      0x1c0 ./arducam/drivers/m2mp/arducam_m_2mp_driver.o
                0x08000c68                arducam_driver_init
 .text.arducam_driver_spi_burst_read
                0x08000e28       0x60 ./arducam/drivers/m2mp/arducam_m_2mp_driver.o
                0x08000e28                arducam_driver_spi_burst_read
 .text.set_format
                0x08000e88       0x38 ./arducam/drivers/m2mp/ov2640.o
 .text.set_framesize
                0x08000ec0       0xcc ./arducam/drivers/m2mp/ov2640.o
 .text.ov2640_init
                0x08000f8c       0xf0 ./arducam/drivers/m2mp/ov2640.o
                0x08000f8c                ov2640_init
 .text.ov2640_set_setting
                0x0800107c      0x1d4 ./arducam/drivers/m2mp/ov2640.o
                0x0800107c                ov2640_set_setting
 .text.sl_i2cspm_init_instances
                0x08001250       0x1c ./autogen/sl_i2cspm_init.o
                0x08001250                sl_i2cspm_init_instances
 .text.sl_iostream_set_console_instance
                0x0800126c       0x24 ./autogen/sl_iostream_handles.o
                0x0800126c                sl_iostream_set_console_instance
 .text.sl_iostream_eusart_init_vcom
                0x08001290       0xa8 ./autogen/sl_iostream_init_eusart_instances.o
                0x08001290                sl_iostream_eusart_init_vcom
 .text.EUSART0_RX_IRQHandler
                0x08001338        0xc ./autogen/sl_iostream_init_eusart_instances.o
                0x08001338                EUSART0_RX_IRQHandler
 .text.sl_spidrv_init_instances
                0x08001344       0x14 ./autogen/sl_spidrv_init.o
                0x08001344                sl_spidrv_init_instances
 .text.sl_board_init
                0x08001358       0x18 ./simplicity_sdk_2025.6.0/hardware/board/src/sl_board_init.o
                0x08001358                sl_board_init
 .text.sl_board_preinit
                0x08001370        0xc ./simplicity_sdk_2025.6.0/hardware/board/src/sl_board_init.o
                0x08001370                sl_board_preinit
 .text.sl_mx25_flash_shutdown
                0x0800137c      0x174 ./simplicity_sdk_2025.6.0/hardware/driver/mx25_flash_shutdown/src/sl_mx25_flash_shutdown_eusart/sl_mx25_flash_shutdown.o
                0x0800137c                sl_mx25_flash_shutdown
 .text.CopyToRam
                0x080014f0       0x1c ./simplicity_sdk_2025.6.0/platform/Device/SiliconLabs/EFR32MG26/Source/startup_efr32mg26.o
                0x080014f0                CopyToRam
 .text.Reset_Handler
                0x0800150c       0x6c ./simplicity_sdk_2025.6.0/platform/Device/SiliconLabs/EFR32MG26/Source/startup_efr32mg26.o
                0x0800150c                Reset_Handler
 .text.SystemInit
                0x08001578       0x68 ./simplicity_sdk_2025.6.0/platform/Device/SiliconLabs/EFR32MG26/Source/system_efr32mg26.o
                0x08001578                SystemInit
 .text.SystemHFRCODPLLClockSet
                0x080015e0        0xc ./simplicity_sdk_2025.6.0/platform/Device/SiliconLabs/EFR32MG26/Source/system_efr32mg26.o
                0x080015e0                SystemHFRCODPLLClockSet
 .text.SystemHFXOClockSet
                0x080015ec       0x20 ./simplicity_sdk_2025.6.0/platform/Device/SiliconLabs/EFR32MG26/Source/system_efr32mg26.o
                0x080015ec                SystemHFXOClockSet
 .text.sl_slist_push_back
                0x0800160c       0x24 ./simplicity_sdk_2025.6.0/platform/common/src/sl_slist.o
                0x0800160c                sl_slist_push_back
 .text.sl_slist_pop
                0x08001630       0x20 ./simplicity_sdk_2025.6.0/platform/common/src/sl_slist.o
                0x08001630                sl_slist_pop
 .text.sl_debug_swo_init
                0x08001650       0xcc ./simplicity_sdk_2025.6.0/platform/driver/debug/src/sl_debug_swo.o
                0x08001650                sl_debug_swo_init
 .text.sl_debug_swo_write_u8
                0x0800171c       0x44 ./simplicity_sdk_2025.6.0/platform/driver/debug/src/sl_debug_swo.o
                0x0800171c                sl_debug_swo_write_u8
 .text.sl_gpio_dispatch_interrupt
                0x08001760       0x5c ./simplicity_sdk_2025.6.0/platform/driver/gpio/src/sl_gpio.o
 .text.sl_gpio_init
                0x080017bc       0x38 ./simplicity_sdk_2025.6.0/platform/driver/gpio/src/sl_gpio.o
                0x080017bc                sl_gpio_init
 .text.sl_gpio_set_pin_mode
                0x080017f4       0x88 ./simplicity_sdk_2025.6.0/platform/driver/gpio/src/sl_gpio.o
                0x080017f4                sl_gpio_set_pin_mode
 .text.sl_gpio_set_pin
                0x0800187c       0x60 ./simplicity_sdk_2025.6.0/platform/driver/gpio/src/sl_gpio.o
                0x0800187c                sl_gpio_set_pin
 .text.sl_gpio_clear_pin
                0x080018dc       0x64 ./simplicity_sdk_2025.6.0/platform/driver/gpio/src/sl_gpio.o
                0x080018dc                sl_gpio_clear_pin
 .text.GPIO_EVEN_IRQHandler
                0x08001940       0x20 ./simplicity_sdk_2025.6.0/platform/driver/gpio/src/sl_gpio.o
                0x08001940                GPIO_EVEN_IRQHandler
 .text.GPIO_ODD_IRQHandler
                0x08001960       0x20 ./simplicity_sdk_2025.6.0/platform/driver/gpio/src/sl_gpio.o
                0x08001960                GPIO_ODD_IRQHandler
 .text.I2CSPM_Init
                0x08001980       0xf0 ./simplicity_sdk_2025.6.0/platform/driver/i2cspm/src/sl_i2cspm.o
                0x08001980                I2CSPM_Init
 .text.StartTransfer
                0x08001a70      0x17c ./simplicity_sdk_2025.6.0/platform/emdrv/dmadrv/src/dmadrv.o
 .text.DMADRV_AllocateChannel
                0x08001bec       0x60 ./simplicity_sdk_2025.6.0/platform/emdrv/dmadrv/src/dmadrv.o
                0x08001bec                DMADRV_AllocateChannel
 .text.DMADRV_DeInit
                0x08001c4c       0x44 ./simplicity_sdk_2025.6.0/platform/emdrv/dmadrv/src/dmadrv.o
                0x08001c4c                DMADRV_DeInit
 .text.DMADRV_FreeChannel
                0x08001c90       0x4c ./simplicity_sdk_2025.6.0/platform/emdrv/dmadrv/src/dmadrv.o
                0x08001c90                DMADRV_FreeChannel
 .text.DMADRV_Init
                0x08001cdc       0x68 ./simplicity_sdk_2025.6.0/platform/emdrv/dmadrv/src/dmadrv.o
                0x08001cdc                DMADRV_Init
 .text.DMADRV_LdmaStartTransfer
                0x08001d44       0x4c ./simplicity_sdk_2025.6.0/platform/emdrv/dmadrv/src/dmadrv.o
                0x08001d44                DMADRV_LdmaStartTransfer
 .text.DMADRV_PauseTransfer
                0x08001d90       0x40 ./simplicity_sdk_2025.6.0/platform/emdrv/dmadrv/src/dmadrv.o
                0x08001d90                DMADRV_PauseTransfer
 .text.DMADRV_ResumeTransfer
                0x08001dd0       0x40 ./simplicity_sdk_2025.6.0/platform/emdrv/dmadrv/src/dmadrv.o
                0x08001dd0                DMADRV_ResumeTransfer
 .text.LDMA_IRQHandler
                0x08001e10       0x74 ./simplicity_sdk_2025.6.0/platform/emdrv/dmadrv/src/dmadrv.o
                0x08001e10                LDMA_IRQHandler
 .text.SPIDRV_Init
                0x08001e84      0x3ec ./simplicity_sdk_2025.6.0/platform/emdrv/spidrv/src/spidrv.o
                0x08001e84                SPIDRV_Init
 .text.EMU_VScaleGet
                0x08002270       0x18 ./simplicity_sdk_2025.6.0/platform/emlib/src/em_cmu.o
 .text.dpllRefClkGet
                0x08002288       0x48 ./simplicity_sdk_2025.6.0/platform/emlib/src/em_cmu.o
 .text.em23GrpaClkGet
                0x080022d0       0x48 ./simplicity_sdk_2025.6.0/platform/emlib/src/em_cmu.o
 .text.em4GrpaClkGet
                0x08002318       0x48 ./simplicity_sdk_2025.6.0/platform/emlib/src/em_cmu.o
 .text.sysrtcClkGet
                0x08002360       0x48 ./simplicity_sdk_2025.6.0/platform/emlib/src/em_cmu.o
 .text.traceClkGet
                0x080023a8       0x54 ./simplicity_sdk_2025.6.0/platform/emlib/src/em_cmu.o
 .text.em01GrpaClkGet
                0x080023fc       0x74 ./simplicity_sdk_2025.6.0/platform/emlib/src/em_cmu.o
 .text.em01GrpcClkGet
                0x08002470       0x70 ./simplicity_sdk_2025.6.0/platform/emlib/src/em_cmu.o
 .text.eusart0ClkGet
                0x080024e0       0x74 ./simplicity_sdk_2025.6.0/platform/emlib/src/em_cmu.o
 .text.iadcClkGet
                0x08002554       0x60 ./simplicity_sdk_2025.6.0/platform/emlib/src/em_cmu.o
 .text.wdog0ClkGet
                0x080025b4       0x64 ./simplicity_sdk_2025.6.0/platform/emlib/src/em_cmu.o
 .text.wdog1ClkGet
                0x08002618       0x64 ./simplicity_sdk_2025.6.0/platform/emlib/src/em_cmu.o
 .text.lcdClkGet
                0x0800267c       0x54 ./simplicity_sdk_2025.6.0/platform/emlib/src/em_cmu.o
 .text.vdac0ClkGet
                0x080026d0       0x70 ./simplicity_sdk_2025.6.0/platform/emlib/src/em_cmu.o
 .text.vdac1ClkGet
                0x08002740       0x70 ./simplicity_sdk_2025.6.0/platform/emlib/src/em_cmu.o
 .text.pcnt0ClkGet
                0x080027b0       0x4c ./simplicity_sdk_2025.6.0/platform/emlib/src/em_cmu.o
 .text.HFRCODPLLDevinfoGet
                0x080027fc      0x108 ./simplicity_sdk_2025.6.0/platform/emlib/src/em_cmu.o
 .text.CMU_ClockDivGet
                0x08002904       0x78 ./simplicity_sdk_2025.6.0/platform/emlib/src/em_cmu.o
                0x08002904                CMU_ClockDivGet
 .text.flashWaitStateControl
                0x0800297c       0x58 ./simplicity_sdk_2025.6.0/platform/emlib/src/em_cmu.o
 .text.CMU_ClockEnable
                0x080029d4       0x4c ./simplicity_sdk_2025.6.0/platform/emlib/src/em_cmu.o
                0x080029d4                CMU_ClockEnable
 .text.CMU_ClockFreqGet
                0x08002a20      0x288 ./simplicity_sdk_2025.6.0/platform/emlib/src/em_cmu.o
                0x08002a20                CMU_ClockFreqGet
 .text.rhclkPrescOptimize
                0x08002ca8       0x20 ./simplicity_sdk_2025.6.0/platform/emlib/src/em_cmu.o
 .text.CMU_ClockSelectGet
                0x08002cc8      0x27c ./simplicity_sdk_2025.6.0/platform/emlib/src/em_cmu.o
                0x08002cc8                CMU_ClockSelectGet
 .text.sli_em_cmu_SYSTICEXTCLKENClear
                0x08002f44       0x30 ./simplicity_sdk_2025.6.0/platform/emlib/src/em_cmu.o
                0x08002f44                sli_em_cmu_SYSTICEXTCLKENClear
 .text.CMU_HFXOInit
                0x08002f74      0x224 ./simplicity_sdk_2025.6.0/platform/emlib/src/em_cmu.o
                0x08002f74                CMU_HFXOInit
 .text.CMU_HFXOCTuneDeltaGet
                0x08003198        0xc ./simplicity_sdk_2025.6.0/platform/emlib/src/em_cmu.o
                0x08003198                CMU_HFXOCTuneDeltaGet
 .text.CMU_LFXOInit
                0x080031a4       0xc4 ./simplicity_sdk_2025.6.0/platform/emlib/src/em_cmu.o
                0x080031a4                CMU_LFXOInit
 .text.CMU_LFXOPrecisionSet
                0x08003268        0xc ./simplicity_sdk_2025.6.0/platform/emlib/src/em_cmu.o
                0x08003268                CMU_LFXOPrecisionSet
 .text.CMU_HFXOPrecisionSet
                0x08003274        0xc ./simplicity_sdk_2025.6.0/platform/emlib/src/em_cmu.o
                0x08003274                CMU_HFXOPrecisionSet
 .text.CMU_LFRCOSetPrecision
                0x08003280       0x80 ./simplicity_sdk_2025.6.0/platform/emlib/src/em_cmu.o
                0x08003280                CMU_LFRCOSetPrecision
 .text.CMU_ClockDivSet
                0x08003300      0x12c ./simplicity_sdk_2025.6.0/platform/emlib/src/em_cmu.o
                0x08003300                CMU_ClockDivSet
 .text.sli_em_cmu_SYSCLKInitPreClockSelect
                0x0800342c       0x30 ./simplicity_sdk_2025.6.0/platform/emlib/src/em_cmu.o
                0x0800342c                sli_em_cmu_SYSCLKInitPreClockSelect
 .text.pclkDivOptimize
                0x0800345c       0x24 ./simplicity_sdk_2025.6.0/platform/emlib/src/em_cmu.o
 .text.sli_em_cmu_SYSCLKInitPostClockSelect
                0x08003480       0x40 ./simplicity_sdk_2025.6.0/platform/emlib/src/em_cmu.o
                0x08003480                sli_em_cmu_SYSCLKInitPostClockSelect
 .text.CMU_HFRCODPLLBandSet
                0x080034c0      0x11c ./simplicity_sdk_2025.6.0/platform/emlib/src/em_cmu.o
                0x080034c0                CMU_HFRCODPLLBandSet
 .text.CMU_HFRCOEM23BandSet
                0x080035dc      0x168 ./simplicity_sdk_2025.6.0/platform/emlib/src/em_cmu.o
                0x080035dc                CMU_HFRCOEM23BandSet
 .text.EMU_DCDCSync
                0x08003744       0x10 ./simplicity_sdk_2025.6.0/platform/emlib/src/em_emu.o
 .text.EMU_EM4Init
                0x08003754       0x14 ./simplicity_sdk_2025.6.0/platform/emlib/src/em_emu.o
                0x08003754                EMU_EM4Init
 .text.EMU_VScaleEM01
                0x08003768       0xa8 ./simplicity_sdk_2025.6.0/platform/emlib/src/em_emu.o
                0x08003768                EMU_VScaleEM01
 .text.EMU_VScaleEM01ByClock
                0x08003810       0x30 ./simplicity_sdk_2025.6.0/platform/emlib/src/em_emu.o
                0x08003810                EMU_VScaleEM01ByClock
 .text.EMU_DCDCModeSet
                0x08003840       0xac ./simplicity_sdk_2025.6.0/platform/emlib/src/em_emu.o
                0x08003840                EMU_DCDCModeSet
 .text.EMU_DCDCInit
                0x080038ec       0x70 ./simplicity_sdk_2025.6.0/platform/emlib/src/em_emu.o
                0x080038ec                EMU_DCDCInit
 .text.EMU_DCDCSetPFMXModePeakCurrent
                0x0800395c       0x6c ./simplicity_sdk_2025.6.0/platform/emlib/src/em_emu.o
                0x0800395c                EMU_DCDCSetPFMXModePeakCurrent
 .text.EUSART_ClockGet
                0x080039c8       0x48 ./simplicity_sdk_2025.6.0/platform/emlib/src/em_eusart.o
 .text.EUSART_Reset
                0x08003a10       0x54 ./simplicity_sdk_2025.6.0/platform/emlib/src/em_eusart.o
                0x08003a10                EUSART_Reset
 .text.EUSART_Enable
                0x08003a64       0x7c ./simplicity_sdk_2025.6.0/platform/emlib/src/em_eusart.o
                0x08003a64                EUSART_Enable
 .text.EUSART_BaudrateSet
                0x08003ae0      0x1c8 ./simplicity_sdk_2025.6.0/platform/emlib/src/em_eusart.o
                0x08003ae0                EUSART_BaudrateSet
 .text.EUSART_AsyncInitCommon
                0x08003ca8      0x2c4 ./simplicity_sdk_2025.6.0/platform/emlib/src/em_eusart.o
 .text.EUSART_UartInitHf
                0x08003f6c       0x6c ./simplicity_sdk_2025.6.0/platform/emlib/src/em_eusart.o
                0x08003f6c                EUSART_UartInitHf
 .text.EUSART_UartInitLf
                0x08003fd8       0xb8 ./simplicity_sdk_2025.6.0/platform/emlib/src/em_eusart.o
                0x08003fd8                EUSART_UartInitLf
 .text.EUSART_SpiInit
                0x08004090      0x284 ./simplicity_sdk_2025.6.0/platform/emlib/src/em_eusart.o
                0x08004090                EUSART_SpiInit
 .text.GPIO_PinOutSet
                0x08004314       0x3c ./simplicity_sdk_2025.6.0/platform/emlib/src/em_gpio.o
 .text.GPIO_PinOutClear
                0x08004350       0x3c ./simplicity_sdk_2025.6.0/platform/emlib/src/em_gpio.o
 .text.GPIO_PinModeSet
                0x0800438c       0x94 ./simplicity_sdk_2025.6.0/platform/emlib/src/em_gpio.o
                0x0800438c                GPIO_PinModeSet
 .text.I2C_BusFreqSet
                0x08004420      0x118 ./simplicity_sdk_2025.6.0/platform/emlib/src/em_i2c.o
                0x08004420                I2C_BusFreqSet
 .text.I2C_Enable
                0x08004538       0x48 ./simplicity_sdk_2025.6.0/platform/emlib/src/em_i2c.o
                0x08004538                I2C_Enable
 .text.I2C_Init
                0x08004580       0x74 ./simplicity_sdk_2025.6.0/platform/emlib/src/em_i2c.o
                0x08004580                I2C_Init
 .text.I2C_Transfer
                0x080045f4      0x244 ./simplicity_sdk_2025.6.0/platform/emlib/src/em_i2c.o
                0x080045f4                I2C_Transfer
 .text.I2C_TransferInit
                0x08004838       0xf4 ./simplicity_sdk_2025.6.0/platform/emlib/src/em_i2c.o
                0x08004838                I2C_TransferInit
 .text.LDMA_DeInit
                0x0800492c       0x2c ./simplicity_sdk_2025.6.0/platform/emlib/src/em_ldma.o
                0x0800492c                LDMA_DeInit
 .text.LDMA_EnableChannelRequest
                0x08004958       0x40 ./simplicity_sdk_2025.6.0/platform/emlib/src/em_ldma.o
                0x08004958                LDMA_EnableChannelRequest
 .text.LDMA_Init
                0x08004998       0x90 ./simplicity_sdk_2025.6.0/platform/emlib/src/em_ldma.o
                0x08004998                LDMA_Init
 .text.LDMA_StartTransfer
                0x08004a28       0xf8 ./simplicity_sdk_2025.6.0/platform/emlib/src/em_ldma.o
                0x08004a28                LDMA_StartTransfer
 .text.LDMA_StopTransfer
                0x08004b20       0x38 ./simplicity_sdk_2025.6.0/platform/emlib/src/em_ldma.o
                0x08004b20                LDMA_StopTransfer
 .text.LDMA_TransferDone
                0x08004b58       0x44 ./simplicity_sdk_2025.6.0/platform/emlib/src/em_ldma.o
                0x08004b58                LDMA_TransferDone
 .text.LDMA_TransferRemainingCount
                0x08004b9c       0x44 ./simplicity_sdk_2025.6.0/platform/emlib/src/em_ldma.o
                0x08004b9c                LDMA_TransferRemainingCount
 .text.prsRxInput
                0x08004be0       0x44 ./simplicity_sdk_2025.6.0/platform/emlib/src/em_usart.o
 .text.USART_BaudrateSyncSet
                0x08004c24       0x48 ./simplicity_sdk_2025.6.0/platform/emlib/src/em_usart.o
                0x08004c24                USART_BaudrateSyncSet
 .text.USART_Enable
                0x08004c6c       0x4c ./simplicity_sdk_2025.6.0/platform/emlib/src/em_usart.o
                0x08004c6c                USART_Enable
 .text.USART_Reset
                0x08004cb8       0x80 ./simplicity_sdk_2025.6.0/platform/emlib/src/em_usart.o
                0x08004cb8                USART_Reset
 .text.USART_InitSync
                0x08004d38       0xb0 ./simplicity_sdk_2025.6.0/platform/emlib/src/em_usart.o
                0x08004d38                USART_InitSync
 .text.sl_hal_gpio_clear_pin
                0x08004de8       0x5c ./simplicity_sdk_2025.6.0/platform/peripheral/src/sl_hal_gpio.o
                0x08004de8                sl_hal_gpio_clear_pin
 .text.sl_hal_gpio_get_enabled_pending_interrupts
                0x08004e44       0x14 ./simplicity_sdk_2025.6.0/platform/peripheral/src/sl_hal_gpio.o
                0x08004e44                sl_hal_gpio_get_enabled_pending_interrupts
 .text.sl_hal_gpio_set_pin_mode
                0x08004e58       0xd8 ./simplicity_sdk_2025.6.0/platform/peripheral/src/sl_hal_gpio.o
                0x08004e58                sl_hal_gpio_set_pin_mode
 .text.sl_hal_sysrtc_wait_ready
                0x08004f30       0x1c ./simplicity_sdk_2025.6.0/platform/peripheral/src/sl_hal_sysrtc.o
                0x08004f30                sl_hal_sysrtc_wait_ready
 .text.sl_hal_sysrtc_stop
                0x08004f4c       0x28 ./simplicity_sdk_2025.6.0/platform/peripheral/src/sl_hal_sysrtc.o
                0x08004f4c                sl_hal_sysrtc_stop
 .text.sl_hal_sysrtc_enable
                0x08004f74       0x18 ./simplicity_sdk_2025.6.0/platform/peripheral/src/sl_hal_sysrtc.o
                0x08004f74                sl_hal_sysrtc_enable
 .text.sl_hal_sysrtc_disable
                0x08004f8c       0x1c ./simplicity_sdk_2025.6.0/platform/peripheral/src/sl_hal_sysrtc.o
                0x08004f8c                sl_hal_sysrtc_disable
 .text.sl_hal_sysrtc_init
                0x08004fa8       0x24 ./simplicity_sdk_2025.6.0/platform/peripheral/src/sl_hal_sysrtc.o
                0x08004fa8                sl_hal_sysrtc_init
 .text.sl_hal_sysrtc_init_group
                0x08004fcc       0x44 ./simplicity_sdk_2025.6.0/platform/peripheral/src/sl_hal_sysrtc.o
                0x08004fcc                sl_hal_sysrtc_init_group
 .text.sli_clock_manager_hal_init
                0x08005010      0x27c ./simplicity_sdk_2025.6.0/platform/service/clock_manager/src/sl_clock_manager_init_hal_s2.o
                0x08005010                sli_clock_manager_hal_init
 .text.sl_device_init_dcdc
                0x0800528c       0x2c ./simplicity_sdk_2025.6.0/platform/service/device_init/src/sl_device_init_dcdc_s2.o
                0x0800528c                sl_device_init_dcdc
 .text.sl_device_init_emu
                0x080052b8       0x24 ./simplicity_sdk_2025.6.0/platform/service/device_init/src/sl_device_init_emu_s2.o
                0x080052b8                sl_device_init_emu
 .text.sl_interrupt_manager_disable_irq
                0x080052dc       0x3c ./simplicity_sdk_2025.6.0/platform/service/interrupt_manager/src/sl_interrupt_manager_cortexm.o
                0x080052dc                sl_interrupt_manager_disable_irq
 .text.sl_interrupt_manager_enable_irq
                0x08005318       0x34 ./simplicity_sdk_2025.6.0/platform/service/interrupt_manager/src/sl_interrupt_manager_cortexm.o
                0x08005318                sl_interrupt_manager_enable_irq
 .text.sl_interrupt_manager_is_irq_disabled
                0x0800534c       0x30 ./simplicity_sdk_2025.6.0/platform/service/interrupt_manager/src/sl_interrupt_manager_cortexm.o
                0x0800534c                sl_interrupt_manager_is_irq_disabled
 .text.sl_interrupt_manager_clear_irq_pending
                0x0800537c       0x1c ./simplicity_sdk_2025.6.0/platform/service/interrupt_manager/src/sl_interrupt_manager_cortexm.o
                0x0800537c                sl_interrupt_manager_clear_irq_pending
 .text.sl_interrupt_manager_set_irq_priority
                0x08005398       0x54 ./simplicity_sdk_2025.6.0/platform/service/interrupt_manager/src/sl_interrupt_manager_cortexm.o
                0x08005398                sl_interrupt_manager_set_irq_priority
 .text.sl_interrupt_manager_init
                0x080053ec       0x34 ./simplicity_sdk_2025.6.0/platform/service/interrupt_manager/src/sl_interrupt_manager_cortexm.o
                0x080053ec                sl_interrupt_manager_init
 .text.sl_iostream_set_default
                0x08005420       0x18 ./simplicity_sdk_2025.6.0/platform/service/iostream/src/sl_iostream.o
                0x08005420                sl_iostream_set_default
 .text.sl_iostream_get_default
                0x08005438       0x18 ./simplicity_sdk_2025.6.0/platform/service/iostream/src/sl_iostream.o
                0x08005438                sl_iostream_get_default
 .text.sl_iostream_eusart_init
                0x08005450      0x24c ./simplicity_sdk_2025.6.0/platform/service/iostream/src/sl_iostream_eusart.o
                0x08005450                sl_iostream_eusart_init
 .text.sl_iostream_eusart_irq_handler
                0x0800569c       0x10 ./simplicity_sdk_2025.6.0/platform/service/iostream/src/sl_iostream_eusart.o
                0x0800569c                sl_iostream_eusart_irq_handler
 .text._write   0x080056ac       0x20 ./simplicity_sdk_2025.6.0/platform/service/iostream/src/sl_iostream_retarget_stdio.o
                0x080056ac                _write
 .text.__rx_buffer_empty
                0x080056cc       0x34 ./simplicity_sdk_2025.6.0/platform/service/iostream/src/sl_iostream_uart.o
 .text.__rx_buffer_full
                0x08005700       0x4c ./simplicity_sdk_2025.6.0/platform/service/iostream/src/sl_iostream_uart.o
 .text.__get_write_ptr
                0x0800574c       0x60 ./simplicity_sdk_2025.6.0/platform/service/iostream/src/sl_iostream_uart.o
 .text.__uart_async_start_write
                0x080057ac       0x74 ./simplicity_sdk_2025.6.0/platform/service/iostream/src/sl_iostream_uart.o
 .text.set_new_data_detect
                0x08005820      0x174 ./simplicity_sdk_2025.6.0/platform/service/iostream/src/sl_iostream_uart.o
 .text.__uart_async_tx_dma_callback
                0x08005994       0x40 ./simplicity_sdk_2025.6.0/platform/service/iostream/src/sl_iostream_uart.o
 .text.rx_buffer_empty
                0x080059d4       0x38 ./simplicity_sdk_2025.6.0/platform/service/iostream/src/sl_iostream_uart.o
 .text.uart_read
                0x08005a0c      0x2cc ./simplicity_sdk_2025.6.0/platform/service/iostream/src/sl_iostream_uart.o
 .text.uart_write
                0x08005cd8      0x124 ./simplicity_sdk_2025.6.0/platform/service/iostream/src/sl_iostream_uart.o
 .text.sli_iostream_uart_context_init
                0x08005dfc      0x150 ./simplicity_sdk_2025.6.0/platform/service/iostream/src/sl_iostream_uart.o
                0x08005dfc                sli_iostream_uart_context_init
 .text.uart_deinit
                0x08005f4c       0x9c ./simplicity_sdk_2025.6.0/platform/service/iostream/src/sl_iostream_uart.o
 .text._sbrk    0x08005fe8       0x20 ./simplicity_sdk_2025.6.0/platform/service/memory_manager/src/sl_memory_manager_region.o
                0x08005fe8                _sbrk
 .text.sl_sleeptimer_init
                0x08006008       0x74 ./simplicity_sdk_2025.6.0/platform/service/sleeptimer/src/sl_sleeptimer.o
                0x08006008                sl_sleeptimer_init
 .text.sl_sleeptimer_delay_millisecond
                0x0800607c       0x38 ./simplicity_sdk_2025.6.0/platform/service/sleeptimer/src/sl_sleeptimer.o
                0x0800607c                sl_sleeptimer_delay_millisecond
 .text.sleeptimer_hal_init_timer
                0x080060b4       0x6c ./simplicity_sdk_2025.6.0/platform/service/sleeptimer/src/sl_sleeptimer_hal_sysrtc.o
                0x080060b4                sleeptimer_hal_init_timer
 .text.sl_udelay_wait
                0x08006120       0x58 ./simplicity_sdk_2025.6.0/platform/service/udelay/src/sl_udelay.o
                0x08006120                sl_udelay_wait
 .text          0x08006178       0x30 c:/siliconlabs/simplicitystudio/v5/developer/toolchains/gnu_arm/12.2.rel1_2023.7/bin/../lib/gcc/arm-none-eabi/12.2.1/thumb/v8-m.main+fp/hard\libgcc.a(_aeabi_uldivmod.o)
                0x08006178                __aeabi_uldivmod
 .text.__udivmoddi4
                0x080061a8      0x2ec c:/siliconlabs/simplicitystudio/v5/developer/toolchains/gnu_arm/12.2.rel1_2023.7/bin/../lib/gcc/arm-none-eabi/12.2.1/thumb/v8-m.main+fp/hard\libgcc.a(_udivmoddi4.o)
                0x080061a8                __udivmoddi4
 .text          0x08006494        0x4 c:/siliconlabs/simplicitystudio/v5/developer/toolchains/gnu_arm/12.2.rel1_2023.7/bin/../lib/gcc/arm-none-eabi/12.2.1/thumb/v8-m.main+fp/hard\libgcc.a(_dvmd_tls.o)
                0x08006494                __aeabi_idiv0
                0x08006494                __aeabi_ldiv0
 .text.exit     0x08006498       0x24 c:/siliconlabs/simplicitystudio/v5/developer/toolchains/gnu_arm/12.2.rel1_2023.7/bin/../lib/gcc/arm-none-eabi/12.2.1/thumb/v8-m.main+fp/hard\libc_nano.a(libc_a-exit.o)
                0x08006498                exit
 .text.std      0x080064bc       0x6c c:/siliconlabs/simplicitystudio/v5/developer/toolchains/gnu_arm/12.2.rel1_2023.7/bin/../lib/gcc/arm-none-eabi/12.2.1/thumb/v8-m.main+fp/hard\libc_nano.a(libc_a-findfp.o)
 .text.stdio_exit_handler
                0x08006528       0x18 c:/siliconlabs/simplicitystudio/v5/developer/toolchains/gnu_arm/12.2.rel1_2023.7/bin/../lib/gcc/arm-none-eabi/12.2.1/thumb/v8-m.main+fp/hard\libc_nano.a(libc_a-findfp.o)
 .text.cleanup_stdio
                0x08006540       0x40 c:/siliconlabs/simplicitystudio/v5/developer/toolchains/gnu_arm/12.2.rel1_2023.7/bin/../lib/gcc/arm-none-eabi/12.2.1/thumb/v8-m.main+fp/hard\libc_nano.a(libc_a-findfp.o)
 .text.global_stdio_init.part.0
                0x08006580       0x3c c:/siliconlabs/simplicitystudio/v5/developer/toolchains/gnu_arm/12.2.rel1_2023.7/bin/../lib/gcc/arm-none-eabi/12.2.1/thumb/v8-m.main+fp/hard\libc_nano.a(libc_a-findfp.o)
 .text.__sfp_lock_acquire
                0x080065bc        0xc c:/siliconlabs/simplicitystudio/v5/developer/toolchains/gnu_arm/12.2.rel1_2023.7/bin/../lib/gcc/arm-none-eabi/12.2.1/thumb/v8-m.main+fp/hard\libc_nano.a(libc_a-findfp.o)
                0x080065bc                __sfp_lock_acquire
 .text.__sfp_lock_release
                0x080065c8        0xc c:/siliconlabs/simplicitystudio/v5/developer/toolchains/gnu_arm/12.2.rel1_2023.7/bin/../lib/gcc/arm-none-eabi/12.2.1/thumb/v8-m.main+fp/hard\libc_nano.a(libc_a-findfp.o)
                0x080065c8                __sfp_lock_release
 .text.__sinit  0x080065d4       0x30 c:/siliconlabs/simplicitystudio/v5/developer/toolchains/gnu_arm/12.2.rel1_2023.7/bin/../lib/gcc/arm-none-eabi/12.2.1/thumb/v8-m.main+fp/hard\libc_nano.a(libc_a-findfp.o)
                0x080065d4                __sinit
 .text.printf   0x08006604       0x24 c:/siliconlabs/simplicitystudio/v5/developer/toolchains/gnu_arm/12.2.rel1_2023.7/bin/../lib/gcc/arm-none-eabi/12.2.1/thumb/v8-m.main+fp/hard\libc_nano.a(libc_a-printf.o)
                0x08006604                iprintf
                0x08006604                printf
 .text.setvbuf  0x08006628      0x168 c:/siliconlabs/simplicitystudio/v5/developer/toolchains/gnu_arm/12.2.rel1_2023.7/bin/../lib/gcc/arm-none-eabi/12.2.1/thumb/v8-m.main+fp/hard\libc_nano.a(libc_a-setvbuf.o)
                0x08006628                setvbuf
 .text._close_r
                0x08006790       0x20 c:/siliconlabs/simplicitystudio/v5/developer/toolchains/gnu_arm/12.2.rel1_2023.7/bin/../lib/gcc/arm-none-eabi/12.2.1/thumb/v8-m.main+fp/hard\libc_nano.a(libc_a-closer.o)
                0x08006790                _close_r
 .text._lseek_r
                0x080067b0       0x24 c:/siliconlabs/simplicitystudio/v5/developer/toolchains/gnu_arm/12.2.rel1_2023.7/bin/../lib/gcc/arm-none-eabi/12.2.1/thumb/v8-m.main+fp/hard\libc_nano.a(libc_a-lseekr.o)
                0x080067b0                _lseek_r
 .text._read_r  0x080067d4       0x24 c:/siliconlabs/simplicitystudio/v5/developer/toolchains/gnu_arm/12.2.rel1_2023.7/bin/../lib/gcc/arm-none-eabi/12.2.1/thumb/v8-m.main+fp/hard\libc_nano.a(libc_a-readr.o)
                0x080067d4                _read_r
 .text._write_r
                0x080067f8       0x24 c:/siliconlabs/simplicitystudio/v5/developer/toolchains/gnu_arm/12.2.rel1_2023.7/bin/../lib/gcc/arm-none-eabi/12.2.1/thumb/v8-m.main+fp/hard\libc_nano.a(libc_a-writer.o)
                0x080067f8                _write_r
 .text.__libc_init_array
                0x0800681c       0x48 c:/siliconlabs/simplicitystudio/v5/developer/toolchains/gnu_arm/12.2.rel1_2023.7/bin/../lib/gcc/arm-none-eabi/12.2.1/thumb/v8-m.main+fp/hard\libc_nano.a(libc_a-init.o)
                0x0800681c                __libc_init_array
 .text._free_r  0x08006864       0x94 c:/siliconlabs/simplicitystudio/v5/developer/toolchains/gnu_arm/12.2.rel1_2023.7/bin/../lib/gcc/arm-none-eabi/12.2.1/thumb/v8-m.main+fp/hard\libc_nano.a(libc_a-freer.o)
                0x08006864                _free_r
 .text.malloc   0x080068f8       0x10 c:/siliconlabs/simplicitystudio/v5/developer/toolchains/gnu_arm/12.2.rel1_2023.7/bin/../lib/gcc/arm-none-eabi/12.2.1/thumb/v8-m.main+fp/hard\libc_nano.a(libc_a-malloc.o)
                0x080068f8                malloc
 .text.sbrk_aligned
                0x08006908       0x44 c:/siliconlabs/simplicitystudio/v5/developer/toolchains/gnu_arm/12.2.rel1_2023.7/bin/../lib/gcc/arm-none-eabi/12.2.1/thumb/v8-m.main+fp/hard\libc_nano.a(libc_a-mallocr.o)
 .text._malloc_r
                0x0800694c       0xf0 c:/siliconlabs/simplicitystudio/v5/developer/toolchains/gnu_arm/12.2.rel1_2023.7/bin/../lib/gcc/arm-none-eabi/12.2.1/thumb/v8-m.main+fp/hard\libc_nano.a(libc_a-mallocr.o)
                0x0800694c                _malloc_r
 .text.__malloc_lock
                0x08006a3c        0xc c:/siliconlabs/simplicitystudio/v5/developer/toolchains/gnu_arm/12.2.rel1_2023.7/bin/../lib/gcc/arm-none-eabi/12.2.1/thumb/v8-m.main+fp/hard\libc_nano.a(libc_a-mlock.o)
                0x08006a3c                __malloc_lock
 .text.__malloc_unlock
                0x08006a48        0xc c:/siliconlabs/simplicitystudio/v5/developer/toolchains/gnu_arm/12.2.rel1_2023.7/bin/../lib/gcc/arm-none-eabi/12.2.1/thumb/v8-m.main+fp/hard\libc_nano.a(libc_a-mlock.o)
                0x08006a48                __malloc_unlock
 .text._vfprintf_r
                0x08006a54      0x230 c:/siliconlabs/simplicitystudio/v5/developer/toolchains/gnu_arm/12.2.rel1_2023.7/bin/../lib/gcc/arm-none-eabi/12.2.1/thumb/v8-m.main+fp/hard\libc_nano.a(libc_a-nano-vfprintf.o)
                0x08006a54                _vfprintf_r
                0x08006a54                _vfiprintf_r
 .text._printf_i
                0x08006c84      0x258 c:/siliconlabs/simplicitystudio/v5/developer/toolchains/gnu_arm/12.2.rel1_2023.7/bin/../lib/gcc/arm-none-eabi/12.2.1/thumb/v8-m.main+fp/hard\libc_nano.a(libc_a-nano-vfprintf_i.o)
                0x08006c84                _printf_i
 .text.__swsetup_r
                0x08006edc       0xac c:/siliconlabs/simplicitystudio/v5/developer/toolchains/gnu_arm/12.2.rel1_2023.7/bin/../lib/gcc/arm-none-eabi/12.2.1/thumb/v8-m.main+fp/hard\libc_nano.a(libc_a-wsetup.o)
                0x08006edc                __swsetup_r
 .text._fstat_r
                0x08006f88       0x24 c:/siliconlabs/simplicitystudio/v5/developer/toolchains/gnu_arm/12.2.rel1_2023.7/bin/../lib/gcc/arm-none-eabi/12.2.1/thumb/v8-m.main+fp/hard\libc_nano.a(libc_a-fstatr.o)
                0x08006f88                _fstat_r
 .text._isatty_r
                0x08006fac       0x20 c:/siliconlabs/simplicitystudio/v5/developer/toolchains/gnu_arm/12.2.rel1_2023.7/bin/../lib/gcc/arm-none-eabi/12.2.1/thumb/v8-m.main+fp/hard\libc_nano.a(libc_a-isattyr.o)
                0x08006fac                _isatty_r
 .text._sbrk_r  0x08006fcc       0x20 c:/siliconlabs/simplicitystudio/v5/developer/toolchains/gnu_arm/12.2.rel1_2023.7/bin/../lib/gcc/arm-none-eabi/12.2.1/thumb/v8-m.main+fp/hard\libc_nano.a(libc_a-sbrkr.o)
                0x08006fcc                _sbrk_r
 .text.app_init
                0x08006fec        0x4 ./app.o
                0x08006fec                app_init
 .text.app_process_action
                0x08006ff0        0x4 ./app.o
                0x08006ff0                app_process_action
 .text.startup.main
                0x08006ff4       0x14 ./main.o
                0x08006ff4                main
 .text.arducam_calculate_image_buffer_length
                0x08007008       0x22 ./arducam/arducam.o
                0x08007008                arducam_calculate_image_buffer_length
 .text.arducam_driver_i2c_write_regs
                0x0800702a       0x58 ./arducam/drivers/m2mp/arducam_m_2mp_driver.o
                0x0800702a                arducam_driver_i2c_write_regs
 .text.arducam_driver_spi_set_bit
                0x08007082       0x3e ./arducam/drivers/m2mp/arducam_m_2mp_driver.o
                0x08007082                arducam_driver_spi_set_bit
 .text.sl_board_default_init
                0x080070c0        0x2 ./autogen/sl_board_default_init.o
                0x080070c0                sl_board_default_init
 .text.sli_driver_permanent_allocation
                0x080070c2        0x2 ./autogen/sl_event_handler.o
                0x080070c2                sli_driver_permanent_allocation
 .text.sli_service_permanent_allocation
                0x080070c4        0x2 ./autogen/sl_event_handler.o
                0x080070c4                sli_service_permanent_allocation
 .text.sli_stack_permanent_allocation
                0x080070c6        0x2 ./autogen/sl_event_handler.o
                0x080070c6                sli_stack_permanent_allocation
 .text.sli_internal_permanent_allocation
                0x080070c8        0x2 ./autogen/sl_event_handler.o
                0x080070c8                sli_internal_permanent_allocation
 .text.sl_platform_init
                0x080070ca       0x12 ./autogen/sl_event_handler.o
                0x080070ca                sl_platform_init
 .text.sli_internal_init_early
                0x080070dc        0x2 ./autogen/sl_event_handler.o
                0x080070dc                sli_internal_init_early
 .text.sl_driver_init
                0x080070de       0x1a ./autogen/sl_event_handler.o
                0x080070de                sl_driver_init
 .text.sl_service_init
                0x080070f8       0x12 ./autogen/sl_event_handler.o
                0x080070f8                sl_service_init
 .text.sl_stack_init
                0x0800710a        0x2 ./autogen/sl_event_handler.o
                0x0800710a                sl_stack_init
 .text.sl_internal_app_init
                0x0800710c        0x2 ./autogen/sl_event_handler.o
                0x0800710c                sl_internal_app_init
 .text.sli_platform_process_action
                0x0800710e        0x2 ./autogen/sl_event_handler.o
                0x0800710e                sli_platform_process_action
 .text.sli_service_process_action
                0x08007110        0x2 ./autogen/sl_event_handler.o
                0x08007110                sli_service_process_action
 .text.sli_stack_process_action
                0x08007112        0x2 ./autogen/sl_event_handler.o
                0x08007112                sli_stack_process_action
 .text.sli_internal_app_process_action
                0x08007114        0x2 ./autogen/sl_event_handler.o
                0x08007114                sli_internal_app_process_action
 .text.sl_iostream_eusart_init_instances
                0x08007116        0x4 ./autogen/sl_iostream_init_eusart_instances.o
                0x08007116                sl_iostream_eusart_init_instances
 .text.EUSART0_TX_IRQHandler
                0x0800711a        0x4 ./autogen/sl_iostream_init_eusart_instances.o
                0x0800711a                EUSART0_TX_IRQHandler
 .text.sl_board_configure_vcom
                0x0800711e        0x4 ./simplicity_sdk_2025.6.0/hardware/board/src/sl_board_control_gpio.o
                0x0800711e                sl_board_configure_vcom
 .text.sli_cos_swo_itm_8_write.constprop.0.isra.0
                0x08007122       0x78 ./simplicity_sdk_2025.6.0/hardware/driver/configuration_over_swo/src/sl_cos.o
 .text.sl_cos_send_config
                0x0800719a       0x12 ./simplicity_sdk_2025.6.0/hardware/driver/configuration_over_swo/src/sl_cos.o
                0x0800719a                sl_cos_send_config
 .text.sl_cos_config_vcom
                0x080071ac       0x1c ./simplicity_sdk_2025.6.0/hardware/driver/configuration_over_swo/src/sl_cos.o
                0x080071ac                sl_cos_config_vcom
 .text.Default_Handler
                0x080071c8        0x2 ./simplicity_sdk_2025.6.0/platform/Device/SiliconLabs/EFR32MG26/Source/startup_efr32mg26.o
                0x080071c8                ULFRCO_IRQHandler
                0x080071c8                AHB2AHB1_IRQHandler
                0x080071c8                SW2_IRQHandler
                0x080071c8                TIMER2_IRQHandler
                0x080071c8                DebugMon_Handler
                0x080071c8                TIMER5_IRQHandler
                0x080071c8                USART0_TX_IRQHandler
                0x080071c8                IADC_IRQHandler
                0x080071c8                I2C0_IRQHandler
                0x080071c8                LFXO_IRQHandler
                0x080071c8                HardFault_Handler
                0x080071c8                SMU_SECURE_IRQHandler
                0x080071c8                SysTick_Handler
                0x080071c8                SYSRTC_SEQ_IRQHandler
                0x080071c8                USART1_RX_IRQHandler
                0x080071c8                EMUEFP_IRQHandler
                0x080071c8                TIMER7_IRQHandler
                0x080071c8                EUSART2_TX_IRQHandler
                0x080071c8                PendSV_Handler
                0x080071c8                NMI_Handler
                0x080071c8                SYNTH_IRQHandler
                0x080071c8                HOSTMAILBOX_IRQHandler
                0x080071c8                HFXO0_IRQHandler
                0x080071c8                I2C1_IRQHandler
                0x080071c8                EUSART3_TX_IRQHandler
                0x080071c8                WDOG0_IRQHandler
                0x080071c8                TIMER3_IRQHandler
                0x080071c8                SYSCFG_IRQHandler
                0x080071c8                RFECA1_IRQHandler
                0x080071c8                EMUDG_IRQHandler
                0x080071c8                USART1_TX_IRQHandler
                0x080071c8                MSC_IRQHandler
                0x080071c8                DPLL0_IRQHandler
                0x080071c8                TIMER8_IRQHandler
                0x080071c8                UsageFault_Handler
                0x080071c8                WDOG1_IRQHandler
                0x080071c8                M33CTI1_IRQHandler
                0x080071c8                TIMER4_IRQHandler
                0x080071c8                TIMER9_IRQHandler
                0x080071c8                VDAC0_IRQHandler
                0x080071c8                TIMER6_IRQHandler
                0x080071c8                SEMBTX_IRQHandler
                0x080071c8                I2C2_IRQHandler
                0x080071c8                SW0_IRQHandler
                0x080071c8                TIMER0_IRQHandler
                0x080071c8                LCD_IRQHandler
                0x080071c8                MVP_IRQHandler
                0x080071c8                LETIMER0_IRQHandler
                0x080071c8                EUSART1_RX_IRQHandler
                0x080071c8                TIMER1_IRQHandler
                0x080071c8                HFRCO0_IRQHandler
                0x080071c8                SecureFault_Handler
                0x080071c8                BUFC_IRQHandler
                0x080071c8                DCDC_IRQHandler
                0x080071c8                MODEM_IRQHandler
                0x080071c8                USART2_RX_IRQHandler
                0x080071c8                Default_Handler
                0x080071c8                RAC_SEQ_IRQHandler
                0x080071c8                FRC_PRI_IRQHandler
                0x080071c8                EMU_IRQHandler
                0x080071c8                SW3_IRQHandler
                0x080071c8                KERNEL0_IRQHandler
                0x080071c8                FRC_IRQHandler
                0x080071c8                PCNT0_IRQHandler
                0x080071c8                KERNEL1_IRQHandler
                0x080071c8                AGC_IRQHandler
                0x080071c8                EUSART1_TX_IRQHandler
                0x080071c8                KEYSCAN_IRQHandler
                0x080071c8                sl_app_properties
                0x080071c8                HFRCOEM23_IRQHandler
                0x080071c8                BURTC_IRQHandler
                0x080071c8                SEMBRX_IRQHandler
                0x080071c8                RFECA0_IRQHandler
                0x080071c8                LFRCO_IRQHandler
                0x080071c8                I2C3_IRQHandler
                0x080071c8                VDAC1_IRQHandler
                0x080071c8                ACMP0_IRQHandler
                0x080071c8                USART0_RX_IRQHandler
                0x080071c8                MemManage_Handler
                0x080071c8                MPAHBRAM0_IRQHandler
                0x080071c8                AHB2AHB0_IRQHandler
                0x080071c8                SVC_Handler
                0x080071c8                EUSART3_RX_IRQHandler
                0x080071c8                EUSART2_RX_IRQHandler
                0x080071c8                SMU_S_PRIVILEGED_IRQHandler
                0x080071c8                SW1_IRQHandler
                0x080071c8                CMU_IRQHandler
                0x080071c8                RAC_RSM_IRQHandler
                0x080071c8                SETAMPERHOST_IRQHandler
                0x080071c8                AES_IRQHandler
                0x080071c8                M33CTI0_IRQHandler
                0x080071c8                ICACHE0_IRQHandler
                0x080071c8                SMU_NS_PRIVILEGED_IRQHandler
                0x080071c8                FPUEXH_IRQHandler
                0x080071c8                PROTIMER_IRQHandler
                0x080071c8                ACMP1_IRQHandler
                0x080071c8                BusFault_Handler
                0x080071c8                USART2_TX_IRQHandler
                0x080071c8                MPAHBRAM1_IRQHandler
 .text.CopyMemory
                0x080071ca       0x1a ./simplicity_sdk_2025.6.0/platform/Device/SiliconLabs/EFR32MG26/Source/startup_efr32mg26.o
                0x080071ca                CopyMemory
 .text.assertEFM
                0x080071e4        0x2 ./simplicity_sdk_2025.6.0/platform/common/src/sl_assert.o
                0x080071e4                assertEFM
 .text.sl_slist_init
                0x080071e6        0x6 ./simplicity_sdk_2025.6.0/platform/common/src/sl_slist.o
                0x080071e6                sl_slist_init
 .text.sl_debug_swo_enable_itm
                0x080071ec       0x16 ./simplicity_sdk_2025.6.0/platform/driver/debug/src/sl_debug_swo.o
                0x080071ec                sl_debug_swo_enable_itm
 .text.sl_debug_swo_disable_itm
                0x08007202       0x18 ./simplicity_sdk_2025.6.0/platform/driver/debug/src/sl_debug_swo.o
                0x08007202                sl_debug_swo_disable_itm
 .text.DMADRV_PeripheralMemory
                0x0800721a       0x34 ./simplicity_sdk_2025.6.0/platform/emdrv/dmadrv/src/dmadrv.o
                0x0800721a                DMADRV_PeripheralMemory
 .text.ConfigGPIO
                0x0800724e       0xea ./simplicity_sdk_2025.6.0/platform/emdrv/spidrv/src/spidrv.o
 .text.BUS_RegMaskedWrite
                0x08007338       0x1e ./simplicity_sdk_2025.6.0/platform/emlib/src/em_cmu.o
 .text.waitStateMax
                0x08007356       0x10 ./simplicity_sdk_2025.6.0/platform/emlib/src/em_cmu.o
 .text.CMU_UpdateWaitStates
                0x08007366        0xc ./simplicity_sdk_2025.6.0/platform/emlib/src/em_cmu.o
                0x08007366                CMU_UpdateWaitStates
 .text.pclkDivMax
                0x08007372        0xa ./simplicity_sdk_2025.6.0/platform/emlib/src/em_cmu.o
 .text.EMU_EFPEM01VScale
                0x0800737c        0x2 ./simplicity_sdk_2025.6.0/platform/emlib/src/em_emu.o
                0x0800737c                EMU_EFPEM01VScale
 .text.EMU_DCDCUpdatedHook
                0x0800737e        0x2 ./simplicity_sdk_2025.6.0/platform/emlib/src/em_emu.o
                0x0800737e                EMU_DCDCUpdatedHook
 .text.eusart_sync
                0x08007380        0x8 ./simplicity_sdk_2025.6.0/platform/emlib/src/em_eusart.o
 .text.EUSART_Disable
                0x08007388       0x34 ./simplicity_sdk_2025.6.0/platform/emlib/src/em_eusart.o
 .text.EUSART_Tx
                0x080073bc        0xa ./simplicity_sdk_2025.6.0/platform/emlib/src/em_eusart.o
                0x080073bc                EUSART_Tx
 .text.EUSART_Spi_TxRx
                0x080073c6       0x14 ./simplicity_sdk_2025.6.0/platform/emlib/src/em_eusart.o
                0x080073c6                EUSART_Spi_TxRx
 .text.BUS_RegMaskedWrite
                0x080073da       0x1e ./simplicity_sdk_2025.6.0/platform/emlib/src/em_gpio.o
 .text.USART_SpiTransfer
                0x080073f8       0x14 ./simplicity_sdk_2025.6.0/platform/emlib/src/em_usart.o
                0x080073f8                USART_SpiTransfer
 .text.sl_hal_bus_reg_write_mask
                0x0800740c       0x1e ./simplicity_sdk_2025.6.0/platform/peripheral/src/sl_hal_gpio.o
 .text.sl_clock_manager_runtime_init
                0x0800742a        0x4 ./simplicity_sdk_2025.6.0/platform/service/clock_manager/src/sl_clock_manager.o
                0x0800742a                sl_clock_manager_runtime_init
 .text.sli_clock_manager_hal_runtime_init
                0x0800742e        0x4 ./simplicity_sdk_2025.6.0/platform/service/clock_manager/src/sl_clock_manager_hal_s2.o
                0x0800742e                sli_clock_manager_hal_runtime_init
 .text.sl_clock_manager_init
                0x08007432        0x4 ./simplicity_sdk_2025.6.0/platform/service/clock_manager/src/sl_clock_manager_init.o
                0x08007432                sl_clock_manager_init
 .text.sl_iostream_write
                0x08007436       0x22 ./simplicity_sdk_2025.6.0/platform/service/iostream/src/sl_iostream.o
                0x08007436                sl_iostream_write
 .text.sl_iostream_read
                0x08007458       0x30 ./simplicity_sdk_2025.6.0/platform/service/iostream/src/sl_iostream.o
                0x08007458                sl_iostream_read
 .text.eusart_rx
                0x08007488       0x16 ./simplicity_sdk_2025.6.0/platform/service/iostream/src/sl_iostream_eusart.o
 .text.eusart_deinit
                0x0800749e       0x7c ./simplicity_sdk_2025.6.0/platform/service/iostream/src/sl_iostream_eusart.o
 .text.eusart_tx
                0x0800751a       0x10 ./simplicity_sdk_2025.6.0/platform/service/iostream/src/sl_iostream_eusart.o
 .text._close   0x0800752a        0x4 ./simplicity_sdk_2025.6.0/platform/service/iostream/src/sl_iostream_retarget_stdio.o
                0x0800752a                _close
 .text._exit    0x0800752e        0x2 ./simplicity_sdk_2025.6.0/platform/service/iostream/src/sl_iostream_retarget_stdio.o
                0x0800752e                _exit
 .text._fstat   0x08007530        0xa ./simplicity_sdk_2025.6.0/platform/service/iostream/src/sl_iostream_retarget_stdio.o
                0x08007530                _fstat
 .text._isatty  0x0800753a        0x4 ./simplicity_sdk_2025.6.0/platform/service/iostream/src/sl_iostream_retarget_stdio.o
                0x0800753a                _isatty
 .text._lseek   0x0800753e        0x4 ./simplicity_sdk_2025.6.0/platform/service/iostream/src/sl_iostream_retarget_stdio.o
                0x0800753e                _lseek
 .text._read    0x08007542       0x1c ./simplicity_sdk_2025.6.0/platform/service/iostream/src/sl_iostream_retarget_stdio.o
                0x08007542                _read
 .text.set_auto_cr_lf
                0x0800755e        0x6 ./simplicity_sdk_2025.6.0/platform/service/iostream/src/sl_iostream_uart.o
 .text.get_auto_cr_lf
                0x08007564        0x6 ./simplicity_sdk_2025.6.0/platform/service/iostream/src/sl_iostream_uart.o
 .text.__uart_async_rx_dma_callback
                0x0800756a       0x70 ./simplicity_sdk_2025.6.0/platform/service/iostream/src/sl_iostream_uart.o
 .text.uart_write_async
                0x080075da       0x46 ./simplicity_sdk_2025.6.0/platform/service/iostream/src/sl_iostream_uart.o
 .text.sli_iostream_uart_unsubscribe_to_new_data
                0x08007620       0x1c ./simplicity_sdk_2025.6.0/platform/service/iostream/src/sl_iostream_uart.o
                0x08007620                sli_iostream_uart_unsubscribe_to_new_data
 .text.app_init_pre_clock
                0x0800763c        0x2 ./simplicity_sdk_2025.6.0/platform/service/sl_main/src/sl_main_init.o
                0x0800763c                app_init_pre_clock
 .text.app_init_early
                0x0800763e        0x2 ./simplicity_sdk_2025.6.0/platform/service/sl_main/src/sl_main_init.o
                0x0800763e                app_init_early
 .text.sl_main_second_stage_init
                0x08007640       0x1a ./simplicity_sdk_2025.6.0/platform/service/sl_main/src/sl_main_init.o
                0x08007640                sl_main_second_stage_init
 .text.sl_main_init
                0x0800765a       0x2e ./simplicity_sdk_2025.6.0/platform/service/sl_main/src/sl_main_init.o
                0x0800765a                sl_main_init
 .text.app_permanent_memory_alloc
                0x08007688        0x2 ./simplicity_sdk_2025.6.0/platform/service/sl_main/src/sl_main_init_memory.o
                0x08007688                app_permanent_memory_alloc
 .text.sli_allocate_permanent_memory
                0x0800768a       0x18 ./simplicity_sdk_2025.6.0/platform/service/sl_main/src/sl_main_init_memory.o
                0x0800768a                sli_allocate_permanent_memory
 .text.sl_main_process_action
                0x080076a2       0x16 ./simplicity_sdk_2025.6.0/platform/service/sl_main/src/sl_main_process_action.o
                0x080076a2                sl_main_process_action
 .text._fwalk_sglue
                0x080076b8       0x3c c:/siliconlabs/simplicitystudio/v5/developer/toolchains/gnu_arm/12.2.rel1_2023.7/bin/../lib/gcc/arm-none-eabi/12.2.1/thumb/v8-m.main+fp/hard\libc_nano.a(libc_a-fwalk.o)
                0x080076b8                _fwalk_sglue
 .text.__sread  0x080076f4       0x22 c:/siliconlabs/simplicitystudio/v5/developer/toolchains/gnu_arm/12.2.rel1_2023.7/bin/../lib/gcc/arm-none-eabi/12.2.1/thumb/v8-m.main+fp/hard\libc_nano.a(libc_a-stdio.o)
                0x080076f4                __sread
 .text.__swrite
                0x08007716       0x38 c:/siliconlabs/simplicitystudio/v5/developer/toolchains/gnu_arm/12.2.rel1_2023.7/bin/../lib/gcc/arm-none-eabi/12.2.1/thumb/v8-m.main+fp/hard\libc_nano.a(libc_a-stdio.o)
                0x08007716                __swrite
 .text.__sseek  0x0800774e       0x24 c:/siliconlabs/simplicitystudio/v5/developer/toolchains/gnu_arm/12.2.rel1_2023.7/bin/../lib/gcc/arm-none-eabi/12.2.1/thumb/v8-m.main+fp/hard\libc_nano.a(libc_a-stdio.o)
                0x0800774e                __sseek
 .text.__sclose
                0x08007772        0x8 c:/siliconlabs/simplicitystudio/v5/developer/toolchains/gnu_arm/12.2.rel1_2023.7/bin/../lib/gcc/arm-none-eabi/12.2.1/thumb/v8-m.main+fp/hard\libc_nano.a(libc_a-stdio.o)
                0x08007772                __sclose
 .text.memset   0x0800777a       0x10 c:/siliconlabs/simplicitystudio/v5/developer/toolchains/gnu_arm/12.2.rel1_2023.7/bin/../lib/gcc/arm-none-eabi/12.2.1/thumb/v8-m.main+fp/hard\libc_nano.a(libc_a-memset.o)
                0x0800777a                memset
 .text.__retarget_lock_init_recursive
                0x0800778a        0x2 c:/siliconlabs/simplicitystudio/v5/developer/toolchains/gnu_arm/12.2.rel1_2023.7/bin/../lib/gcc/arm-none-eabi/12.2.1/thumb/v8-m.main+fp/hard\libc_nano.a(libc_a-lock.o)
                0x0800778a                __retarget_lock_init_recursive
 .text.__retarget_lock_acquire_recursive
                0x0800778c        0x2 c:/siliconlabs/simplicitystudio/v5/developer/toolchains/gnu_arm/12.2.rel1_2023.7/bin/../lib/gcc/arm-none-eabi/12.2.1/thumb/v8-m.main+fp/hard\libc_nano.a(libc_a-lock.o)
                0x0800778c                __retarget_lock_acquire_recursive
 .text.__retarget_lock_release_recursive
                0x0800778e        0x2 c:/siliconlabs/simplicitystudio/v5/developer/toolchains/gnu_arm/12.2.rel1_2023.7/bin/../lib/gcc/arm-none-eabi/12.2.1/thumb/v8-m.main+fp/hard\libc_nano.a(libc_a-lock.o)
                0x0800778e                __retarget_lock_release_recursive
 .text.memcpy   0x08007790       0x1a c:/siliconlabs/simplicitystudio/v5/developer/toolchains/gnu_arm/12.2.rel1_2023.7/bin/../lib/gcc/arm-none-eabi/12.2.1/thumb/v8-m.main+fp/hard\libc_nano.a(libc_a-memcpy-stub.o)
                0x08007790                memcpy
 .text.__sfputc_r
                0x080077aa       0x2e c:/siliconlabs/simplicitystudio/v5/developer/toolchains/gnu_arm/12.2.rel1_2023.7/bin/../lib/gcc/arm-none-eabi/12.2.1/thumb/v8-m.main+fp/hard\libc_nano.a(libc_a-nano-vfprintf.o)
 .text.__sfputs_r
                0x080077d8       0x24 c:/siliconlabs/simplicitystudio/v5/developer/toolchains/gnu_arm/12.2.rel1_2023.7/bin/../lib/gcc/arm-none-eabi/12.2.1/thumb/v8-m.main+fp/hard\libc_nano.a(libc_a-nano-vfprintf.o)
                0x080077d8                __sfputs_r
 .text._printf_common
                0x080077fc       0xe4 c:/siliconlabs/simplicitystudio/v5/developer/toolchains/gnu_arm/12.2.rel1_2023.7/bin/../lib/gcc/arm-none-eabi/12.2.1/thumb/v8-m.main+fp/hard\libc_nano.a(libc_a-nano-vfprintf_i.o)
                0x080077fc                _printf_common
 .text.__sflush_r
                0x080078e0      0x106 c:/siliconlabs/simplicitystudio/v5/developer/toolchains/gnu_arm/12.2.rel1_2023.7/bin/../lib/gcc/arm-none-eabi/12.2.1/thumb/v8-m.main+fp/hard\libc_nano.a(libc_a-fflush.o)
                0x080078e0                __sflush_r
 .text._fflush_r
                0x080079e6       0x50 c:/siliconlabs/simplicitystudio/v5/developer/toolchains/gnu_arm/12.2.rel1_2023.7/bin/../lib/gcc/arm-none-eabi/12.2.1/thumb/v8-m.main+fp/hard\libc_nano.a(libc_a-fflush.o)
                0x080079e6                _fflush_r
 .text.__swhatbuf_r
                0x08007a36       0x4a c:/siliconlabs/simplicitystudio/v5/developer/toolchains/gnu_arm/12.2.rel1_2023.7/bin/../lib/gcc/arm-none-eabi/12.2.1/thumb/v8-m.main+fp/hard\libc_nano.a(libc_a-makebuf.o)
                0x08007a36                __swhatbuf_r
 .text.__smakebuf_r
                0x08007a80       0x78 c:/siliconlabs/simplicitystudio/v5/developer/toolchains/gnu_arm/12.2.rel1_2023.7/bin/../lib/gcc/arm-none-eabi/12.2.1/thumb/v8-m.main+fp/hard\libc_nano.a(libc_a-makebuf.o)
                0x08007a80                __smakebuf_r
 .text.__swbuf_r
                0x08007af8       0x7c c:/siliconlabs/simplicitystudio/v5/developer/toolchains/gnu_arm/12.2.rel1_2023.7/bin/../lib/gcc/arm-none-eabi/12.2.1/thumb/v8-m.main+fp/hard\libc_nano.a(libc_a-wbuf.o)
                0x08007af8                __swbuf_r
 .text.memchr   0x08007b74       0x1c c:/siliconlabs/simplicitystudio/v5/developer/toolchains/gnu_arm/12.2.rel1_2023.7/bin/../lib/gcc/arm-none-eabi/12.2.1/thumb/v8-m.main+fp/hard\libc_nano.a(libc_a-memchr-stub.o)
                0x08007b74                memchr
 *(SORT_BY_ALIGNMENT(text_*))
 text_system_timecritical19242
                0x08007b90        0xc ./simplicity_sdk_2025.6.0/platform/Device/SiliconLabs/EFR32MG26/Source/system_efr32mg26.o
                0x08007b90                SystemHFRCODPLLClockGet
 text_system_timecritical20245
                0x08007b9c       0x40 ./simplicity_sdk_2025.6.0/platform/Device/SiliconLabs/EFR32MG26/Source/system_efr32mg26.o
                0x08007b9c                SystemSYSCLKGet
 text_system_timecritical16198
                0x08007bdc       0x24 ./simplicity_sdk_2025.6.0/platform/Device/SiliconLabs/EFR32MG26/Source/system_efr32mg26.o
                0x08007bdc                SystemHCLKGet
 text_system_timecritical21247
                0x08007c00        0x8 ./simplicity_sdk_2025.6.0/platform/Device/SiliconLabs/EFR32MG26/Source/system_efr32mg26.o
                0x08007c00                SystemMaxCoreClockGet
 text_system_timecritical22249
                0x08007c08        0x8 ./simplicity_sdk_2025.6.0/platform/Device/SiliconLabs/EFR32MG26/Source/system_efr32mg26.o
                0x08007c08                SystemFSRCOClockGet
 text_system_timecritical23251
                0x08007c10        0xc ./simplicity_sdk_2025.6.0/platform/Device/SiliconLabs/EFR32MG26/Source/system_efr32mg26.o
                0x08007c10                SystemHFXOClockGet
 text_system_timecritical24254
                0x08007c1c        0x8 ./simplicity_sdk_2025.6.0/platform/Device/SiliconLabs/EFR32MG26/Source/system_efr32mg26.o
                0x08007c1c                SystemCLKIN0Get
 text_system_timecritical25256
                0x08007c24       0x90 ./simplicity_sdk_2025.6.0/platform/Device/SiliconLabs/EFR32MG26/Source/system_efr32mg26.o
                0x08007c24                SystemHFRCOEM23ClockGet
 text_system_timecritical26258
                0x08007cb4        0xc ./simplicity_sdk_2025.6.0/platform/Device/SiliconLabs/EFR32MG26/Source/system_efr32mg26.o
                0x08007cb4                SystemLFXOClockGet
 text_dmadrv_timecritical29166
                0x08007cc0       0x40 ./simplicity_sdk_2025.6.0/platform/emdrv/dmadrv/src/dmadrv.o
                0x08007cc0                DMADRV_StopTransfer
 text_dmadrv_timecritical32174
                0x08007d00       0x44 ./simplicity_sdk_2025.6.0/platform/emdrv/dmadrv/src/dmadrv.o
                0x08007d00                DMADRV_TransferDone
 text_dmadrv_timecritical33177
                0x08007d44       0x44 ./simplicity_sdk_2025.6.0/platform/emdrv/dmadrv/src/dmadrv.o
                0x08007d44                DMADRV_TransferRemainingCount
 text_hal_gpio_timecritical29429
                0x08007d88       0x5c ./simplicity_sdk_2025.6.0/platform/peripheral/src/sl_hal_gpio.o
                0x08007d88                sl_hal_gpio_set_pin
 text_hal_sysrtc_timecritical29237
                0x08007de4       0x14 ./simplicity_sdk_2025.6.0/platform/peripheral/src/sl_hal_sysrtc.o
                0x08007de4                sl_hal_sysrtc_wait_sync
 text_hal_sysrtc_timecritical31601
                0x08007df8       0x24 ./simplicity_sdk_2025.6.0/platform/peripheral/src/sl_hal_sysrtc.o
                0x08007df8                sl_hal_sysrtc_wait_sync_group
 text_hal_sysrtc_timecritical32634
                0x08007e1c       0x1c ./simplicity_sdk_2025.6.0/platform/peripheral/src/sl_hal_sysrtc.o
                0x08007e1c                sl_hal_sysrtc_enable_group_interrupts
 text_hal_sysrtc_timecritical33650
                0x08007e38       0x1c ./simplicity_sdk_2025.6.0/platform/peripheral/src/sl_hal_sysrtc.o
                0x08007e38                sl_hal_sysrtc_disable_group_interrupts
 text_hal_sysrtc_timecritical34666
                0x08007e54       0x1c ./simplicity_sdk_2025.6.0/platform/peripheral/src/sl_hal_sysrtc.o
                0x08007e54                sl_hal_sysrtc_clear_group_interrupts
 text_hal_sysrtc_timecritical35685
                0x08007e70       0x20 ./simplicity_sdk_2025.6.0/platform/peripheral/src/sl_hal_sysrtc.o
                0x08007e70                sl_hal_sysrtc_get_group_interrupts
 text_hal_sysrtc_timecritical36734
                0x08007e90       0x28 ./simplicity_sdk_2025.6.0/platform/peripheral/src/sl_hal_sysrtc.o
                0x08007e90                sl_hal_sysrtc_get_group_compare_channel_value
 text_hal_sysrtc_timecritical37751
                0x08007eb8       0x28 ./simplicity_sdk_2025.6.0/platform/peripheral/src/sl_hal_sysrtc.o
                0x08007eb8                sl_hal_sysrtc_set_group_compare_channel_value
 text_clock_manager_timecritical2674
                0x08007ee0       0x60 ./simplicity_sdk_2025.6.0/platform/service/clock_manager/src/sl_clock_manager_hal_s2.o
                0x08007ee0                sli_clock_manager_hal_enable_bus_clock
 text_sleeptimer_timecritical66121
                0x08007f40       0x40 ./simplicity_sdk_2025.6.0/platform/service/sleeptimer/src/sl_sleeptimer.o
 text_sleeptimer_timecritical67125
                0x08007f80       0x3c ./simplicity_sdk_2025.6.0/platform/service/sleeptimer/src/sl_sleeptimer.o
 text_sleeptimer_timecritical69131
                0x08007fbc       0x34 ./simplicity_sdk_2025.6.0/platform/service/sleeptimer/src/sl_sleeptimer.o
 text_sleeptimer_timecritical68128
                0x08007ff0       0x64 ./simplicity_sdk_2025.6.0/platform/service/sleeptimer/src/sl_sleeptimer.o
 text_sleeptimer_timecritical72140
                0x08008054       0x88 ./simplicity_sdk_2025.6.0/platform/service/sleeptimer/src/sl_sleeptimer.o
 text_sleeptimer_timecritical34276
                0x080080dc       0x3c ./simplicity_sdk_2025.6.0/platform/service/sleeptimer/src/sl_sleeptimer.o
                0x080080dc                sl_sleeptimer_is_timer_running
 text_sleeptimer_timecritical40684
                0x08008118       0x24 ./simplicity_sdk_2025.6.0/platform/service/sleeptimer/src/sl_sleeptimer.o
                0x08008118                sl_sleeptimer_ms_to_tick
 text_sleeptimer_timecritical42727
                0x0800813c       0x44 ./simplicity_sdk_2025.6.0/platform/service/sleeptimer/src/sl_sleeptimer.o
                0x0800813c                sl_sleeptimer_tick_to_ms
 text_sleeptimer_timecritical65151
                0x08008180      0x148 ./simplicity_sdk_2025.6.0/platform/service/sleeptimer/src/sl_sleeptimer.o
                0x08008180                process_timer_irq
 text_sleeptimer_timecritical6454
                0x080082c8       0x10 ./simplicity_sdk_2025.6.0/platform/service/sleeptimer/src/sl_sleeptimer_hal_sysrtc.o
                0x080082c8                sleeptimer_hal_get_counter
 text_sleeptimer_timecritical6885
                0x080082d8       0x18 ./simplicity_sdk_2025.6.0/platform/service/sleeptimer/src/sl_sleeptimer_hal_sysrtc.o
                0x080082d8                sleeptimer_hal_get_timer_frequency
 text_sleeptimer_timecritical6670
                0x080082f0       0x70 ./simplicity_sdk_2025.6.0/platform/service/sleeptimer/src/sl_sleeptimer_hal_sysrtc.o
                0x080082f0                sleeptimer_hal_set_compare
 text_sleeptimer_timecritical70101
                0x08008360       0x24 ./simplicity_sdk_2025.6.0/platform/service/sleeptimer/src/sl_sleeptimer_hal_sysrtc.o
                0x08008360                sleeptimer_hal_disable_int
 text_sleeptimer_timecritical71109
                0x08008384       0x10 ./simplicity_sdk_2025.6.0/platform/service/sleeptimer/src/sl_sleeptimer_hal_sysrtc.o
                0x08008384                sleeptimer_hal_set_int
 text_system_timecritical27261
                0x08008394        0x6 ./simplicity_sdk_2025.6.0/platform/Device/SiliconLabs/EFR32MG26/Source/system_efr32mg26.o
                0x08008394                SystemLFRCOClockGet
 text_system_timecritical28263
                0x0800839a        0x6 ./simplicity_sdk_2025.6.0/platform/Device/SiliconLabs/EFR32MG26/Source/system_efr32mg26.o
                0x0800839a                SystemULFRCOClockGet
 text_core_timecritical2307
                0x080083a0        0xa ./simplicity_sdk_2025.6.0/platform/common/src/sl_core_cortexm.o
                0x080083a0                CORE_ExitCritical
 text_core_timecritical4331
                0x080083aa        0x8 ./simplicity_sdk_2025.6.0/platform/common/src/sl_core_cortexm.o
                0x080083aa                CORE_EnterCritical
 text_core_timecritical7363
                0x080083b2        0xa ./simplicity_sdk_2025.6.0/platform/common/src/sl_core_cortexm.o
                0x080083b2                CORE_ExitAtomic
 text_core_timecritical9387
                0x080083bc        0xc ./simplicity_sdk_2025.6.0/platform/common/src/sl_core_cortexm.o
                0x080083bc                CORE_EnterAtomic
 text_clock_manager_timecritical1352
                0x080083c8        0xa ./simplicity_sdk_2025.6.0/platform/service/clock_manager/src/sl_clock_manager.o
                0x080083c8                sl_clock_manager_get_clock_branch_frequency
 text_clock_manager_timecritical2380
                0x080083d2        0x6 ./simplicity_sdk_2025.6.0/platform/service/clock_manager/src/sl_clock_manager.o
                0x080083d2                sl_clock_manager_enable_bus_clock
 text_clock_manager_timecritical3394
                0x080083d8        0x6 ./simplicity_sdk_2025.6.0/platform/service/clock_manager/src/sl_clock_manager.o
                0x080083d8                sl_clock_manager_disable_bus_clock
 text_clock_manager_timecritical2561
                0x080083de       0xca ./simplicity_sdk_2025.6.0/platform/service/clock_manager/src/sl_clock_manager_hal_s2.o
                0x080083de                sli_clock_manager_hal_get_clock_branch_frequency
 text_sleeptimer_timecritical75155
                0x080084a8        0x6 ./simplicity_sdk_2025.6.0/platform/service/sleeptimer/src/sl_sleeptimer.o
 text_sleeptimer_timecritical29161
                0x080084ae       0x48 ./simplicity_sdk_2025.6.0/platform/service/sleeptimer/src/sl_sleeptimer.o
                0x080084ae                sl_sleeptimer_start_timer
 text_sleeptimer_timecritical37313
                0x080084f6       0x18 ./simplicity_sdk_2025.6.0/platform/service/sleeptimer/src/sl_sleeptimer.o
                0x080084f6                sl_sleeptimer_get_tick_count
 text_sleeptimer_timecritical6562
                0x0800850e        0x8 ./simplicity_sdk_2025.6.0/platform/service/sleeptimer/src/sl_sleeptimer_hal_sysrtc.o
                0x0800850e                sleeptimer_hal_get_compare
 text_sleeptimer_timecritical6993
                0x08008516       0x12 ./simplicity_sdk_2025.6.0/platform/service/sleeptimer/src/sl_sleeptimer_hal_sysrtc.o
                0x08008516                sleeptimer_hal_enable_int
 text_sleeptimer_timecritical86325
                0x08008528       0x34 ./simplicity_sdk_2025.6.0/platform/service/sleeptimer/src/sl_sleeptimer_hal_sysrtc.o
                0x08008528                SYSRTC_APP_IRQHandler
                0x08008560                . = ALIGN (0x20)
 *fill*         0x0800855c        0x4 
                0x08008560                linker_code_end = .
 *(.init)
 .init          0x08008560        0x4 c:/siliconlabs/simplicitystudio/v5/developer/toolchains/gnu_arm/12.2.rel1_2023.7/bin/../lib/gcc/arm-none-eabi/12.2.1/thumb/v8-m.main+fp/hard/crti.o
                0x08008560                _init
 .init          0x08008564        0x8 c:/siliconlabs/simplicitystudio/v5/developer/toolchains/gnu_arm/12.2.rel1_2023.7/bin/../lib/gcc/arm-none-eabi/12.2.1/thumb/v8-m.main+fp/hard/crtn.o
 *(.fini)
 .fini          0x0800856c        0x4 c:/siliconlabs/simplicitystudio/v5/developer/toolchains/gnu_arm/12.2.rel1_2023.7/bin/../lib/gcc/arm-none-eabi/12.2.1/thumb/v8-m.main+fp/hard/crti.o
                0x0800856c                _fini
 .fini          0x08008570        0x8 c:/siliconlabs/simplicitystudio/v5/developer/toolchains/gnu_arm/12.2.rel1_2023.7/bin/../lib/gcc/arm-none-eabi/12.2.1/thumb/v8-m.main+fp/hard/crtn.o
 *crtbegin.o(.ctors)
 *crtbegin?.o(.ctors)
 *(EXCLUDE_FILE(*crtend.o *crtend?.o) .ctors)
 *(SORT_BY_NAME(.ctors.*))
 *(.ctors)
 *crtbegin.o(.dtors)
 *crtbegin?.o(.dtors)
 *(EXCLUDE_FILE(*crtend.o *crtend?.o) .dtors)
 *(SORT_BY_NAME(.dtors.*))
 *(.dtors)
 *(.rodata*)
 .rodata.app_iostream_usart_init.str1.1
                0x08008578      0x57f ./app_iostream_usart.o
                                0x582 (size before relaxing)
 .rodata.app_iostream_usart_process_action.str1.1
                0x08008af7      0x17b ./app_iostream_usart.o
 *fill*         0x08008c72        0x2 
 .rodata        0x08008c74        0xc ./app_iostream_usart.o
 .rodata.CSWTCH.14
                0x08008c80        0x4 ./arducam/arducam.o
 .rodata.GPIO_PinOutSet.constprop.0.str1.1
                0x08008c84       0x51 ./arducam/drivers/m2mp/arducam_m_2mp_driver.o
 *fill*         0x08008cd5        0x3 
 .rodata        0x08008cd8       0x2c ./arducam/drivers/m2mp/arducam_m_2mp_driver.o
 .rodata.ov2640_uxga
                0x08008d04       0x52 ./arducam/drivers/m2mp/ov2640.o
 .rodata.ov2640_svga
                0x08008d56       0x52 ./arducam/drivers/m2mp/ov2640.o
 .rodata.ov2640_cif
                0x08008da8       0x50 ./arducam/drivers/m2mp/ov2640.o
 .rodata.ov2640_rgb565_regs
                0x08008df8        0xe ./arducam/drivers/m2mp/ov2640.o
 .rodata.ov2640_yuv422_regs
                0x08008e06       0x14 ./arducam/drivers/m2mp/ov2640.o
 .rodata.ov2640_special_effect_regs
                0x08008e1a       0x2d ./arducam/drivers/m2mp/ov2640.o
 .rodata.ov2640_saturation_regs
                0x08008e47       0x1e ./arducam/drivers/m2mp/ov2640.o
 .rodata.ov2640_contrast_regs
                0x08008e65       0x2a ./arducam/drivers/m2mp/ov2640.o
 .rodata.ov2640_brightness_regs
                0x08008e8f       0x1e ./arducam/drivers/m2mp/ov2640.o
 .rodata.ov2640_default_regs
                0x08008ead      0x17e ./arducam/drivers/m2mp/ov2640.o
 .rodata.sl_iostream_eusart_init_vcom.str1.1
                0x0800902b       0x2f ./autogen/sl_iostream_init_eusart_instances.o
 .rodata.str1.1
                0x0800905a        0x5 ./autogen/sl_iostream_init_eusart_instances.o
 *fill*         0x0800905f        0x1 
 .rodata        0x08009060       0x20 ./autogen/sl_iostream_init_eusart_instances.o
 .rodata        0x08009080       0x3a ./simplicity_sdk_2025.6.0/hardware/driver/mx25_flash_shutdown/src/sl_mx25_flash_shutdown_eusart/sl_mx25_flash_shutdown.o
 .rodata.sl_slist_push.str1.1
                0x080090ba       0x53 ./simplicity_sdk_2025.6.0/platform/common/src/sl_slist.o
 .rodata.str1.1
                0x0800910d       0x57 ./simplicity_sdk_2025.6.0/platform/driver/gpio/src/sl_gpio.o
 .rodata.I2CSPM_Init.str1.1
                0x08009164       0x5b ./simplicity_sdk_2025.6.0/platform/driver/i2cspm/src/sl_i2cspm.o
 .rodata        0x080091bf        0x4 ./simplicity_sdk_2025.6.0/platform/emdrv/dmadrv/src/dmadrv.o
 *fill*         0x080091c3        0x1 
 .rodata        0x080091c4       0x50 ./simplicity_sdk_2025.6.0/platform/emdrv/spidrv/src/spidrv.o
 .rodata.traceClkGet.str1.1
                0x08009214       0x50 ./simplicity_sdk_2025.6.0/platform/emlib/src/em_cmu.o
 .rodata.EMU_VScaleEM01.str1.1
                0x08009264       0x50 ./simplicity_sdk_2025.6.0/platform/emlib/src/em_emu.o
 .rodata.EUSART_ClockGet.str1.1
                0x080092b4       0x53 ./simplicity_sdk_2025.6.0/platform/emlib/src/em_eusart.o
 .rodata.GPIO_PinOutSet.str1.1
                0x08009307       0x51 ./simplicity_sdk_2025.6.0/platform/emlib/src/em_gpio.o
 .rodata.GPIO_ExtIntConfig.str1.1
                0x08009307       0x51 ./simplicity_sdk_2025.6.0/platform/emlib/src/em_gpio.o
 .rodata.CSWTCH.32
                0x08009358        0x8 ./simplicity_sdk_2025.6.0/platform/emlib/src/em_gpio.o
 .rodata.I2C_BusFreqGet.str1.1
                0x08009360       0x50 ./simplicity_sdk_2025.6.0/platform/emlib/src/em_i2c.o
 .rodata.i2cNSum
                0x080093b0        0x4 ./simplicity_sdk_2025.6.0/platform/emlib/src/em_i2c.o
 .rodata.LDMA_EnableChannelRequest.str1.1
                0x080093b4       0xa1 ./simplicity_sdk_2025.6.0/platform/emlib/src/em_ldma.o
 .rodata.USART_BaudrateAsyncSet.str1.1
                0x08009455       0x52 ./simplicity_sdk_2025.6.0/platform/emlib/src/em_usart.o
 .rodata.str1.1