Archive member included to satisfy reference by file (symbol)

c:/siliconlabs/simplicitystudio/v5/developer/toolchains/gnu_arm/12.2.rel1_2023.7/bin/../lib/gcc/arm-none-eabi/12.2.1/thumb/v8-m.main+fp/hard\libgcc.a(_aeabi_ldivmod.o)
                              ./cpputils/string.o (__aeabi_ldivmod)
c:/siliconlabs/simplicitystudio/v5/developer/toolchains/gnu_arm/12.2.rel1_2023.7/bin/../lib/gcc/arm-none-eabi/12.2.1/thumb/v8-m.main+fp/hard\libgcc.a(_aeabi_uldivmod.o)
                              ./cpputils/string.o (__aeabi_uldivmod)
c:/siliconlabs/simplicitystudio/v5/developer/toolchains/gnu_arm/12.2.rel1_2023.7/bin/../lib/gcc/arm-none-eabi/12.2.1/thumb/v8-m.main+fp/hard\libgcc.a(_udivmoddi4.o)
                              c:/siliconlabs/simplicitystudio/v5/developer/toolchains/gnu_arm/12.2.rel1_2023.7/bin/../lib/gcc/arm-none-eabi/12.2.1/thumb/v8-m.main+fp/hard\libgcc.a(_aeabi_ldivmod.o) (__udivmoddi4)
c:/siliconlabs/simplicitystudio/v5/developer/toolchains/gnu_arm/12.2.rel1_2023.7/bin/../lib/gcc/arm-none-eabi/12.2.1/thumb/v8-m.main+fp/hard\libgcc.a(_dvmd_tls.o)
                              c:/siliconlabs/simplicitystudio/v5/developer/toolchains/gnu_arm/12.2.rel1_2023.7/bin/../lib/gcc/arm-none-eabi/12.2.1/thumb/v8-m.main+fp/hard\libgcc.a(_aeabi_ldivmod.o) (__aeabi_ldiv0)
c:/siliconlabs/simplicitystudio/v5/developer/toolchains/gnu_arm/12.2.rel1_2023.7/bin/../lib/gcc/arm-none-eabi/12.2.1/thumb/v8-m.main+fp/hard\libc_nano.a(libc_a-abs.o)
                              ./cpputils/std_formatted_string.o (abs)
c:/siliconlabs/simplicitystudio/v5/developer/toolchains/gnu_arm/12.2.rel1_2023.7/bin/../lib/gcc/arm-none-eabi/12.2.1/thumb/v8-m.main+fp/hard\libc_nano.a(libc_a-assert.o)
                              ./cpputils/buffer.o (__assert_func)
c:/siliconlabs/simplicitystudio/v5/developer/toolchains/gnu_arm/12.2.rel1_2023.7/bin/../lib/gcc/arm-none-eabi/12.2.1/thumb/v8-m.main+fp/hard\libc_nano.a(libc_a-exit.o)
                              c:/siliconlabs/simplicitystudio/v5/developer/toolchains/gnu_arm/12.2.rel1_2023.7/bin/../lib/gcc/arm-none-eabi/12.2.1/thumb/v8-m.main+fp/hard/crt0.o (exit)
c:/siliconlabs/simplicitystudio/v5/developer/toolchains/gnu_arm/12.2.rel1_2023.7/bin/../lib/gcc/arm-none-eabi/12.2.1/thumb/v8-m.main+fp/hard\libc_nano.a(libc_a-malloc.o)
                              ./image_classifier.o (malloc)
c:/siliconlabs/simplicitystudio/v5/developer/toolchains/gnu_arm/12.2.rel1_2023.7/bin/../lib/gcc/arm-none-eabi/12.2.1/thumb/v8-m.main+fp/hard\libc_nano.a(libc_a-mallocr.o)
                              c:/siliconlabs/simplicitystudio/v5/developer/toolchains/gnu_arm/12.2.rel1_2023.7/bin/../lib/gcc/arm-none-eabi/12.2.1/thumb/v8-m.main+fp/hard\libc_nano.a(libc_a-malloc.o) (_malloc_r)
c:/siliconlabs/simplicitystudio/v5/developer/toolchains/gnu_arm/12.2.rel1_2023.7/bin/../lib/gcc/arm-none-eabi/12.2.1/thumb/v8-m.main+fp/hard\libc_nano.a(libc_a-mlock.o)
                              c:/siliconlabs/simplicitystudio/v5/developer/toolchains/gnu_arm/12.2.rel1_2023.7/bin/../lib/gcc/arm-none-eabi/12.2.1/thumb/v8-m.main+fp/hard\libc_nano.a(libc_a-mallocr.o) (__malloc_lock)
c:/siliconlabs/simplicitystudio/v5/developer/toolchains/gnu_arm/12.2.rel1_2023.7/bin/../lib/gcc/arm-none-eabi/12.2.1/thumb/v8-m.main+fp/hard\libc_nano.a(libc_a-strtol.o)
                              ./cpputils/semver.o (strtol)
c:/siliconlabs/simplicitystudio/v5/developer/toolchains/gnu_arm/12.2.rel1_2023.7/bin/../lib/gcc/arm-none-eabi/12.2.1/thumb/v8-m.main+fp/hard\libc_nano.a(libc_a-ctype_.o)
                              ./simplicity_sdk_2025.6.0/platform/common/src/sl_string.o (_ctype_)
c:/siliconlabs/simplicitystudio/v5/developer/toolchains/gnu_arm/12.2.rel1_2023.7/bin/../lib/gcc/arm-none-eabi/12.2.1/thumb/v8-m.main+fp/hard\libc_nano.a(libc_a-tolower.o)
                              ./cpputils/string.o (tolower)
c:/siliconlabs/simplicitystudio/v5/developer/toolchains/gnu_arm/12.2.rel1_2023.7/bin/../lib/gcc/arm-none-eabi/12.2.1/thumb/v8-m.main+fp/hard\libc_nano.a(libc_a-fflush.o)
                              ./logging/default_writer.o (fflush)
c:/siliconlabs/simplicitystudio/v5/developer/toolchains/gnu_arm/12.2.rel1_2023.7/bin/../lib/gcc/arm-none-eabi/12.2.1/thumb/v8-m.main+fp/hard\libc_nano.a(libc_a-findfp.o)
                              c:/siliconlabs/simplicitystudio/v5/developer/toolchains/gnu_arm/12.2.rel1_2023.7/bin/../lib/gcc/arm-none-eabi/12.2.1/thumb/v8-m.main+fp/hard\libc_nano.a(libc_a-fflush.o) (__sglue)
c:/siliconlabs/simplicitystudio/v5/developer/toolchains/gnu_arm/12.2.rel1_2023.7/bin/../lib/gcc/arm-none-eabi/12.2.1/thumb/v8-m.main+fp/hard\libc_nano.a(libc_a-fprintf.o)
                              c:/siliconlabs/simplicitystudio/v5/developer/toolchains/gnu_arm/12.2.rel1_2023.7/bin/../lib/gcc/arm-none-eabi/12.2.1/thumb/v8-m.main+fp/hard\libc_nano.a(libc_a-assert.o) (fiprintf)
[...]
Memory Configuration

Name             Origin             Length             Attributes
FLASH            0x08000000         0x0031e000         xr
RAM              0x20000000         0x00080000         xrw
*default*        0x00000000         0xffffffff

Linker script and memory map

LOAD c:/siliconlabs/simplicitystudio/v5/developer/toolchains/gnu_arm/12.2.rel1_2023.7/bin/../lib/gcc/arm-none-eabi/12.2.1/thumb/v8-m.main+fp/hard/crti.o
LOAD c:/siliconlabs/simplicitystudio/v5/developer/toolchains/gnu_arm/12.2.rel1_2023.7/bin/../lib/gcc/arm-none-eabi/12.2.1/thumb/v8-m.main+fp/hard/crtbegin.o
LOAD c:/siliconlabs/simplicitystudio/v5/developer/toolchains/gnu_arm/12.2.rel1_2023.7/bin/../lib/gcc/arm-none-eabi/12.2.1/thumb/v8-m.main+fp/hard/crt0.o
START GROUP
LOAD ./app.o
LOAD ./app_iostream_usart.o
LOAD ./image_classifier.o
LOAD ./main.o
LOAD ./arducam/arducam.o
LOAD ./arducam/drivers/m2mp/arducam_m_2mp_driver.o
LOAD ./arducam/drivers/m2mp/ov2640.o
LOAD ./autogen/sl_board_default_init.o
LOAD ./autogen/sl_event_handler.o
LOAD ./autogen/sl_i2cspm_init.o
LOAD ./autogen/sl_iostream_handles.o
LOAD ./autogen/sl_iostream_init_eusart_instances.o
LOAD ./autogen/sl_spidrv_init.o
LOAD ./cpputils/buffer.o
LOAD ./cpputils/dict.o
LOAD ./cpputils/heap.o
LOAD ./cpputils/linked_list.o
LOAD ./cpputils/list.o
LOAD ./cpputils/prng.o
LOAD ./cpputils/semver.o
LOAD ./cpputils/std_formatted_string.o
LOAD ./cpputils/string.o
LOAD ./jlink_stream/jlink_stream.o
LOAD ./jlink_stream/jlink_stream_command.o
LOAD ./jlink_stream/jlink_stream_internal.o
LOAD ./logging/default_writer.o
LOAD ./logging/logger.o
LOAD ./logging/logging.o
LOAD ./simplicity_sdk_2025.6.0/hardware/board/src/sl_board_control_gpio.o
LOAD ./simplicity_sdk_2025.6.0/hardware/board/src/sl_board_init.o
LOAD ./simplicity_sdk_2025.6.0/hardware/driver/configuration_over_swo/src/sl_cos.o
LOAD ./simplicity_sdk_2025.6.0/hardware/driver/mx25_flash_shutdown/src/sl_mx25_flash_shutdown_eusart/sl_mx25_flash_shutdown.o
LOAD ./simplicity_sdk_2025.6.0/platform/Device/SiliconLabs/EFR32MG26/Source/startup_efr32mg26.o
LOAD ./simplicity_sdk_2025.6.0/platform/Device/SiliconLabs/EFR32MG26/Source/system_efr32mg26.o
LOAD ./simplicity_sdk_2025.6.0/platform/common/src/sl_assert.o
LOAD ./simplicity_sdk_2025.6.0/platform/common/src/sl_core_cortexm.o
LOAD ./simplicity_sdk_2025.6.0/platform/common/src/sl_slist.o
LOAD ./simplicity_sdk_2025.6.0/platform/common/src/sl_string.o
LOAD ./simplicity_sdk_2025.6.0/platform/common/src/sl_syscalls.o
LOAD ./simplicity_sdk_2025.6.0/platform/driver/debug/src/sl_debug_swo.o
LOAD ./simplicity_sdk_2025.6.0/platform/driver/gpio/src/sl_gpio.o
LOAD ./simplicity_sdk_2025.6.0/platform/driver/i2cspm/src/sl_i2cspm.o
LOAD ./simplicity_sdk_2025.6.0/platform/emdrv/dmadrv/src/dmadrv.o
LOAD ./simplicity_sdk_2025.6.0/platform/emdrv/spidrv/src/spidrv.o
LOAD ./simplicity_sdk_2025.6.0/platform/emlib/src/em_burtc.o
LOAD ./simplicity_sdk_2025.6.0/platform/emlib/src/em_cmu.o
LOAD ./simplicity_sdk_2025.6.0/platform/emlib/src/em_emu.o
LOAD ./simplicity_sdk_2025.6.0/platform/emlib/src/em_eusart.o
LOAD ./simplicity_sdk_2025.6.0/platform/emlib/src/em_gpio.o
LOAD ./simplicity_sdk_2025.6.0/platform/emlib/src/em_i2c.o
LOAD ./simplicity_sdk_2025.6.0/platform/emlib/src/em_ldma.o
LOAD ./simplicity_sdk_2025.6.0/platform/emlib/src/em_msc.o
LOAD ./simplicity_sdk_2025.6.0/platform/emlib/src/em_prs.o
LOAD ./simplicity_sdk_2025.6.0/platform/emlib/src/em_system.o
LOAD ./simplicity_sdk_2025.6.0/platform/emlib/src/em_timer.o
LOAD ./simplicity_sdk_2025.6.0/platform/emlib/src/em_usart.o
LOAD ./simplicity_sdk_2025.6.0/platform/peripheral/src/sl_hal_eusart.o
LOAD ./simplicity_sdk_2025.6.0/platform/peripheral/src/sl_hal_gpio.o
LOAD ./simplicity_sdk_2025.6.0/platform/peripheral/src/sl_hal_prs.o
LOAD ./simplicity_sdk_2025.6.0/platform/peripheral/src/sl_hal_sysrtc.o
LOAD ./simplicity_sdk_2025.6.0/platform/service/clock_manager/src/sl_clock_manager.o
LOAD ./simplicity_sdk_2025.6.0/platform/service/clock_manager/src/sl_clock_manager_hal_s2.o
LOAD ./simplicity_sdk_2025.6.0/platform/service/clock_manager/src/sl_clock_manager_init.o
LOAD ./simplicity_sdk_2025.6.0/platform/service/clock_manager/src/sl_clock_manager_init_hal_s2.o
LOAD ./simplicity_sdk_2025.6.0/platform/service/device_init/src/sl_device_init_dcdc_s2.o
LOAD ./simplicity_sdk_2025.6.0/platform/service/device_init/src/sl_device_init_emu_s2.o
LOAD ./simplicity_sdk_2025.6.0/platform/service/device_manager/clocks/sl_device_clock_efr32xg26.o
LOAD ./simplicity_sdk_2025.6.0/platform/service/device_manager/devices/sl_device_peripheral_hal_efr32xg26.o
LOAD ./simplicity_sdk_2025.6.0/platform/service/device_manager/src/sl_device_clock.o
LOAD ./simplicity_sdk_2025.6.0/platform/service/device_manager/src/sl_device_gpio.o
LOAD ./simplicity_sdk_2025.6.0/platform/service/device_manager/src/sl_device_peripheral.o
LOAD ./simplicity_sdk_2025.6.0/platform/service/interrupt_manager/src/sl_interrupt_manager_cortexm.o
LOAD ./simplicity_sdk_2025.6.0/platform/service/iostream/src/sl_iostream.o
LOAD ./simplicity_sdk_2025.6.0/platform/service/iostream/src/sl_iostream_eusart.o
LOAD ./simplicity_sdk_2025.6.0/platform/service/iostream/src/sl_iostream_retarget_stdio.o
LOAD ./simplicity_sdk_2025.6.0/platform/service/iostream/src/sl_iostream_uart.o
LOAD ./simplicity_sdk_2025.6.0/platform/service/memory_manager/src/sl_memory_manager_region.o
LOAD ./simplicity_sdk_2025.6.0/platform/service/sl_main/src/sl_main_init.o
LOAD ./simplicity_sdk_2025.6.0/platform/service/sl_main/src/sl_main_init_memory.o
LOAD ./simplicity_sdk_2025.6.0/platform/service/sl_main/src/sl_main_process_action.o
LOAD ./simplicity_sdk_2025.6.0/platform/service/sleeptimer/src/sl_sleeptimer.o
LOAD ./simplicity_sdk_2025.6.0/platform/service/sleeptimer/src/sl_sleeptimer_hal_burtc.o
LOAD ./simplicity_sdk_2025.6.0/platform/service/sleeptimer/src/sl_sleeptimer_hal_sysrtc.o
LOAD ./simplicity_sdk_2025.6.0/platform/service/sleeptimer/src/sl_sleeptimer_hal_timer.o
LOAD ./simplicity_sdk_2025.6.0/platform/service/udelay/src/sl_udelay.o
LOAD ./simplicity_sdk_2025.6.0/platform/service/udelay/src/sl_udelay_armv6m_gcc.o
LOAD c:/siliconlabs/simplicitystudio/v5/developer/toolchains/gnu_arm/12.2.rel1_2023.7/bin/../lib/gcc/arm-none-eabi/12.2.1/thumb/v8-m.main+fp/hard\libgcc.a
LOAD c:/siliconlabs/simplicitystudio/v5/developer/toolchains/gnu_arm/12.2.rel1_2023.7/bin/../lib/gcc/arm-none-eabi/12.2.1/thumb/v8-m.main+fp/hard\libnosys.a
END GROUP
START GROUP
LOAD c:/siliconlabs/simplicitystudio/v5/developer/toolchains/gnu_arm/12.2.rel1_2023.7/bin/../lib/gcc/arm-none-eabi/12.2.1/thumb/v8-m.main+fp/hard\libgcc.a
LOAD c:/siliconlabs/simplicitystudio/v5/developer/toolchains/gnu_arm/12.2.rel1_2023.7/bin/../lib/gcc/arm-none-eabi/12.2.1/thumb/v8-m.main+fp/hard\libc_nano.a
LOAD c:/siliconlabs/simplicitystudio/v5/developer/toolchains/gnu_arm/12.2.rel1_2023.7/bin/../lib/gcc/arm-none-eabi/12.2.1/thumb/v8-m.main+fp/hard\libnosys.a
END GROUP
LOAD c:/siliconlabs/simplicitystudio/v5/developer/toolchains/gnu_arm/12.2.rel1_2023.7/bin/../lib/gcc/arm-none-eabi/12.2.1/thumb/v8-m.main+fp/hard\libstdc++_nano.a
LOAD c:/siliconlabs/simplicitystudio/v5/developer/toolchains/gnu_arm/12.2.rel1_2023.7/bin/../lib/gcc/arm-none-eabi/12.2.1/thumb/v8-m.main+fp/hard\libm.a
LOAD c:/siliconlabs/simplicitystudio/v5/developer/toolchains/gnu_arm/12.2.rel1_2023.7/bin/../lib/gcc/arm-none-eabi/12.2.1/thumb/v8-m.main+fp/hard\libc_nano.a
START GROUP
LOAD c:/siliconlabs/simplicitystudio/v5/developer/toolchains/gnu_arm/12.2.rel1_2023.7/bin/../lib/gcc/arm-none-eabi/12.2.1/thumb/v8-m.main+fp/hard\libgcc.a
LOAD c:/siliconlabs/simplicitystudio/v5/developer/toolchains/gnu_arm/12.2.rel1_2023.7/bin/../lib/gcc/arm-none-eabi/12.2.1/thumb/v8-m.main+fp/hard\libg_nano.a
LOAD c:/siliconlabs/simplicitystudio/v5/developer/toolchains/gnu_arm/12.2.rel1_2023.7/bin/../lib/gcc/arm-none-eabi/12.2.1/thumb/v8-m.main+fp/hard\libc_nano.a
END GROUP
START GROUP
LOAD c:/siliconlabs/simplicitystudio/v5/developer/toolchains/gnu_arm/12.2.rel1_2023.7/bin/../lib/gcc/arm-none-eabi/12.2.1/thumb/v8-m.main+fp/hard\libgcc.a
LOAD c:/siliconlabs/simplicitystudio/v5/developer/toolchains/gnu_arm/12.2.rel1_2023.7/bin/../lib/gcc/arm-none-eabi/12.2.1/thumb/v8-m.main+fp/hard\libc_nano.a
LOAD c:/siliconlabs/simplicitystudio/v5/developer/toolchains/gnu_arm/12.2.rel1_2023.7/bin/../lib/gcc/arm-none-eabi/12.2.1/thumb/v8-m.main+fp/hard\libnosys.a
END GROUP
START GROUP
LOAD c:/siliconlabs/simplicitystudio/v5/developer/toolchains/gnu_arm/12.2.rel1_2023.7/bin/../lib/gcc/arm-none-eabi/12.2.1/thumb/v8-m.main+fp/hard\libgcc.a
LOAD c:/siliconlabs/simplicitystudio/v5/developer/toolchains/gnu_arm/12.2.rel1_2023.7/bin/../lib/gcc/arm-none-eabi/12.2.1/thumb/v8-m.main+fp/hard\libc_nano.a
LOAD c:/siliconlabs/simplicitystudio/v5/developer/toolchains/gnu_arm/12.2.rel1_2023.7/bin/../lib/gcc/arm-none-eabi/12.2.1/thumb/v8-m.main+fp/hard\libnosys.a
END GROUP
LOAD c:/siliconlabs/simplicitystudio/v5/developer/toolchains/gnu_arm/12.2.rel1_2023.7/bin/../lib/gcc/arm-none-eabi/12.2.1/thumb/v8-m.main+fp/hard/crtend.o
LOAD c:/siliconlabs/simplicitystudio/v5/developer/toolchains/gnu_arm/12.2.rel1_2023.7/bin/../lib/gcc/arm-none-eabi/12.2.1/thumb/v8-m.main+fp/hard/crtn.o

.vectors        0x08000000      0x1b4
                0x08000000                linker_vectors_begin = .
 *(.vectors)
 .vectors       0x08000000      0x1b4 ./simplicity_sdk_2025.6.0/platform/Device/SiliconLabs/EFR32MG26/Source/startup_efr32mg26.o
                0x08000000                __Vectors
                0x080001b4                linker_vectors_end = .
                0x080001b4                __Vectors_End = .
                0x080001b4                __Vectors_Size = (__Vectors_End - __Vectors)
                0x080001b4                __lma_ramfuncs_start__ = .

.stack          0x20000000     0x1000
                0x20000000                . = ALIGN (0x8)
                0x20000000                __StackLimit = .
 *(.stack*)
 .stack         0x20000000     0x1000 ./simplicity_sdk_2025.6.0/platform/service/memory_manager/src/sl_memory_manager_region.o
                0x20001000                . = ALIGN (0x4)
                0x20001000                __StackTop = .
                0x20001000                PROVIDE (__stack = __StackTop)

.bss            0x20001000      0x6fc
                0x20001000                . = ALIGN (0x4)
                0x20001000                __bss_start__ = .
 *(SORT_BY_ALIGNMENT(.bss*))
 .bss.object.0  0x20001000       0x18 c:/siliconlabs/simplicitystudio/v5/developer/toolchains/gnu_arm/12.2.rel1_2023.7/bin/../lib/gcc/arm-none-eabi/12.2.1/thumb/v8-m.main+fp/hard/crtbegin.o
 .bss._ZL18camera_buffer_size
                0x20001018        0x4 ./image_classifier.o
 .bss._ZL13camera_buffer
                0x2000101c        0x4 ./image_classifier.o
 .bss.arducam_context
                0x20001020       0x44 ./arducam/arducam.o
                0x20001020                arducam_context
 .bss.sl_iostream_recommended_console_stream
                0x20001064        0x4 ./autogen/sl_iostream_handles.o
                0x20001064                sl_iostream_recommended_console_stream
 .bss.context_vcom
                0x20001068       0xb4 ./autogen/sl_iostream_init_eusart_instances.o
 .bss.sl_iostream_vcom
                0x2000111c       0x1c ./autogen/sl_iostream_init_eusart_instances.o
 .bss.sl_spidrv_usart_camera_handle_data
                0x20001138       0x84 ./autogen/sl_spidrv_init.o
                0x20001138                sl_spidrv_usart_camera_handle_data
 .bss._ZN12jlink_streamL7contextE
                0x200011bc       0x90 ./jlink_stream/jlink_stream.o
 .bss.gpio_interrupts
                0x2000124c      0x168 ./simplicity_sdk_2025.6.0/platform/driver/gpio/src/sl_gpio.o
 .bss.dmaXfer   0x200013b4      0x100 ./simplicity_sdk_2025.6.0/platform/emdrv/dmadrv/src/dmadrv.o
 .bss.chTable   0x200014b4       0x80 ./simplicity_sdk_2025.6.0/platform/emdrv/dmadrv/src/dmadrv.o
 .bss.i2cTransfer
                0x20001534       0x30 ./simplicity_sdk_2025.6.0/platform/emlib/src/em_i2c.o
 .bss.sli_iostream_default
                0x20001564        0x4 ./simplicity_sdk_2025.6.0/platform/service/iostream/src/sl_iostream.o
 .bss.max_millisecond_conversion
                0x20001568        0x4 ./simplicity_sdk_2025.6.0/platform/service/sleeptimer/src/sl_sleeptimer.o
 .bss.last_delta_update_count
                0x2000156c        0x4 ./simplicity_sdk_2025.6.0/platform/service/sleeptimer/src/sl_sleeptimer.o
 .bss.timer_head
                0x20001570        0x4 ./simplicity_sdk_2025.6.0/platform/service/sleeptimer/src/sl_sleeptimer.o
 .bss.timer_frequency
                0x20001574        0x4 ./simplicity_sdk_2025.6.0/platform/service/sleeptimer/src/sl_sleeptimer.o
 .bss.overflow_counter
                0x20001578        0x4 ./simplicity_sdk_2025.6.0/platform/service/sleeptimer/src/sl_sleeptimer.o
 .bss.__malloc_sbrk_start
                0x2000157c        0x4 c:/siliconlabs/simplicitystudio/v5/developer/toolchains/gnu_arm/12.2.rel1_2023.7/bin/../lib/gcc/arm-none-eabi/12.2.1/thumb/v8-m.main+fp/hard\libc_nano.a(libc_a-mallocr.o)
                0x2000157c                __malloc_sbrk_start
 .bss.__malloc_free_list
                0x20001580        0x4 c:/siliconlabs/simplicitystudio/v5/developer/toolchains/gnu_arm/12.2.rel1_2023.7/bin/../lib/gcc/arm-none-eabi/12.2.1/thumb/v8-m.main+fp/hard\libc_nano.a(libc_a-mallocr.o)
                0x20001580                __malloc_free_list
 .bss.__sf      0x20001584      0x138 c:/siliconlabs/simplicitystudio/v5/developer/toolchains/gnu_arm/12.2.rel1_2023.7/bin/../lib/gcc/arm-none-eabi/12.2.1/thumb/v8-m.main+fp/hard\libc_nano.a(libc_a-findfp.o)
                0x20001584                __sf
 .bss.__stdio_exit_handler
                0x200016bc        0x4 c:/siliconlabs/simplicitystudio/v5/developer/toolchains/gnu_arm/12.2.rel1_2023.7/bin/../lib/gcc/arm-none-eabi/12.2.1/thumb/v8-m.main+fp/hard\libc_nano.a(libc_a-findfp.o)
                0x200016bc                __stdio_exit_handler
 .bss.errno     0x200016c0        0x4 c:/siliconlabs/simplicitystudio/v5/developer/toolchains/gnu_arm/12.2.rel1_2023.7/bin/../lib/gcc/arm-none-eabi/12.2.1/thumb/v8-m.main+fp/hard\libc_nano.a(libc_a-reent.o)
                0x200016c0                errno
 .bss.completed.1
                0x200016c4        0x1 c:/siliconlabs/simplicitystudio/v5/developer/toolchains/gnu_arm/12.2.rel1_2023.7/bin/../lib/gcc/arm-none-eabi/12.2.1/thumb/v8-m.main+fp/hard/crtbegin.o
 .bss.dummy_tx_buffer.0
                0x200016c5        0x1 ./arducam/drivers/m2mp/arducam_m_2mp_driver.o
 .bss.rx_buffer_vcom
                0x200016c6       0x20 ./autogen/sl_iostream_init_eusart_instances.o
 .bss.initialized
                0x200016e6        0x1 ./simplicity_sdk_2025.6.0/platform/emdrv/dmadrv/src/dmadrv.o
 .bss.spidrvIsInitialized
                0x200016e7        0x1 ./simplicity_sdk_2025.6.0/platform/emdrv/spidrv/src/spidrv.o
 .bss.pclkDiv   0x200016e8        0x1 ./simplicity_sdk_2025.6.0/platform/emlib/src/em_cmu.o
 .bss.vScaleEM01Config
                0x200016e9        0x1 ./simplicity_sdk_2025.6.0/platform/emlib/src/em_emu.o
 .bss.dali_rx_nb_packets
                0x200016ea        0x4 ./simplicity_sdk_2025.6.0/platform/emlib/src/em_eusart.o
 .bss.dali_tx_nb_packets
                0x200016ee        0x4 ./simplicity_sdk_2025.6.0/platform/emlib/src/em_eusart.o
 .bss.is_interrupt_manager_initialized
                0x200016f2        0x1 ./simplicity_sdk_2025.6.0/platform/service/interrupt_manager/src/sl_interrupt_manager_cortexm.o
 .bss.null_byte
                0x200016f3        0x1 ./simplicity_sdk_2025.6.0/platform/service/iostream/src/sl_iostream_uart.o
 .bss.sleep_on_isr_exit
                0x200016f4        0x1 ./simplicity_sdk_2025.6.0/platform/service/sleeptimer/src/sl_sleeptimer.o
 .bss.next_timer_to_expire_is_power_manager
                0x200016f5        0x1 ./simplicity_sdk_2025.6.0/platform/service/sleeptimer/src/sl_sleeptimer.o
 .bss.is_sleeptimer_initialized
                0x200016f6        0x1 ./simplicity_sdk_2025.6.0/platform/service/sleeptimer/src/sl_sleeptimer.o
 .bss.__lock___malloc_recursive_mutex
                0x200016f7        0x1 c:/siliconlabs/simplicitystudio/v5/developer/toolchains/gnu_arm/12.2.rel1_2023.7/bin/../lib/gcc/arm-none-eabi/12.2.1/thumb/v8-m.main+fp/hard\libc_nano.a(libc_a-lock.o)
                0x200016f7                __lock___malloc_recursive_mutex
 .bss.__lock___sfp_recursive_mutex
                0x200016f8        0x1 c:/siliconlabs/simplicitystudio/v5/developer/toolchains/gnu_arm/12.2.rel1_2023.7/bin/../lib/gcc/arm-none-eabi/12.2.1/thumb/v8-m.main+fp/hard\libc_nano.a(libc_a-lock.o)
                0x200016f8                __lock___sfp_recursive_mutex
 *(COMMON)
                0x200016fc                . = ALIGN (0x4)
 *fill*         0x200016f9        0x3 
                0x200016fc                __bss_end__ = .

.noinit         0x200016fc        0x0
 *(.noinit*)
                0x200016fc                . = ALIGN (0x4)

text_application_ram
                0x200016fc        0x0 load address 0x080001b4
                0x200016fc                . = ALIGN (0x4)
                0x200016fc                __vma_ramfuncs_start__ = .
                0x200016fc                __text_application_ram_start__ = .
 *(text_application_ram)
                0x200016fc                . = ALIGN (0x4)
                0x200016fc                __vma_ramfuncs_end__ = .
                0x200016fc                __text_application_ram_end__ = .

.rodata         0x080001b4        0x0
                0x080001b4                __lma_ramfuncs_end__ = .
                0x080001b4                __rodata_start__ = .
                0x080001b4                __rodata_end__ = .

.text           0x080001c0     0x9a28
                0x080001c0                linker_code_begin = .
 *(SORT_BY_ALIGNMENT(.text*))
 .text          0x080001c0        0x8 ./simplicity_sdk_2025.6.0/platform/service/udelay/src/sl_udelay_armv6m_gcc.o
                0x080001c0                sli_delay_loop
 .text.deregister_tm_clones
                0x080001c8       0x1c c:/siliconlabs/simplicitystudio/v5/developer/toolchains/gnu_arm/12.2.rel1_2023.7/bin/../lib/gcc/arm-none-eabi/12.2.1/thumb/v8-m.main+fp/hard/crtbegin.o
 .text.register_tm_clones
                0x080001e4       0x28 c:/siliconlabs/simplicitystudio/v5/developer/toolchains/gnu_arm/12.2.rel1_2023.7/bin/../lib/gcc/arm-none-eabi/12.2.1/thumb/v8-m.main+fp/hard/crtbegin.o
 .text.__do_global_dtors_aux
                0x0800020c       0x28 c:/siliconlabs/simplicitystudio/v5/developer/toolchains/gnu_arm/12.2.rel1_2023.7/bin/../lib/gcc/arm-none-eabi/12.2.1/thumb/v8-m.main+fp/hard/crtbegin.o
 .text.frame_dummy
                0x08000234       0x24 c:/siliconlabs/simplicitystudio/v5/developer/toolchains/gnu_arm/12.2.rel1_2023.7/bin/../lib/gcc/arm-none-eabi/12.2.1/thumb/v8-m.main+fp/hard/crtbegin.o
 .text          0x08000258       0x7c c:/siliconlabs/simplicitystudio/v5/developer/toolchains/gnu_arm/12.2.rel1_2023.7/bin/../lib/gcc/arm-none-eabi/12.2.1/thumb/v8-m.main+fp/hard/crt0.o
                0x08000258                _stack_init
                0x08000260                _start
                0x08000260                _mainCRTStartup
 .text.camera_jlink_test_init
                0x080002d4      0x170 ./image_classifier.o
                0x080002d4                camera_jlink_test_init
 .text.camera_jlink_test_loop
                0x08000444      0x178 ./image_classifier.o
                0x08000444                camera_jlink_test_loop
 .text.arducam_poll
                0x080005bc       0xe0 ./arducam/arducam.o
                0x080005bc                arducam_poll
 .text.arducam_start_capture
                0x0800069c       0x4c ./arducam/arducam.o
                0x0800069c                arducam_start_capture
 .text.arducam_get_next_image
                0x080006e8       0xd4 ./arducam/arducam.o
                0x080006e8                arducam_get_next_image
 .text.arducam_release_image
                0x080007bc       0x54 ./arducam/arducam.o
                0x080007bc                arducam_release_image
 .text.arducam_calculate_image_size
                0x08000810       0x18 ./arducam/arducam.o
                0x08000810                arducam_calculate_image_size
 .text.arducam_init
                0x08000828       0x74 ./arducam/arducam.o
                0x08000828                arducam_init
 .text.do_i2c_transfer.constprop.0
                0x0800089c       0x34 ./arducam/drivers/m2mp/arducam_m_2mp_driver.o
 .text.GPIO_PinOutSet.constprop.0
                0x080008d0       0x2c ./arducam/drivers/m2mp/arducam_m_2mp_driver.o
 .text.on_dma_rx_complete_irq_handler
                0x080008fc       0xec ./arducam/drivers/m2mp/arducam_m_2mp_driver.o
 .text.GPIO_PinOutClear.constprop.0
                0x080009e8       0x2c ./arducam/drivers/m2mp/arducam_m_2mp_driver.o
 .text.arducam_driver_i2c_write_reg
                0x08000a14       0x28 ./arducam/drivers/m2mp/arducam_m_2mp_driver.o
                0x08000a14                arducam_driver_i2c_write_reg
 .text.arducam_driver_i2c_read_reg
                0x08000a3c       0x30 ./arducam/drivers/m2mp/arducam_m_2mp_driver.o
                0x08000a3c                arducam_driver_i2c_read_reg
 .text.arducam_driver_spi_write_reg
                0x08000a6c       0x6c ./arducam/drivers/m2mp/arducam_m_2mp_driver.o
                0x08000a6c                arducam_driver_spi_write_reg
 .text.arducam_driver_spi_read_reg
                0x08000ad8       0x6c ./arducam/drivers/m2mp/arducam_m_2mp_driver.o
                0x08000ad8                arducam_driver_spi_read_reg
 .text.arducam_driver_init
                0x08000b44      0x1c0 ./arducam/drivers/m2mp/arducam_m_2mp_driver.o
                0x08000b44                arducam_driver_init
 .text.arducam_driver_spi_burst_read
                0x08000d04       0x60 ./arducam/drivers/m2mp/arducam_m_2mp_driver.o
                0x08000d04                arducam_driver_spi_burst_read
 .text.set_format
                0x08000d64       0x38 ./arducam/drivers/m2mp/ov2640.o
 .text.set_framesize
                0x08000d9c       0xcc ./arducam/drivers/m2mp/ov2640.o
 .text.ov2640_init
                0x08000e68       0xf0 ./arducam/drivers/m2mp/ov2640.o
                0x08000e68                ov2640_init
 .text.sl_i2cspm_init_instances
                0x08000f58       0x1c ./autogen/sl_i2cspm_init.o
                0x08000f58                sl_i2cspm_init_instances
 .text.sl_iostream_set_console_instance
                0x08000f74       0x24 ./autogen/sl_iostream_handles.o
                0x08000f74                sl_iostream_set_console_instance
 .text.sl_iostream_eusart_init_vcom
                0x08000f98       0xa8 ./autogen/sl_iostream_init_eusart_instances.o
                0x08000f98                sl_iostream_eusart_init_vcom
 .text.EUSART0_RX_IRQHandler
                0x08001040        0xc ./autogen/sl_iostream_init_eusart_instances.o
                0x08001040                EUSART0_RX_IRQHandler
 .text.sl_spidrv_init_instances
                0x0800104c       0x14 ./autogen/sl_spidrv_init.o
                0x0800104c                sl_spidrv_init_instances
 .text._ZN12jlink_streamL19find_stream_by_nameEPKcPPNS_12StreamBufferE
                0x08001060       0x44 ./jlink_stream/jlink_stream.o
 .text._ZN12jlink_streamL28find_stream_for_command_nameEPPNS_12StreamBufferE
                0x080010a4       0x38 ./jlink_stream/jlink_stream.o
 .text._ZN12jlink_stream10initializeEv
                0x080010dc       0x34 ./jlink_stream/jlink_stream.o
                0x080010dc                jlink_stream::initialize()
 .text._ZN12jlink_stream15register_streamEPKcNS_15StreamDirectionEPFvS1_mPvEPFvS1_bS3_ES3_
                0x08001110       0xb4 ./jlink_stream/jlink_stream.o
                0x08001110                jlink_stream::register_stream(char const*, jlink_stream::StreamDirection, void (*)(char const*, unsigned long, void*), void (*)(char const*, bool, void*), void*)
 .text._ZN12jlink_stream9write_allEPKcPKvm
                0x080011c4       0xd0 ./jlink_stream/jlink_stream.o
                0x080011c4                jlink_stream::write_all(char const*, void const*, unsigned long)
 .text._ZN12jlink_stream15process_commandEv
                0x08001294      0x230 ./jlink_stream/jlink_stream.o
                0x08001294                jlink_stream::process_command()
 .text._Z26jlink_stream_internal_initPmS_m
                0x080014c4       0x2c ./jlink_stream/jlink_stream_internal.o
                0x080014c4                jlink_stream_internal_init(unsigned long*, unsigned long*, unsigned long)
 .text.sl_board_init
                0x080014f0       0x18 ./simplicity_sdk_2025.6.0/hardware/board/src/sl_board_init.o
                0x080014f0                sl_board_init
 .text.sl_board_preinit
                0x08001508        0xc ./simplicity_sdk_2025.6.0/hardware/board/src/sl_board_init.o
                0x08001508                sl_board_preinit
 .text.sl_mx25_flash_shutdown
                0x08001514      0x174 ./simplicity_sdk_2025.6.0/hardware/driver/mx25_flash_shutdown/src/sl_mx25_flash_shutdown_eusart/sl_mx25_flash_shutdown.o
                0x08001514                sl_mx25_flash_shutdown
 .text.CopyToRam
                0x08001688       0x1c ./simplicity_sdk_2025.6.0/platform/Device/SiliconLabs/EFR32MG26/Source/startup_efr32mg26.o
                0x08001688                CopyToRam
 .text.Reset_Handler
                0x080016a4       0x6c ./simplicity_sdk_2025.6.0/platform/Device/SiliconLabs/EFR32MG26/Source/startup_efr32mg26.o
                0x080016a4                Reset_Handler
 .text.SystemInit
                0x08001710       0x68 ./simplicity_sdk_2025.6.0/platform/Device/SiliconLabs/EFR32MG26/Source/system_efr32mg26.o
                0x08001710                SystemInit
 .text.SystemHFRCODPLLClockSet
                0x08001778        0xc ./simplicity_sdk_2025.6.0/platform/Device/SiliconLabs/EFR32MG26/Source/system_efr32mg26.o
                0x08001778                SystemHFRCODPLLClockSet
 .text.SystemHFXOClockSet
                0x08001784       0x20 ./simplicity_sdk_2025.6.0/platform/Device/SiliconLabs/EFR32MG26/Source/system_efr32mg26.o
                0x08001784                SystemHFXOClockSet
 .text.sl_slist_push_back
                0x080017a4       0x24 ./simplicity_sdk_2025.6.0/platform/common/src/sl_slist.o
                0x080017a4                sl_slist_push_back
 .text.sl_slist_pop
                0x080017c8       0x20 ./simplicity_sdk_2025.6.0/platform/common/src/sl_slist.o
                0x080017c8                sl_slist_pop
 .text.sl_debug_swo_init
                0x080017e8       0xcc ./simplicity_sdk_2025.6.0/platform/driver/debug/src/sl_debug_swo.o
                0x080017e8                sl_debug_swo_init
 .text.sl_debug_swo_write_u8
                0x080018b4       0x44 ./simplicity_sdk_2025.6.0/platform/driver/debug/src/sl_debug_swo.o
                0x080018b4                sl_debug_swo_write_u8
 .text.sl_gpio_dispatch_interrupt
                0x080018f8       0x5c ./simplicity_sdk_2025.6.0/platform/driver/gpio/src/sl_gpio.o
 .text.sl_gpio_init
                0x08001954       0x38 ./simplicity_sdk_2025.6.0/platform/driver/gpio/src/sl_gpio.o
                0x08001954                sl_gpio_init
 .text.sl_gpio_set_pin_mode
                0x0800198c       0x88 ./simplicity_sdk_2025.6.0/platform/driver/gpio/src/sl_gpio.o
                0x0800198c                sl_gpio_set_pin_mode
 .text.sl_gpio_set_pin
                0x08001a14       0x60 ./simplicity_sdk_2025.6.0/platform/driver/gpio/src/sl_gpio.o
                0x08001a14                sl_gpio_set_pin
 .text.sl_gpio_clear_pin
                0x08001a74       0x64 ./simplicity_sdk_2025.6.0/platform/driver/gpio/src/sl_gpio.o
                0x08001a74                sl_gpio_clear_pin
 .text.GPIO_EVEN_IRQHandler
                0x08001ad8       0x20 ./simplicity_sdk_2025.6.0/platform/driver/gpio/src/sl_gpio.o
                0x08001ad8                GPIO_EVEN_IRQHandler
 .text.GPIO_ODD_IRQHandler
                0x08001af8       0x20 ./simplicity_sdk_2025.6.0/platform/driver/gpio/src/sl_gpio.o
                0x08001af8                GPIO_ODD_IRQHandler
 .text.I2CSPM_Init
                0x08001b18       0xf0 ./simplicity_sdk_2025.6.0/platform/driver/i2cspm/src/sl_i2cspm.o
                0x08001b18                I2CSPM_Init
 .text.StartTransfer
                0x08001c08      0x17c ./simplicity_sdk_2025.6.0/platform/emdrv/dmadrv/src/dmadrv.o
 .text.DMADRV_AllocateChannel
                0x08001d84       0x60 ./simplicity_sdk_2025.6.0/platform/emdrv/dmadrv/src/dmadrv.o
                0x08001d84                DMADRV_AllocateChannel
 .text.DMADRV_DeInit
                0x08001de4       0x44 ./simplicity_sdk_2025.6.0/platform/emdrv/dmadrv/src/dmadrv.o
                0x08001de4                DMADRV_DeInit
 .text.DMADRV_FreeChannel
                0x08001e28       0x4c ./simplicity_sdk_2025.6.0/platform/emdrv/dmadrv/src/dmadrv.o
                0x08001e28                DMADRV_FreeChannel
 .text.DMADRV_Init
                0x08001e74       0x68 ./simplicity_sdk_2025.6.0/platform/emdrv/dmadrv/src/dmadrv.o
                0x08001e74                DMADRV_Init
 .text.DMADRV_LdmaStartTransfer
                0x08001edc       0x4c ./simplicity_sdk_2025.6.0/platform/emdrv/dmadrv/src/dmadrv.o
                0x08001edc                DMADRV_LdmaStartTransfer
 .text.DMADRV_PauseTransfer
                0x08001f28       0x40 ./simplicity_sdk_2025.6.0/platform/emdrv/dmadrv/src/dmadrv.o
                0x08001f28                DMADRV_PauseTransfer
 .text.DMADRV_ResumeTransfer
                0x08001f68       0x40 ./simplicity_sdk_2025.6.0/platform/emdrv/dmadrv/src/dmadrv.o
                0x08001f68                DMADRV_ResumeTransfer
 .text.LDMA_IRQHandler
                0x08001fa8       0x74 ./simplicity_sdk_2025.6.0/platform/emdrv/dmadrv/src/dmadrv.o
                0x08001fa8                LDMA_IRQHandler
 .text.SPIDRV_Init
                0x0800201c      0x3ec ./simplicity_sdk_2025.6.0/platform/emdrv/spidrv/src/spidrv.o
                0x0800201c                SPIDRV_Init
 .text.EMU_VScaleGet
                0x08002408       0x18 ./simplicity_sdk_2025.6.0/platform/emlib/src/em_cmu.o
 .text.dpllRefClkGet
                0x08002420       0x48 ./simplicity_sdk_2025.6.0/platform/emlib/src/em_cmu.o
 .text.em23GrpaClkGet
                0x08002468       0x48 ./simplicity_sdk_2025.6.0/platform/emlib/src/em_cmu.o
 .text.em4GrpaClkGet
                0x080024b0       0x48 ./simplicity_sdk_2025.6.0/platform/emlib/src/em_cmu.o
 .text.sysrtcClkGet
                0x080024f8       0x48 ./simplicity_sdk_2025.6.0/platform/emlib/src/em_cmu.o
 .text.traceClkGet
                0x08002540       0x54 ./simplicity_sdk_2025.6.0/platform/emlib/src/em_cmu.o
 .text.em01GrpaClkGet
                0x08002594       0x74 ./simplicity_sdk_2025.6.0/platform/emlib/src/em_cmu.o
 .text.em01GrpcClkGet
                0x08002608       0x70 ./simplicity_sdk_2025.6.0/platform/emlib/src/em_cmu.o
 .text.eusart0ClkGet
                0x08002678       0x74 ./simplicity_sdk_2025.6.0/platform/emlib/src/em_cmu.o
 .text.iadcClkGet
                0x080026ec       0x60 ./simplicity_sdk_2025.6.0/platform/emlib/src/em_cmu.o
 .text.wdog0ClkGet
                0x0800274c       0x64 ./simplicity_sdk_2025.6.0/platform/emlib/src/em_cmu.o
 .text.wdog1ClkGet
                0x080027b0       0x64 ./simplicity_sdk_2025.6.0/platform/emlib/src/em_cmu.o
 .text.lcdClkGet
                0x08002814       0x54 ./simplicity_sdk_2025.6.0/platform/emlib/src/em_cmu.o
 .text.vdac0ClkGet
                0x08002868       0x70 ./simplicity_sdk_2025.6.0/platform/emlib/src/em_cmu.o
 .text.vdac1ClkGet
                0x080028d8       0x70 ./simplicity_sdk_2025.6.0/platform/emlib/src/em_cmu.o
 .text.pcnt0ClkGet
                0x08002948       0x4c ./simplicity_sdk_2025.6.0/platform/emlib/src/em_cmu.o
 .text.HFRCODPLLDevinfoGet
                0x08002994      0x108 ./simplicity_sdk_2025.6.0/platform/emlib/src/em_cmu.o
 .text.CMU_ClockDivGet
                0x08002a9c       0x78 ./simplicity_sdk_2025.6.0/platform/emlib/src/em_cmu.o
                0x08002a9c                CMU_ClockDivGet
 .text.flashWaitStateControl
                0x08002b14       0x58 ./simplicity_sdk_2025.6.0/platform/emlib/src/em_cmu.o
 .text.CMU_ClockEnable
                0x08002b6c       0x4c ./simplicity_sdk_2025.6.0/platform/emlib/src/em_cmu.o
                0x08002b6c                CMU_ClockEnable
 .text.CMU_ClockFreqGet
                0x08002bb8      0x288 ./simplicity_sdk_2025.6.0/platform/emlib/src/em_cmu.o
                0x08002bb8                CMU_ClockFreqGet
 .text.rhclkPrescOptimize
                0x08002e40       0x20 ./simplicity_sdk_2025.6.0/platform/emlib/src/em_cmu.o
 .text.CMU_ClockSelectGet
                0x08002e60      0x27c ./simplicity_sdk_2025.6.0/platform/emlib/src/em_cmu.o
                0x08002e60                CMU_ClockSelectGet
 .text.sli_em_cmu_SYSTICEXTCLKENClear
                0x080030dc       0x30 ./simplicity_sdk_2025.6.0/platform/emlib/src/em_cmu.o
                0x080030dc                sli_em_cmu_SYSTICEXTCLKENClear
 .text.CMU_HFXOInit
                0x0800310c      0x224 ./simplicity_sdk_2025.6.0/platform/emlib/src/em_cmu.o
                0x0800310c                CMU_HFXOInit
 .text.CMU_HFXOCTuneDeltaGet
                0x08003330        0xc ./simplicity_sdk_2025.6.0/platform/emlib/src/em_cmu.o
                0x08003330                CMU_HFXOCTuneDeltaGet
 .text.CMU_LFXOInit
                0x0800333c       0xc4 ./simplicity_sdk_2025.6.0/platform/emlib/src/em_cmu.o
                0x0800333c                CMU_LFXOInit
 .text.CMU_LFXOPrecisionSet
                0x08003400        0xc ./simplicity_sdk_2025.6.0/platform/emlib/src/em_cmu.o
                0x08003400                CMU_LFXOPrecisionSet
 .text.CMU_HFXOPrecisionSet
                0x0800340c        0xc ./simplicity_sdk_2025.6.0/platform/emlib/src/em_cmu.o
                0x0800340c                CMU_HFXOPrecisionSet
 .text.CMU_LFRCOSetPrecision
                0x08003418       0x80 ./simplicity_sdk_2025.6.0/platform/emlib/src/em_cmu.o
                0x08003418                CMU_LFRCOSetPrecision
 .text.CMU_ClockDivSet
                0x08003498      0x12c ./simplicity_sdk_2025.6.0/platform/emlib/src/em_cmu.o
                0x08003498                CMU_ClockDivSet
 .text.sli_em_cmu_SYSCLKInitPreClockSelect
                0x080035c4       0x30 ./simplicity_sdk_2025.6.0/platform/emlib/src/em_cmu.o
                0x080035c4                sli_em_cmu_SYSCLKInitPreClockSelect
 .text.pclkDivOptimize
                0x080035f4       0x24 ./simplicity_sdk_2025.6.0/platform/emlib/src/em_cmu.o
 .text.sli_em_cmu_SYSCLKInitPostClockSelect
                0x08003618       0x40 ./simplicity_sdk_2025.6.0/platform/emlib/src/em_cmu.o
                0x08003618                sli_em_cmu_SYSCLKInitPostClockSelect
 .text.CMU_HFRCODPLLBandSet
                0x08003658      0x11c ./simplicity_sdk_2025.6.0/platform/emlib/src/em_cmu.o
                0x08003658                CMU_HFRCODPLLBandSet
 .text.CMU_HFRCOEM23BandSet
                0x08003774      0x168 ./simplicity_sdk_2025.6.0/platform/emlib/src/em_cmu.o
                0x08003774                CMU_HFRCOEM23BandSet
 .text.EMU_DCDCSync
                0x080038dc       0x10 ./simplicity_sdk_2025.6.0/platform/emlib/src/em_emu.o
 .text.EMU_EM4Init
                0x080038ec       0x14 ./simplicity_sdk_2025.6.0/platform/emlib/src/em_emu.o
                0x080038ec                EMU_EM4Init
 .text.EMU_VScaleEM01
                0x08003900       0xa8 ./simplicity_sdk_2025.6.0/platform/emlib/src/em_emu.o
                0x08003900                EMU_VScaleEM01
 .text.EMU_VScaleEM01ByClock
                0x080039a8       0x30 ./simplicity_sdk_2025.6.0/platform/emlib/src/em_emu.o
                0x080039a8                EMU_VScaleEM01ByClock
 .text.EMU_DCDCModeSet
                0x080039d8       0xac ./simplicity_sdk_2025.6.0/platform/emlib/src/em_emu.o
                0x080039d8                EMU_DCDCModeSet
 .text.EMU_DCDCInit
                0x08003a84       0x70 ./simplicity_sdk_2025.6.0/platform/emlib/src/em_emu.o
                0x08003a84                EMU_DCDCInit
 .text.EMU_DCDCSetPFMXModePeakCurrent
                0x08003af4       0x6c ./simplicity_sdk_2025.6.0/platform/emlib/src/em_emu.o
                0x08003af4                EMU_DCDCSetPFMXModePeakCurrent
 .text.EUSART_ClockGet
                0x08003b60       0x48 ./simplicity_sdk_2025.6.0/platform/emlib/src/em_eusart.o
 .text.EUSART_Reset
                0x08003ba8       0x54 ./simplicity_sdk_2025.6.0/platform/emlib/src/em_eusart.o
                0x08003ba8                EUSART_Reset
 .text.EUSART_Enable
                0x08003bfc       0x7c ./simplicity_sdk_2025.6.0/platform/emlib/src/em_eusart.o
                0x08003bfc                EUSART_Enable
 .text.EUSART_BaudrateSet
                0x08003c78      0x1c8 ./simplicity_sdk_2025.6.0/platform/emlib/src/em_eusart.o
                0x08003c78                EUSART_BaudrateSet
 .text.EUSART_AsyncInitCommon
                0x08003e40      0x2c4 ./simplicity_sdk_2025.6.0/platform/emlib/src/em_eusart.o
 .text.EUSART_UartInitHf
                0x08004104       0x6c ./simplicity_sdk_2025.6.0/platform/emlib/src/em_eusart.o
                0x08004104                EUSART_UartInitHf
 .text.EUSART_UartInitLf
                0x08004170       0xb8 ./simplicity_sdk_2025.6.0/platform/emlib/src/em_eusart.o
                0x08004170                EUSART_UartInitLf
 .text.EUSART_SpiInit
                0x08004228      0x284 ./simplicity_sdk_2025.6.0/platform/emlib/src/em_eusart.o
                0x08004228                EUSART_SpiInit
 .text.GPIO_PinOutSet
                0x080044ac       0x3c ./simplicity_sdk_2025.6.0/platform/emlib/src/em_gpio.o
 .text.GPIO_PinOutClear
                0x080044e8       0x3c ./simplicity_sdk_2025.6.0/platform/emlib/src/em_gpio.o
 .text.GPIO_PinModeSet
                0x08004524       0x94 ./simplicity_sdk_2025.6.0/platform/emlib/src/em_gpio.o
                0x08004524                GPIO_PinModeSet
 .text.I2C_BusFreqSet
                0x080045b8      0x118 ./simplicity_sdk_2025.6.0/platform/emlib/src/em_i2c.o
                0x080045b8                I2C_BusFreqSet
 .text.I2C_Enable
                0x080046d0       0x48 ./simplicity_sdk_2025.6.0/platform/emlib/src/em_i2c.o
                0x080046d0                I2C_Enable
 .text.I2C_Init
                0x08004718       0x74 ./simplicity_sdk_2025.6.0/platform/emlib/src/em_i2c.o
                0x08004718                I2C_Init
 .text.I2C_Transfer
                0x0800478c      0x244 ./simplicity_sdk_2025.6.0/platform/emlib/src/em_i2c.o
                0x0800478c                I2C_Transfer
 .text.I2C_TransferInit
                0x080049d0       0xf4 ./simplicity_sdk_2025.6.0/platform/emlib/src/em_i2c.o
                0x080049d0                I2C_TransferInit
 .text.LDMA_DeInit
                0x08004ac4       0x2c ./simplicity_sdk_2025.6.0/platform/emlib/src/em_ldma.o
                0x08004ac4                LDMA_DeInit
 .text.LDMA_EnableChannelRequest
                0x08004af0       0x40 ./simplicity_sdk_2025.6.0/platform/emlib/src/em_ldma.o
                0x08004af0                LDMA_EnableChannelRequest
 .text.LDMA_Init
                0x08004b30       0x90 ./simplicity_sdk_2025.6.0/platform/emlib/src/em_ldma.o
                0x08004b30                LDMA_Init
 .text.LDMA_StartTransfer
                0x08004bc0       0xf8 ./simplicity_sdk_2025.6.0/platform/emlib/src/em_ldma.o
                0x08004bc0                LDMA_StartTransfer
 .text.LDMA_StopTransfer
                0x08004cb8       0x38 ./simplicity_sdk_2025.6.0/platform/emlib/src/em_ldma.o
                0x08004cb8                LDMA_StopTransfer
 .text.LDMA_TransferDone
                0x08004cf0       0x44 ./simplicity_sdk_2025.6.0/platform/emlib/src/em_ldma.o
                0x08004cf0                LDMA_TransferDone
 .text.LDMA_TransferRemainingCount
                0x08004d34       0x44 ./simplicity_sdk_2025.6.0/platform/emlib/src/em_ldma.o
                0x08004d34                LDMA_TransferRemainingCount
 .text.prsRxInput
                0x08004d78       0x44 ./simplicity_sdk_2025.6.0/platform/emlib/src/em_usart.o
 .text.USART_BaudrateSyncSet
                0x08004dbc       0x48 ./simplicity_sdk_2025.6.0/platform/emlib/src/em_usart.o
                0x08004dbc                USART_BaudrateSyncSet
 .text.USART_Enable
                0x08004e04       0x4c ./simplicity_sdk_2025.6.0/platform/emlib/src/em_usart.o
                0x08004e04                USART_Enable
 .text.USART_Reset
                0x08004e50       0x80 ./simplicity_sdk_2025.6.0/platform/emlib/src/em_usart.o
                0x08004e50                USART_Reset
 .text.USART_InitSync
                0x08004ed0       0xb0 ./simplicity_sdk_2025.6.0/platform/emlib/src/em_usart.o
                0x08004ed0                USART_InitSync
 .text.sl_hal_gpio_clear_pin
                0x08004f80       0x5c ./simplicity_sdk_2025.6.0/platform/peripheral/src/sl_hal_gpio.o
                0x08004f80                sl_hal_gpio_clear_pin
 .text.sl_hal_gpio_get_enabled_pending_interrupts
                0x08004fdc       0x14 ./simplicity_sdk_2025.6.0/platform/peripheral/src/sl_hal_gpio.o
                0x08004fdc                sl_hal_gpio_get_enabled_pending_interrupts
 .text.sl_hal_gpio_set_pin_mode
                0x08004ff0       0xd8 ./simplicity_sdk_2025.6.0/platform/peripheral/src/sl_hal_gpio.o
                0x08004ff0                sl_hal_gpio_set_pin_mode
 .text.sl_hal_sysrtc_wait_ready
                0x080050c8       0x1c ./simplicity_sdk_2025.6.0/platform/peripheral/src/sl_hal_sysrtc.o
                0x080050c8                sl_hal_sysrtc_wait_ready
 .text.sl_hal_sysrtc_stop
                0x080050e4       0x28 ./simplicity_sdk_2025.6.0/platform/peripheral/src/sl_hal_sysrtc.o
                0x080050e4                sl_hal_sysrtc_stop
 .text.sl_hal_sysrtc_enable
                0x0800510c       0x18 ./simplicity_sdk_2025.6.0/platform/peripheral/src/sl_hal_sysrtc.o
                0x0800510c                sl_hal_sysrtc_enable
 .text.sl_hal_sysrtc_disable
                0x08005124       0x1c ./simplicity_sdk_2025.6.0/platform/peripheral/src/sl_hal_sysrtc.o
                0x08005124                sl_hal_sysrtc_disable
 .text.sl_hal_sysrtc_init
                0x08005140       0x24 ./simplicity_sdk_2025.6.0/platform/peripheral/src/sl_hal_sysrtc.o
                0x08005140                sl_hal_sysrtc_init
 .text.sl_hal_sysrtc_init_group
                0x08005164       0x44 ./simplicity_sdk_2025.6.0/platform/peripheral/src/sl_hal_sysrtc.o
                0x08005164                sl_hal_sysrtc_init_group
 .text.sli_clock_manager_hal_init
                0x080051a8      0x27c ./simplicity_sdk_2025.6.0/platform/service/clock_manager/src/sl_clock_manager_init_hal_s2.o
                0x080051a8                sli_clock_manager_hal_init
 .text.sl_device_init_dcdc
                0x08005424       0x2c ./simplicity_sdk_2025.6.0/platform/service/device_init/src/sl_device_init_dcdc_s2.o
                0x08005424                sl_device_init_dcdc
 .text.sl_device_init_emu
                0x08005450       0x24 ./simplicity_sdk_2025.6.0/platform/service/device_init/src/sl_device_init_emu_s2.o
                0x08005450                sl_device_init_emu
 .text.sl_interrupt_manager_disable_irq
                0x08005474       0x3c ./simplicity_sdk_2025.6.0/platform/service/interrupt_manager/src/sl_interrupt_manager_cortexm.o
                0x08005474                sl_interrupt_manager_disable_irq
 .text.sl_interrupt_manager_enable_irq
                0x080054b0       0x34 ./simplicity_sdk_2025.6.0/platform/service/interrupt_manager/src/sl_interrupt_manager_cortexm.o
                0x080054b0                sl_interrupt_manager_enable_irq
 .text.sl_interrupt_manager_is_irq_disabled
                0x080054e4       0x30 ./simplicity_sdk_2025.6.0/platform/service/interrupt_manager/src/sl_interrupt_manager_cortexm.o
                0x080054e4                sl_interrupt_manager_is_irq_disabled
 .text.sl_interrupt_manager_clear_irq_pending
                0x08005514       0x1c ./simplicity_sdk_2025.6.0/platform/service/interrupt_manager/src/sl_interrupt_manager_cortexm.o
                0x08005514                sl_interrupt_manager_clear_irq_pending
 .text.sl_interrupt_manager_set_irq_priority
                0x08005530       0x54 ./simplicity_sdk_2025.6.0/platform/service/interrupt_manager/src/sl_interrupt_manager_cortexm.o
                0x08005530                sl_interrupt_manager_set_irq_priority
 .text.sl_interrupt_manager_init
                0x08005584       0x34 ./simplicity_sdk_2025.6.0/platform/service/interrupt_manager/src/sl_interrupt_manager_cortexm.o
                0x08005584                sl_interrupt_manager_init
 .text.sl_iostream_set_default
                0x080055b8       0x18 ./simplicity_sdk_2025.6.0/platform/service/iostream/src/sl_iostream.o
                0x080055b8                sl_iostream_set_default
 .text.sl_iostream_get_default
                0x080055d0       0x18 ./simplicity_sdk_2025.6.0/platform/service/iostream/src/sl_iostream.o
                0x080055d0                sl_iostream_get_default
 .text.sl_iostream_eusart_init
                0x080055e8      0x24c ./simplicity_sdk_2025.6.0/platform/service/iostream/src/sl_iostream_eusart.o
                0x080055e8                sl_iostream_eusart_init
 .text.sl_iostream_eusart_irq_handler
                0x08005834       0x10 ./simplicity_sdk_2025.6.0/platform/service/iostream/src/sl_iostream_eusart.o
                0x08005834                sl_iostream_eusart_irq_handler
 .text._write   0x08005844       0x20 ./simplicity_sdk_2025.6.0/platform/service/iostream/src/sl_iostream_retarget_stdio.o
                0x08005844                _write
 .text.__rx_buffer_empty
                0x08005864       0x34 ./simplicity_sdk_2025.6.0/platform/service/iostream/src/sl_iostream_uart.o
 .text.__rx_buffer_full
                0x08005898       0x4c ./simplicity_sdk_2025.6.0/platform/service/iostream/src/sl_iostream_uart.o
 .text.__get_write_ptr
                0x080058e4       0x60 ./simplicity_sdk_2025.6.0/platform/service/iostream/src/sl_iostream_uart.o
 .text.__uart_async_start_write
                0x08005944       0x74 ./simplicity_sdk_2025.6.0/platform/service/iostream/src/sl_iostream_uart.o
 .text.set_new_data_detect
                0x080059b8      0x174 ./simplicity_sdk_2025.6.0/platform/service/iostream/src/sl_iostream_uart.o
 .text.__uart_async_tx_dma_callback
                0x08005b2c       0x40 ./simplicity_sdk_2025.6.0/platform/service/iostream/src/sl_iostream_uart.o
 .text.rx_buffer_empty
                0x08005b6c       0x38 ./simplicity_sdk_2025.6.0/platform/service/iostream/src/sl_iostream_uart.o
 .text.uart_read
                0x08005ba4      0x2cc ./simplicity_sdk_2025.6.0/platform/service/iostream/src/sl_iostream_uart.o
 .text.uart_write
                0x08005e70      0x124 ./simplicity_sdk_2025.6.0/platform/service/iostream/src/sl_iostream_uart.o
 .text.sli_iostream_uart_context_init
                0x08005f94      0x150 ./simplicity_sdk_2025.6.0/platform/service/iostream/src/sl_iostream_uart.o
                0x08005f94                sli_iostream_uart_context_init
 .text.uart_deinit
                0x080060e4       0x9c ./simplicity_sdk_2025.6.0/platform/service/iostream/src/sl_iostream_uart.o
 .text._sbrk    0x08006180       0x20 ./simplicity_sdk_2025.6.0/platform/service/memory_manager/src/sl_memory_manager_region.o
                0x08006180                _sbrk
 .text.sl_sleeptimer_init
                0x080061a0       0x74 ./simplicity_sdk_2025.6.0/platform/service/sleeptimer/src/sl_sleeptimer.o
                0x080061a0                sl_sleeptimer_init
 .text.sl_sleeptimer_delay_millisecond
                0x08006214       0x38 ./simplicity_sdk_2025.6.0/platform/service/sleeptimer/src/sl_sleeptimer.o
                0x08006214                sl_sleeptimer_delay_millisecond
 .text.sleeptimer_hal_init_timer
                0x0800624c       0x6c ./simplicity_sdk_2025.6.0/platform/service/sleeptimer/src/sl_sleeptimer_hal_sysrtc.o
                0x0800624c                sleeptimer_hal_init_timer
 .text.sl_udelay_wait
                0x080062b8       0x58 ./simplicity_sdk_2025.6.0/platform/service/udelay/src/sl_udelay.o
                0x080062b8                sl_udelay_wait
 .text          0x08006310       0x30 c:/siliconlabs/simplicitystudio/v5/developer/toolchains/gnu_arm/12.2.rel1_2023.7/bin/../lib/gcc/arm-none-eabi/12.2.1/thumb/v8-m.main+fp/hard\libgcc.a(_aeabi_uldivmod.o)
                0x08006310                __aeabi_uldivmod
 .text.__udivmoddi4
                0x08006340      0x2ec c:/siliconlabs/simplicitystudio/v5/developer/toolchains/gnu_arm/12.2.rel1_2023.7/bin/../lib/gcc/arm-none-eabi/12.2.1/thumb/v8-m.main+fp/hard\libgcc.a(_udivmoddi4.o)
                0x08006340                __udivmoddi4
 .text          0x0800662c        0x4 c:/siliconlabs/simplicitystudio/v5/developer/toolchains/gnu_arm/12.2.rel1_2023.7/bin/../lib/gcc/arm-none-eabi/12.2.1/thumb/v8-m.main+fp/hard\libgcc.a(_dvmd_tls.o)
                0x0800662c                __aeabi_idiv0
                0x0800662c                __aeabi_ldiv0
 .text.exit     0x08006630       0x24 c:/siliconlabs/simplicitystudio/v5/developer/toolchains/gnu_arm/12.2.rel1_2023.7/bin/../lib/gcc/arm-none-eabi/12.2.1/thumb/v8-m.main+fp/hard\libc_nano.a(libc_a-exit.o)
                0x08006630                exit
 .text.malloc   0x08006654       0x10 c:/siliconlabs/simplicitystudio/v5/developer/toolchains/gnu_arm/12.2.rel1_2023.7/bin/../lib/gcc/arm-none-eabi/12.2.1/thumb/v8-m.main+fp/hard\libc_nano.a(libc_a-malloc.o)
                0x08006654                malloc
 .text.free     0x08006664       0x10 c:/siliconlabs/simplicitystudio/v5/developer/toolchains/gnu_arm/12.2.rel1_2023.7/bin/../lib/gcc/arm-none-eabi/12.2.1/thumb/v8-m.main+fp/hard\libc_nano.a(libc_a-malloc.o)
                0x08006664                free
 .text.sbrk_aligned
                0x08006674       0x44 c:/siliconlabs/simplicitystudio/v5/developer/toolchains/gnu_arm/12.2.rel1_2023.7/bin/../lib/gcc/arm-none-eabi/12.2.1/thumb/v8-m.main+fp/hard\libc_nano.a(libc_a-mallocr.o)
 .text._malloc_r
                0x080066b8       0xf0 c:/siliconlabs/simplicitystudio/v5/developer/toolchains/gnu_arm/12.2.rel1_2023.7/bin/../lib/gcc/arm-none-eabi/12.2.1/thumb/v8-m.main+fp/hard\libc_nano.a(libc_a-mallocr.o)
                0x080066b8                _malloc_r
 .text.__malloc_lock
                0x080067a8        0xc c:/siliconlabs/simplicitystudio/v5/developer/toolchains/gnu_arm/12.2.rel1_2023.7/bin/../lib/gcc/arm-none-eabi/12.2.1/thumb/v8-m.main+fp/hard\libc_nano.a(libc_a-mlock.o)
                0x080067a8                __malloc_lock
 .text.__malloc_unlock
                0x080067b4        0xc c:/siliconlabs/simplicitystudio/v5/developer/toolchains/gnu_arm/12.2.rel1_2023.7/bin/../lib/gcc/arm-none-eabi/12.2.1/thumb/v8-m.main+fp/hard\libc_nano.a(libc_a-mlock.o)
                0x080067b4                __malloc_unlock
 .text.std      0x080067c0       0x6c c:/siliconlabs/simplicitystudio/v5/developer/toolchains/gnu_arm/12.2.rel1_2023.7/bin/../lib/gcc/arm-none-eabi/12.2.1/thumb/v8-m.main+fp/hard\libc_nano.a(libc_a-findfp.o)
 .text.stdio_exit_handler
                0x0800682c       0x18 c:/siliconlabs/simplicitystudio/v5/developer/toolchains/gnu_arm/12.2.rel1_2023.7/bin/../lib/gcc/arm-none-eabi/12.2.1/thumb/v8-m.main+fp/hard\libc_nano.a(libc_a-findfp.o)
 .text.cleanup_stdio
                0x08006844       0x40 c:/siliconlabs/simplicitystudio/v5/developer/toolchains/gnu_arm/12.2.rel1_2023.7/bin/../lib/gcc/arm-none-eabi/12.2.1/thumb/v8-m.main+fp/hard\libc_nano.a(libc_a-findfp.o)
 .text.global_stdio_init.part.0
                0x08006884       0x3c c:/siliconlabs/simplicitystudio/v5/developer/toolchains/gnu_arm/12.2.rel1_2023.7/bin/../lib/gcc/arm-none-eabi/12.2.1/thumb/v8-m.main+fp/hard\libc_nano.a(libc_a-findfp.o)
 .text.__sfp_lock_acquire
                0x080068c0        0xc c:/siliconlabs/simplicitystudio/v5/developer/toolchains/gnu_arm/12.2.rel1_2023.7/bin/../lib/gcc/arm-none-eabi/12.2.1/thumb/v8-m.main+fp/hard\libc_nano.a(libc_a-findfp.o)
                0x080068c0                __sfp_lock_acquire
 .text.__sfp_lock_release
                0x080068cc        0xc c:/siliconlabs/simplicitystudio/v5/developer/toolchains/gnu_arm/12.2.rel1_2023.7/bin/../lib/gcc/arm-none-eabi/12.2.1/thumb/v8-m.main+fp/hard\libc_nano.a(libc_a-findfp.o)
                0x080068cc                __sfp_lock_release
 .text.__sinit  0x080068d8       0x30 c:/siliconlabs/simplicitystudio/v5/developer/toolchains/gnu_arm/12.2.rel1_2023.7/bin/../lib/gcc/arm-none-eabi/12.2.1/thumb/v8-m.main+fp/hard\libc_nano.a(libc_a-findfp.o)
                0x080068d8                __sinit
 .text.printf   0x08006908       0x24 c:/siliconlabs/simplicitystudio/v5/developer/toolchains/gnu_arm/12.2.rel1_2023.7/bin/../lib/gcc/arm-none-eabi/12.2.1/thumb/v8-m.main+fp/hard\libc_nano.a(libc_a-printf.o)
                0x08006908                iprintf
                0x08006908                printf
 .text.snprintf
                0x0800692c       0x68 c:/siliconlabs/simplicitystudio/v5/developer/toolchains/gnu_arm/12.2.rel1_2023.7/bin/../lib/gcc/arm-none-eabi/12.2.1/thumb/v8-m.main+fp/hard\libc_nano.a(libc_a-snprintf.o)
                0x0800692c                sniprintf
                0x0800692c                snprintf
 .text._close_r
                0x08006994       0x20 c:/siliconlabs/simplicitystudio/v5/developer/toolchains/gnu_arm/12.2.rel1_2023.7/bin/../lib/gcc/arm-none-eabi/12.2.1/thumb/v8-m.main+fp/hard\libc_nano.a(libc_a-closer.o)
                0x08006994                _close_r
 .text._lseek_r
                0x080069b4       0x24 c:/siliconlabs/simplicitystudio/v5/developer/toolchains/gnu_arm/12.2.rel1_2023.7/bin/../lib/gcc/arm-none-eabi/12.2.1/thumb/v8-m.main+fp/hard\libc_nano.a(libc_a-lseekr.o)
                0x080069b4                _lseek_r
 .text._read_r  0x080069d8       0x24 c:/siliconlabs/simplicitystudio/v5/developer/toolchains/gnu_arm/12.2.rel1_2023.7/bin/../lib/gcc/arm-none-eabi/12.2.1/thumb/v8-m.main+fp/hard\libc_nano.a(libc_a-readr.o)
                0x080069d8                _read_r
 .text._sbrk_r  0x080069fc       0x20 c:/siliconlabs/simplicitystudio/v5/developer/toolchains/gnu_arm/12.2.rel1_2023.7/bin/../lib/gcc/arm-none-eabi/12.2.1/thumb/v8-m.main+fp/hard\libc_nano.a(libc_a-sbrkr.o)
                0x080069fc                _sbrk_r
 .text._write_r
                0x08006a1c       0x24 c:/siliconlabs/simplicitystudio/v5/developer/toolchains/gnu_arm/12.2.rel1_2023.7/bin/../lib/gcc/arm-none-eabi/12.2.1/thumb/v8-m.main+fp/hard\libc_nano.a(libc_a-writer.o)
                0x08006a1c                _write_r
 .text.__libc_init_array
                0x08006a40       0x48 c:/siliconlabs/simplicitystudio/v5/developer/toolchains/gnu_arm/12.2.rel1_2023.7/bin/../lib/gcc/arm-none-eabi/12.2.1/thumb/v8-m.main+fp/hard\libc_nano.a(libc_a-init.o)
                0x08006a40                __libc_init_array
 .text._free_r  0x08006a88       0x94 c:/siliconlabs/simplicitystudio/v5/developer/toolchains/gnu_arm/12.2.rel1_2023.7/bin/../lib/gcc/arm-none-eabi/12.2.1/thumb/v8-m.main+fp/hard\libc_nano.a(libc_a-freer.o)
                0x08006a88                _free_r
 .text._svfprintf_r
                0x08006b1c      0x1f8 c:/siliconlabs/simplicitystudio/v5/developer/toolchains/gnu_arm/12.2.rel1_2023.7/bin/../lib/gcc/arm-none-eabi/12.2.1/thumb/v8-m.main+fp/hard\libc_nano.a(libc_a-nano-svfprintf.o)
                0x08006b1c                _svfiprintf_r
                0x08006b1c                _svfprintf_r
 .text._vfprintf_r
                0x08006d14      0x230 c:/siliconlabs/simplicitystudio/v5/developer/toolchains/gnu_arm/12.2.rel1_2023.7/bin/../lib/gcc/arm-none-eabi/12.2.1/thumb/v8-m.main+fp/hard\libc_nano.a(libc_a-nano-vfprintf.o)
                0x08006d14                _vfprintf_r
                0x08006d14                _vfiprintf_r
 .text._printf_i
                0x08006f44      0x258 c:/siliconlabs/simplicitystudio/v5/developer/toolchains/gnu_arm/12.2.rel1_2023.7/bin/../lib/gcc/arm-none-eabi/12.2.1/thumb/v8-m.main+fp/hard\libc_nano.a(libc_a-nano-vfprintf_i.o)
                0x08006f44                _printf_i
 .text.__swsetup_r
                0x0800719c       0xac c:/siliconlabs/simplicitystudio/v5/developer/toolchains/gnu_arm/12.2.rel1_2023.7/bin/../lib/gcc/arm-none-eabi/12.2.1/thumb/v8-m.main+fp/hard\libc_nano.a(libc_a-wsetup.o)
                0x0800719c                __swsetup_r
 .text._fstat_r
                0x08007248       0x24 c:/siliconlabs/simplicitystudio/v5/developer/toolchains/gnu_arm/12.2.rel1_2023.7/bin/../lib/gcc/arm-none-eabi/12.2.1/thumb/v8-m.main+fp/hard\libc_nano.a(libc_a-fstatr.o)
                0x08007248                _fstat_r
 .text._isatty_r
                0x0800726c       0x20 c:/siliconlabs/simplicitystudio/v5/developer/toolchains/gnu_arm/12.2.rel1_2023.7/bin/../lib/gcc/arm-none-eabi/12.2.1/thumb/v8-m.main+fp/hard\libc_nano.a(libc_a-isattyr.o)
                0x0800726c                _isatty_r
 .text.app_init
                0x0800728c        0x4 ./app.o
                0x0800728c                app_init
 .text.app_process_action
                0x08007290        0x4 ./app.o
                0x08007290                app_process_action
 .text.startup.main
                0x08007294       0x14 ./main.o
                0x08007294                main
 .text.arducam_calculate_image_buffer_length
                0x080072a8       0x22 ./arducam/arducam.o
                0x080072a8                arducam_calculate_image_buffer_length
 .text.arducam_driver_i2c_write_regs
                0x080072ca       0x58 ./arducam/drivers/m2mp/arducam_m_2mp_driver.o
                0x080072ca                arducam_driver_i2c_write_regs
 .text.arducam_driver_spi_set_bit
                0x08007322       0x3e ./arducam/drivers/m2mp/arducam_m_2mp_driver.o
                0x08007322                arducam_driver_spi_set_bit
 .text.sl_board_default_init
                0x08007360        0x2 ./autogen/sl_board_default_init.o
                0x08007360                sl_board_default_init
 .text.sli_driver_permanent_allocation
                0x08007362        0x2 ./autogen/sl_event_handler.o
                0x08007362                sli_driver_permanent_allocation
 .text.sli_service_permanent_allocation
                0x08007364        0x2 ./autogen/sl_event_handler.o
                0x08007364                sli_service_permanent_allocation
 .text.sli_stack_permanent_allocation
                0x08007366        0x2 ./autogen/sl_event_handler.o
                0x08007366                sli_stack_permanent_allocation
 .text.sli_internal_permanent_allocation
                0x08007368        0x2 ./autogen/sl_event_handler.o
                0x08007368                sli_internal_permanent_allocation
 .text.sl_platform_init
                0x0800736a       0x12 ./autogen/sl_event_handler.o
                0x0800736a                sl_platform_init
 .text.sli_internal_init_early
                0x0800737c        0x2 ./autogen/sl_event_handler.o
                0x0800737c                sli_internal_init_early
 .text.sl_driver_init
                0x0800737e       0x1a ./autogen/sl_event_handler.o
                0x0800737e                sl_driver_init
 .text.sl_service_init
                0x08007398       0x12 ./autogen/sl_event_handler.o
                0x08007398                sl_service_init
 .text.sl_stack_init
                0x080073aa        0x2 ./autogen/sl_event_handler.o
                0x080073aa                sl_stack_init
 .text.sl_internal_app_init
                0x080073ac        0x2 ./autogen/sl_event_handler.o
                0x080073ac                sl_internal_app_init
 .text.sli_platform_process_action
                0x080073ae        0x2 ./autogen/sl_event_handler.o
                0x080073ae                sli_platform_process_action
 .text.sli_service_process_action
                0x080073b0        0x2 ./autogen/sl_event_handler.o
                0x080073b0                sli_service_process_action
 .text.sli_stack_process_action
                0x080073b2        0x2 ./autogen/sl_event_handler.o
                0x080073b2                sli_stack_process_action
 .text.sli_internal_app_process_action
                0x080073b4        0x2 ./autogen/sl_event_handler.o
                0x080073b4                sli_internal_app_process_action
 .text.sl_iostream_eusart_init_instances
                0x080073b6        0x4 ./autogen/sl_iostream_init_eusart_instances.o
                0x080073b6                sl_iostream_eusart_init_instances
 .text.EUSART0_TX_IRQHandler
                0x080073ba        0x4 ./autogen/sl_iostream_init_eusart_instances.o
                0x080073ba                EUSART0_TX_IRQHandler
 .text._ZN12jlink_stream12is_connectedEPKcPb
                0x080073be       0x1a ./jlink_stream/jlink_stream.o
                0x080073be                jlink_stream::is_connected(char const*, bool*)
 .text._Z34jlink_stream_set_interrupt_enabledb
                0x080073d8       0x1e ./jlink_stream/jlink_stream_internal.o
                0x080073d8                jlink_stream_set_interrupt_enabled(bool)
 .text.SW3_IRQHandler
                0x080073f6       0x10 ./jlink_stream/jlink_stream_internal.o
                0x080073f6                SW3_IRQHandler
 .text.sl_board_configure_vcom
                0x08007406        0x4 ./simplicity_sdk_2025.6.0/hardware/board/src/sl_board_control_gpio.o
                0x08007406                sl_board_configure_vcom
 .text.sli_cos_swo_itm_8_write.constprop.0.isra.0
                0x0800740a       0x78 ./simplicity_sdk_2025.6.0/hardware/driver/configuration_over_swo/src/sl_cos.o
 .text.sl_cos_send_config
                0x08007482       0x12 ./simplicity_sdk_2025.6.0/hardware/driver/configuration_over_swo/src/sl_cos.o
                0x08007482                sl_cos_send_config
 .text.sl_cos_config_vcom
                0x08007494       0x1c ./simplicity_sdk_2025.6.0/hardware/driver/configuration_over_swo/src/sl_cos.o
                0x08007494                sl_cos_config_vcom
 .text.Default_Handler
                0x080074b0        0x2 ./simplicity_sdk_2025.6.0/platform/Device/SiliconLabs/EFR32MG26/Source/startup_efr32mg26.o
                0x080074b0                ULFRCO_IRQHandler
                0x080074b0                AHB2AHB1_IRQHandler
                0x080074b0                SW2_IRQHandler
                0x080074b0                TIMER2_IRQHandler
                0x080074b0                DebugMon_Handler
                0x080074b0                TIMER5_IRQHandler
                0x080074b0                USART0_TX_IRQHandler
                0x080074b0                IADC_IRQHandler
                0x080074b0                I2C0_IRQHandler
                0x080074b0                LFXO_IRQHandler
                0x080074b0                HardFault_Handler
                0x080074b0                SMU_SECURE_IRQHandler
                0x080074b0                SysTick_Handler
                0x080074b0                SYSRTC_SEQ_IRQHandler
                0x080074b0                USART1_RX_IRQHandler
                0x080074b0                EMUEFP_IRQHandler
                0x080074b0                TIMER7_IRQHandler
                0x080074b0                EUSART2_TX_IRQHandler
                0x080074b0                PendSV_Handler
                0x080074b0                NMI_Handler
                0x080074b0                SYNTH_IRQHandler
                0x080074b0                HOSTMAILBOX_IRQHandler
                0x080074b0                HFXO0_IRQHandler
                0x080074b0                I2C1_IRQHandler
                0x080074b0                EUSART3_TX_IRQHandler
                0x080074b0                WDOG0_IRQHandler
                0x080074b0                TIMER3_IRQHandler
                0x080074b0                SYSCFG_IRQHandler
                0x080074b0                RFECA1_IRQHandler
                0x080074b0                EMUDG_IRQHandler
                0x080074b0                USART1_TX_IRQHandler
                0x080074b0                MSC_IRQHandler
                0x080074b0                DPLL0_IRQHandler
                0x080074b0                TIMER8_IRQHandler
                0x080074b0                UsageFault_Handler
                0x080074b0                WDOG1_IRQHandler
                0x080074b0                M33CTI1_IRQHandler
                0x080074b0                TIMER4_IRQHandler
                0x080074b0                TIMER9_IRQHandler
                0x080074b0                VDAC0_IRQHandler
                0x080074b0                TIMER6_IRQHandler
                0x080074b0                SEMBTX_IRQHandler
                0x080074b0                I2C2_IRQHandler
                0x080074b0                SW0_IRQHandler
                0x080074b0                TIMER0_IRQHandler
                0x080074b0                LCD_IRQHandler
                0x080074b0                MVP_IRQHandler
                0x080074b0                LETIMER0_IRQHandler
                0x080074b0                EUSART1_RX_IRQHandler
                0x080074b0                TIMER1_IRQHandler
                0x080074b0                HFRCO0_IRQHandler
                0x080074b0                SecureFault_Handler
                0x080074b0                BUFC_IRQHandler
                0x080074b0                DCDC_IRQHandler
                0x080074b0                MODEM_IRQHandler
                0x080074b0                USART2_RX_IRQHandler
                0x080074b0                Default_Handler
                0x080074b0                RAC_SEQ_IRQHandler
                0x080074b0                FRC_PRI_IRQHandler
                0x080074b0                EMU_IRQHandler
                0x080074b0                KERNEL0_IRQHandler
                0x080074b0                FRC_IRQHandler
                0x080074b0                PCNT0_IRQHandler
                0x080074b0                KERNEL1_IRQHandler
                0x080074b0                AGC_IRQHandler
                0x080074b0                EUSART1_TX_IRQHandler
                0x080074b0                KEYSCAN_IRQHandler
                0x080074b0                sl_app_properties
                0x080074b0                HFRCOEM23_IRQHandler
                0x080074b0                BURTC_IRQHandler
                0x080074b0                SEMBRX_IRQHandler
                0x080074b0                RFECA0_IRQHandler
                0x080074b0                LFRCO_IRQHandler
                0x080074b0                I2C3_IRQHandler
                0x080074b0                VDAC1_IRQHandler
                0x080074b0                ACMP0_IRQHandler
                0x080074b0                USART0_RX_IRQHandler
                0x080074b0                MemManage_Handler
                0x080074b0                MPAHBRAM0_IRQHandler
                0x080074b0                AHB2AHB0_IRQHandler
                0x080074b0                SVC_Handler
                0x080074b0                EUSART3_RX_IRQHandler
                0x080074b0                EUSART2_RX_IRQHandler
                0x080074b0                SMU_S_PRIVILEGED_IRQHandler
                0x080074b0                SW1_IRQHandler
                0x080074b0                CMU_IRQHandler
                0x080074b0                RAC_RSM_IRQHandler
                0x080074b0                SETAMPERHOST_IRQHandler
                0x080074b0                AES_IRQHandler
                0x080074b0                M33CTI0_IRQHandler
                0x080074b0                ICACHE0_IRQHandler
                0x080074b0                SMU_NS_PRIVILEGED_IRQHandler
                0x080074b0                FPUEXH_IRQHandler
                0x080074b0                PROTIMER_IRQHandler
                0x080074b0                ACMP1_IRQHandler
                0x080074b0                BusFault_Handler
                0x080074b0                USART2_TX_IRQHandler
                0x080074b0                MPAHBRAM1_IRQHandler
 .text.CopyMemory
                0x080074b2       0x1a ./simplicity_sdk_2025.6.0/platform/Device/SiliconLabs/EFR32MG26/Source/startup_efr32mg26.o
                0x080074b2                CopyMemory
 .text.assertEFM
                0x080074cc        0x2 ./simplicity_sdk_2025.6.0/platform/common/src/sl_assert.o
                0x080074cc                assertEFM
 .text.sl_slist_init
                0x080074ce        0x6 ./simplicity_sdk_2025.6.0/platform/common/src/sl_slist.o
                0x080074ce                sl_slist_init
 .text.sl_debug_swo_enable_itm
                0x080074d4       0x16 ./simplicity_sdk_2025.6.0/platform/driver/debug/src/sl_debug_swo.o
                0x080074d4                sl_debug_swo_enable_itm
 .text.sl_debug_swo_disable_itm
                0x080074ea       0x18 ./simplicity_sdk_2025.6.0/platform/driver/debug/src/sl_debug_swo.o
                0x080074ea                sl_debug_swo_disable_itm
 .text.DMADRV_PeripheralMemory
                0x08007502       0x34 ./simplicity_sdk_2025.6.0/platform/emdrv/dmadrv/src/dmadrv.o
                0x08007502                DMADRV_PeripheralMemory
 .text.ConfigGPIO
                0x08007536       0xea ./simplicity_sdk_2025.6.0/platform/emdrv/spidrv/src/spidrv.o
 .text.BUS_RegMaskedWrite
                0x08007620       0x1e ./simplicity_sdk_2025.6.0/platform/emlib/src/em_cmu.o
 .text.waitStateMax
                0x0800763e       0x10 ./simplicity_sdk_2025.6.0/platform/emlib/src/em_cmu.o
 .text.CMU_UpdateWaitStates
                0x0800764e        0xc ./simplicity_sdk_2025.6.0/platform/emlib/src/em_cmu.o
                0x0800764e                CMU_UpdateWaitStates
 .text.pclkDivMax
                0x0800765a        0xa ./simplicity_sdk_2025.6.0/platform/emlib/src/em_cmu.o
 .text.EMU_EFPEM01VScale
                0x08007664        0x2 ./simplicity_sdk_2025.6.0/platform/emlib/src/em_emu.o
                0x08007664                EMU_EFPEM01VScale
 .text.EMU_DCDCUpdatedHook
                0x08007666        0x2 ./simplicity_sdk_2025.6.0/platform/emlib/src/em_emu.o
                0x08007666                EMU_DCDCUpdatedHook
 .text.eusart_sync
                0x08007668        0x8 ./simplicity_sdk_2025.6.0/platform/emlib/src/em_eusart.o
 .text.EUSART_Disable
                0x08007670       0x34 ./simplicity_sdk_2025.6.0/platform/emlib/src/em_eusart.o
 .text.EUSART_Tx
                0x080076a4        0xa ./simplicity_sdk_2025.6.0/platform/emlib/src/em_eusart.o
                0x080076a4                EUSART_Tx
 .text.EUSART_Spi_TxRx
                0x080076ae       0x14 ./simplicity_sdk_2025.6.0/platform/emlib/src/em_eusart.o
                0x080076ae                EUSART_Spi_TxRx
 .text.BUS_RegMaskedWrite
                0x080076c2       0x1e ./simplicity_sdk_2025.6.0/platform/emlib/src/em_gpio.o
 .text.USART_SpiTransfer
                0x080076e0       0x14 ./simplicity_sdk_2025.6.0/platform/emlib/src/em_usart.o
                0x080076e0                USART_SpiTransfer
 .text.sl_hal_bus_reg_write_mask
                0x080076f4       0x1e ./simplicity_sdk_2025.6.0/platform/peripheral/src/sl_hal_gpio.o
 .text.sl_clock_manager_runtime_init
                0x08007712        0x4 ./simplicity_sdk_2025.6.0/platform/service/clock_manager/src/sl_clock_manager.o
                0x08007712                sl_clock_manager_runtime_init
 .text.sli_clock_manager_hal_runtime_init
                0x08007716        0x4 ./simplicity_sdk_2025.6.0/platform/service/clock_manager/src/sl_clock_manager_hal_s2.o
                0x08007716                sli_clock_manager_hal_runtime_init
 .text.sl_clock_manager_init
                0x0800771a        0x4 ./simplicity_sdk_2025.6.0/platform/service/clock_manager/src/sl_clock_manager_init.o
                0x0800771a                sl_clock_manager_init
 .text.sl_iostream_write
                0x0800771e       0x22 ./simplicity_sdk_2025.6.0/platform/service/iostream/src/sl_iostream.o
                0x0800771e                sl_iostream_write
 .text.sl_iostream_read
                0x08007740       0x30 ./simplicity_sdk_2025.6.0/platform/service/iostream/src/sl_iostream.o
                0x08007740                sl_iostream_read
 .text.eusart_rx
                0x08007770       0x16 ./simplicity_sdk_2025.6.0/platform/service/iostream/src/sl_iostream_eusart.o
 .text.eusart_deinit
                0x08007786       0x7c ./simplicity_sdk_2025.6.0/platform/service/iostream/src/sl_iostream_eusart.o
 .text.eusart_tx
                0x08007802       0x10 ./simplicity_sdk_2025.6.0/platform/service/iostream/src/sl_iostream_eusart.o
 .text._close   0x08007812        0x4 ./simplicity_sdk_2025.6.0/platform/service/iostream/src/sl_iostream_retarget_stdio.o
                0x08007812                _close
 .text._exit    0x08007816        0x2 ./simplicity_sdk_2025.6.0/platform/service/iostream/src/sl_iostream_retarget_stdio.o
                0x08007816                _exit
 .text._fstat   0x08007818        0xa ./simplicity_sdk_2025.6.0/platform/service/iostream/src/sl_iostream_retarget_stdio.o
                0x08007818                _fstat
 .text._isatty  0x08007822        0x4 ./simplicity_sdk_2025.6.0/platform/service/iostream/src/sl_iostream_retarget_stdio.o
                0x08007822                _isatty
 .text._lseek   0x08007826        0x4 ./simplicity_sdk_2025.6.0/platform/service/iostream/src/sl_iostream_retarget_stdio.o
                0x08007826                _lseek
 .text._read    0x0800782a       0x1c ./simplicity_sdk_2025.6.0/platform/service/iostream/src/sl_iostream_retarget_stdio.o
                0x0800782a                _read
 .text.set_auto_cr_lf
                0x08007846        0x6 ./simplicity_sdk_2025.6.0/platform/service/iostream/src/sl_iostream_uart.o
 .text.get_auto_cr_lf
                0x0800784c        0x6 ./simplicity_sdk_2025.6.0/platform/service/iostream/src/sl_iostream_uart.o
 .text.__uart_async_rx_dma_callback
                0x08007852       0x70 ./simplicity_sdk_2025.6.0/platform/service/iostream/src/sl_iostream_uart.o
 .text.uart_write_async
                0x080078c2       0x46 ./simplicity_sdk_2025.6.0/platform/service/iostream/src/sl_iostream_uart.o
 .text.sli_iostream_uart_unsubscribe_to_new_data
                0x08007908       0x1c ./simplicity_sdk_2025.6.0/platform/service/iostream/src/sl_iostream_uart.o
                0x08007908                sli_iostream_uart_unsubscribe_to_new_data
 .text.app_init_pre_clock
                0x08007924        0x2 ./simplicity_sdk_2025.6.0/platform/service/sl_main/src/sl_main_init.o
                0x08007924                app_init_pre_clock
 .text.app_init_early
                0x08007926        0x2 ./simplicity_sdk_2025.6.0/platform/service/sl_main/src/sl_main_init.o
                0x08007926                app_init_early
 .text.sl_main_second_stage_init
                0x08007928       0x1a ./simplicity_sdk_2025.6.0/platform/service/sl_main/src/sl_main_init.o
                0x08007928                sl_main_second_stage_init
 .text.sl_main_init
                0x08007942       0x2e ./simplicity_sdk_2025.6.0/platform/service/sl_main/src/sl_main_init.o
                0x08007942                sl_main_init
 .text.app_permanent_memory_alloc
                0x08007970        0x2 ./simplicity_sdk_2025.6.0/platform/service/sl_main/src/sl_main_init_memory.o
                0x08007970                app_permanent_memory_alloc
 .text.sli_allocate_permanent_memory
                0x08007972       0x18 ./simplicity_sdk_2025.6.0/platform/service/sl_main/src/sl_main_init_memory.o
                0x08007972                sli_allocate_permanent_memory
 .text.sl_main_process_action
                0x0800798a       0x16 ./simplicity_sdk_2025.6.0/platform/service/sl_main/src/sl_main_process_action.o
                0x0800798a                sl_main_process_action
 .text.__sflush_r
                0x080079a0      0x106 c:/siliconlabs/simplicitystudio/v5/developer/toolchains/gnu_arm/12.2.rel1_2023.7/bin/../lib/gcc/arm-none-eabi/12.2.1/thumb/v8-m.main+fp/hard\libc_nano.a(libc_a-fflush.o)
                0x080079a0                __sflush_r
 .text._fflush_r
                0x08007aa6       0x50 c:/siliconlabs/simplicitystudio/v5/developer/toolchains/gnu_arm/12.2.rel1_2023.7/bin/../lib/gcc/arm-none-eabi/12.2.1/thumb/v8-m.main+fp/hard\libc_nano.a(libc_a-fflush.o)
                0x08007aa6                _fflush_r
 .text._fwalk_sglue
                0x08007af6       0x3c c:/siliconlabs/simplicitystudio/v5/developer/toolchains/gnu_arm/12.2.rel1_2023.7/bin/../lib/gcc/arm-none-eabi/12.2.1/thumb/v8-m.main+fp/hard\libc_nano.a(libc_a-fwalk.o)
                0x08007af6                _fwalk_sglue
 .text.__sread  0x08007b32       0x22 c:/siliconlabs/simplicitystudio/v5/developer/toolchains/gnu_arm/12.2.rel1_2023.7/bin/../lib/gcc/arm-none-eabi/12.2.1/thumb/v8-m.main+fp/hard\libc_nano.a(libc_a-stdio.o)
                0x08007b32                __sread
 .text.__swrite
                0x08007b54       0x38 c:/siliconlabs/simplicitystudio/v5/developer/toolchains/gnu_arm/12.2.rel1_2023.7/bin/../lib/gcc/arm-none-eabi/12.2.1/thumb/v8-m.main+fp/hard\libc_nano.a(libc_a-stdio.o)
                0x08007b54                __swrite
 .text.__sseek  0x08007b8c       0x24 c:/siliconlabs/simplicitystudio/v5/developer/toolchains/gnu_arm/12.2.rel1_2023.7/bin/../lib/gcc/arm-none-eabi/12.2.1/thumb/v8-m.main+fp/hard\libc_nano.a(libc_a-stdio.o)
                0x08007b8c                __sseek
 .text.__sclose
                0x08007bb0        0x8 c:/siliconlabs/simplicitystudio/v5/developer/toolchains/gnu_arm/12.2.rel1_2023.7/bin/../lib/gcc/arm-none-eabi/12.2.1/thumb/v8-m.main+fp/hard\libc_nano.a(libc_a-stdio.o)
                0x08007bb0                __sclose
 .text.memmove  0x08007bb8       0x34 c:/siliconlabs/simplicitystudio/v5/developer/toolchains/gnu_arm/12.2.rel1_2023.7/bin/../lib/gcc/arm-none-eabi/12.2.1/thumb/v8-m.main+fp/hard\libc_nano.a(libc_a-memmove.o)
                0x08007bb8                memmove
 .text.memset   0x08007bec       0x10 c:/siliconlabs/simplicitystudio/v5/developer/toolchains/gnu_arm/12.2.rel1_2023.7/bin/../lib/gcc/arm-none-eabi/12.2.1/thumb/v8-m.main+fp/hard\libc_nano.a(libc_a-memset.o)
                0x08007bec                memset
 .text.__retarget_lock_init_recursive
                0x08007bfc        0x2 c:/siliconlabs/simplicitystudio/v5/developer/toolchains/gnu_arm/12.2.rel1_2023.7/bin/../lib/gcc/arm-none-eabi/12.2.1/thumb/v8-m.main+fp/hard\libc_nano.a(libc_a-lock.o)
                0x08007bfc                __retarget_lock_init_recursive
 .text.__retarget_lock_acquire_recursive
                0x08007bfe        0x2 c:/siliconlabs/simplicitystudio/v5/developer/toolchains/gnu_arm/12.2.rel1_2023.7/bin/../lib/gcc/arm-none-eabi/12.2.1/thumb/v8-m.main+fp/hard\libc_nano.a(libc_a-lock.o)
                0x08007bfe                __retarget_lock_acquire_recursive
 .text.__retarget_lock_release_recursive
                0x08007c00        0x2 c:/siliconlabs/simplicitystudio/v5/developer/toolchains/gnu_arm/12.2.rel1_2023.7/bin/../lib/gcc/arm-none-eabi/12.2.1/thumb/v8-m.main+fp/hard\libc_nano.a(libc_a-lock.o)
                0x08007c00                __retarget_lock_release_recursive
 .text          0x08007c02       0x14 c:/siliconlabs/simplicitystudio/v5/developer/toolchains/gnu_arm/12.2.rel1_2023.7/bin/../lib/gcc/arm-none-eabi/12.2.1/thumb/v8-m.main+fp/hard\libc_nano.a(libc_a-strcmp.o)
                0x08007c02                strcmp
 .text.strcpy   0x08007c16       0x10 c:/siliconlabs/simplicitystudio/v5/developer/toolchains/gnu_arm/12.2.rel1_2023.7/bin/../lib/gcc/arm-none-eabi/12.2.1/thumb/v8-m.main+fp/hard\libc_nano.a(libc_a-strcpy.o)
                0x08007c16                strcpy
 .text.memcpy   0x08007c26       0x1a c:/siliconlabs/simplicitystudio/v5/developer/toolchains/gnu_arm/12.2.rel1_2023.7/bin/../lib/gcc/arm-none-eabi/12.2.1/thumb/v8-m.main+fp/hard\libc_nano.a(libc_a-memcpy-stub.o)
                0x08007c26                memcpy
 .text          0x08007c40       0x10 c:/siliconlabs/simplicitystudio/v5/developer/toolchains/gnu_arm/12.2.rel1_2023.7/bin/../lib/gcc/arm-none-eabi/12.2.1/thumb/v8-m.main+fp/hard\libc_nano.a(libc_a-strlen.o)
                0x08007c40                strlen
 .text.__ssputs_r
                0x08007c50       0xb6 c:/siliconlabs/simplicitystudio/v5/developer/toolchains/gnu_arm/12.2.rel1_2023.7/bin/../lib/gcc/arm-none-eabi/12.2.1/thumb/v8-m.main+fp/hard\libc_nano.a(libc_a-nano-svfprintf.o)
                0x08007c50                __ssputs_r
 .text.__sfputc_r
                0x08007d06       0x2e c:/siliconlabs/simplicitystudio/v5/developer/toolchains/gnu_arm/12.2.rel1_2023.7/bin/../lib/gcc/arm-none-eabi/12.2.1/thumb/v8-m.main+fp/hard\libc_nano.a(libc_a-nano-vfprintf.o)
 .text.__sfputs_r
                0x08007d34       0x24 c:/siliconlabs/simplicitystudio/v5/developer/toolchains/gnu_arm/12.2.rel1_2023.7/bin/../lib/gcc/arm-none-eabi/12.2.1/thumb/v8-m.main+fp/hard\libc_nano.a(libc_a-nano-vfprintf.o)
                0x08007d34                __sfputs_r
 .text._printf_common
                0x08007d58       0xe4 c:/siliconlabs/simplicitystudio/v5/developer/toolchains/gnu_arm/12.2.rel1_2023.7/bin/../lib/gcc/arm-none-eabi/12.2.1/thumb/v8-m.main+fp/hard\libc_nano.a(libc_a-nano-vfprintf_i.o)
                0x08007d58                _printf_common
 .text.__swhatbuf_r
                0x08007e3c       0x4a c:/siliconlabs/simplicitystudio/v5/developer/toolchains/gnu_arm/12.2.rel1_2023.7/bin/../lib/gcc/arm-none-eabi/12.2.1/thumb/v8-m.main+fp/hard\libc_nano.a(libc_a-makebuf.o)
                0x08007e3c                __swhatbuf_r
 .text.__smakebuf_r
                0x08007e86       0x78 c:/siliconlabs/simplicitystudio/v5/developer/toolchains/gnu_arm/12.2.rel1_2023.7/bin/../lib/gcc/arm-none-eabi/12.2.1/thumb/v8-m.main+fp/hard\libc_nano.a(libc_a-makebuf.o)
                0x08007e86                __smakebuf_r
 .text.__swbuf_r
                0x08007efe       0x7c c:/siliconlabs/simplicitystudio/v5/developer/toolchains/gnu_arm/12.2.rel1_2023.7/bin/../lib/gcc/arm-none-eabi/12.2.1/thumb/v8-m.main+fp/hard\libc_nano.a(libc_a-wbuf.o)
                0x08007efe                __swbuf_r
 .text.memchr   0x08007f7a       0x1c c:/siliconlabs/simplicitystudio/v5/developer/toolchains/gnu_arm/12.2.rel1_2023.7/bin/../lib/gcc/arm-none-eabi/12.2.1/thumb/v8-m.main+fp/hard\libc_nano.a(libc_a-memchr-stub.o)
                0x08007f7a                memchr
 .text._realloc_r
                0x08007f96       0x5c c:/siliconlabs/simplicitystudio/v5/developer/toolchains/gnu_arm/12.2.rel1_2023.7/bin/../lib/gcc/arm-none-eabi/12.2.1/thumb/v8-m.main+fp/hard\libc_nano.a(libc_a-reallocr.o)
                0x08007f96                _realloc_r
 .text._malloc_usable_size_r
                0x08007ff2       0x10 c:/siliconlabs/simplicitystudio/v5/developer/toolchains/gnu_arm/12.2.rel1_2023.7/bin/../lib/gcc/arm-none-eabi/12.2.1/thumb/v8-m.main+fp/hard\libc_nano.a(libc_a-msizer.o)
                0x08007ff2                _malloc_usable_size_r
 *(SORT_BY_ALIGNMENT(text_*))
 *fill*         0x08008002        0x2 
 text_system_timecritical19242
                0x08008004        0xc ./simplicity_sdk_2025.6.0/platform/Device/SiliconLabs/EFR32MG26/Source/system_efr32mg26.o
                0x08008004                SystemHFRCODPLLClockGet
 text_system_timecritical20245
                0x08008010       0x40 ./simplicity_sdk_2025.6.0/platform/Device/SiliconLabs/EFR32MG26/Source/system_efr32mg26.o
                0x08008010                SystemSYSCLKGet
 text_system_timecritical16198
                0x08008050       0x24 ./simplicity_sdk_2025.6.0/platform/Device/SiliconLabs/EFR32MG26/Source/system_efr32mg26.o
                0x08008050                SystemHCLKGet
 text_system_timecritical21247
                0x08008074        0x8 ./simplicity_sdk_2025.6.0/platform/Device/SiliconLabs/EFR32MG26/Source/system_efr32mg26.o
                0x08008074                SystemMaxCoreClockGet
 text_system_timecritical22249
                0x0800807c        0x8 ./simplicity_sdk_2025.6.0/platform/Device/SiliconLabs/EFR32MG26/Source/system_efr32mg26.o
                0x0800807c                SystemFSRCOClockGet
 text_system_timecritical23251
                0x08008084        0xc ./simplicity_sdk_2025.6.0/platform/Device/SiliconLabs/EFR32MG26/Source/system_efr32mg26.o
                0x08008084                SystemHFXOClockGet
 text_system_timecritical24254
                0x08008090        0x8 ./simplicity_sdk_2025.6.0/platform/Device/SiliconLabs/EFR32MG26/Source/system_efr32mg26.o
                0x08008090                SystemCLKIN0Get
 text_system_timecritical25256
                0x08008098       0x90 ./simplicity_sdk_2025.6.0/platform/Device/SiliconLabs/EFR32MG26/Source/system_efr32mg26.o
                0x08008098                SystemHFRCOEM23ClockGet
 text_system_timecritical26258
                0x08008128        0xc ./simplicity_sdk_2025.6.0/platform/Device/SiliconLabs/EFR32MG26/Source/system_efr32mg26.o
                0x08008128                SystemLFXOClockGet
 text_dmadrv_timecritical29166
                0x08008134       0x40 ./simplicity_sdk_2025.6.0/platform/emdrv/dmadrv/src/dmadrv.o
                0x08008134                DMADRV_StopTransfer
 text_dmadrv_timecritical32174
                0x08008174       0x44 ./simplicity_sdk_2025.6.0/platform/emdrv/dmadrv/src/dmadrv.o
                0x08008174                DMADRV_TransferDone
 text_dmadrv_timecritical33177
                0x080081b8       0x44 ./simplicity_sdk_2025.6.0/platform/emdrv/dmadrv/src/dmadrv.o
                0x080081b8                DMADRV_TransferRemainingCount
 text_hal_gpio_timecritical29429
                0x080081fc       0x5c ./simplicity_sdk_2025.6.0/platform/peripheral/src/sl_hal_gpio.o
                0x080081fc                sl_hal_gpio_set_pin
 text_hal_sysrtc_timecritical29237
                0x08008258       0x14 ./simplicity_sdk_2025.6.0/platform/peripheral/src/sl_hal_sysrtc.o
                0x08008258                sl_hal_sysrtc_wait_sync
 text_hal_sysrtc_timecritical31601
                0x0800826c       0x24 ./simplicity_sdk_2025.6.0/platform/peripheral/src/sl_hal_sysrtc.o
                0x0800826c                sl_hal_sysrtc_wait_sync_group
 text_hal_sysrtc_timecritical32634
                0x08008290       0x1c ./simplicity_sdk_2025.6.0/platform/peripheral/src/sl_hal_sysrtc.o
                0x08008290                sl_hal_sysrtc_enable_group_interrupts
 text_hal_sysrtc_timecritical33650
                0x080082ac       0x1c ./simplicity_sdk_2025.6.0/platform/peripheral/src/sl_hal_sysrtc.o
                0x080082ac                sl_hal_sysrtc_disable_group_interrupts
 text_hal_sysrtc_timecritical34666
                0x080082c8       0x1c ./simplicity_sdk_2025.6.0/platform/peripheral/src/sl_hal_sysrtc.o
                0x080082c8                sl_hal_sysrtc_clear_group_interrupts
 text_hal_sysrtc_timecritical35685
                0x080082e4       0x20 ./simplicity_sdk_2025.6.0/platform/peripheral/src/sl_hal_sysrtc.o
                0x080082e4                sl_hal_sysrtc_get_group_interrupts
 text_hal_sysrtc_timecritical36734
                0x08008304       0x28 ./simplicity_sdk_2025.6.0/platform/peripheral/src/sl_hal_sysrtc.o
                0x08008304                sl_hal_sysrtc_get_group_compare_channel_value
 text_hal_sysrtc_timecritical37751
                0x0800832c       0x28 ./simplicity_sdk_2025.6.0/platform/peripheral/src/sl_hal_sysrtc.o
                0x0800832c                sl_hal_sysrtc_set_group_compare_channel_value
 text_clock_manager_timecritical2674
                0x08008354       0x60 ./simplicity_sdk_2025.6.0/platform/service/clock_manager/src/sl_clock_manager_hal_s2.o
                0x08008354                sli_clock_manager_hal_enable_bus_clock
 text_sleeptimer_timecritical66121
                0x080083b4       0x40 ./simplicity_sdk_2025.6.0/platform/service/sleeptimer/src/sl_sleeptimer.o
 text_sleeptimer_timecritical67125
                0x080083f4       0x3c ./simplicity_sdk_2025.6.0/platform/service/sleeptimer/src/sl_sleeptimer.o
 text_sleeptimer_timecritical69131
                0x08008430       0x34 ./simplicity_sdk_2025.6.0/platform/service/sleeptimer/src/sl_sleeptimer.o
 text_sleeptimer_timecritical68128
                0x08008464       0x64 ./simplicity_sdk_2025.6.0/platform/service/sleeptimer/src/sl_sleeptimer.o
 text_sleeptimer_timecritical72140
                0x080084c8       0x88 ./simplicity_sdk_2025.6.0/platform/service/sleeptimer/src/sl_sleeptimer.o
 text_sleeptimer_timecritical34276
                0x08008550       0x3c ./simplicity_sdk_2025.6.0/platform/service/sleeptimer/src/sl_sleeptimer.o
                0x08008550                sl_sleeptimer_is_timer_running
 text_sleeptimer_timecritical40684
                0x0800858c       0x24 ./simplicity_sdk_2025.6.0/platform/service/sleeptimer/src/sl_sleeptimer.o
                0x0800858c                sl_sleeptimer_ms_to_tick
 text_sleeptimer_timecritical65151
                0x080085b0      0x148 ./simplicity_sdk_2025.6.0/platform/service/sleeptimer/src/sl_sleeptimer.o
                0x080085b0                process_timer_irq
 text_sleeptimer_timecritical6454
                0x080086f8       0x10 ./simplicity_sdk_2025.6.0/platform/service/sleeptimer/src/sl_sleeptimer_hal_sysrtc.o
                0x080086f8                sleeptimer_hal_get_counter
 text_sleeptimer_timecritical6885
                0x08008708       0x18 ./simplicity_sdk_2025.6.0/platform/service/sleeptimer/src/sl_sleeptimer_hal_sysrtc.o
                0x08008708                sleeptimer_hal_get_timer_frequency
 text_sleeptimer_timecritical6670
                0x08008720       0x70 ./simplicity_sdk_2025.6.0/platform/service/sleeptimer/src/sl_sleeptimer_hal_sysrtc.o
                0x08008720                sleeptimer_hal_set_compare
 text_sleeptimer_timecritical70101
                0x08008790       0x24 ./simplicity_sdk_2025.6.0/platform/service/sleeptimer/src/sl_sleeptimer_hal_sysrtc.o
                0x08008790                sleeptimer_hal_disable_int
 text_sleeptimer_timecritical71109
                0x080087b4       0x10 ./simplicity_sdk_2025.6.0/platform/service/sleeptimer/src/sl_sleeptimer_hal_sysrtc.o
                0x080087b4                sleeptimer_hal_set_int
 text_system_timecritical27261
                0x080087c4        0x6 ./simplicity_sdk_2025.6.0/platform/Device/SiliconLabs/EFR32MG26/Source/system_efr32mg26.o
                0x080087c4                SystemLFRCOClockGet
 text_system_timecritical28263
                0x080087ca        0x6 ./simplicity_sdk_2025.6.0/platform/Device/SiliconLabs/EFR32MG26/Source/system_efr32mg26.o
                0x080087ca                SystemULFRCOClockGet
 text_core_timecritical2307
                0x080087d0        0xa ./simplicity_sdk_2025.6.0/platform/common/src/sl_core_cortexm.o
                0x080087d0                CORE_ExitCritical
 text_core_timecritical4331
                0x080087da        0x8 ./simplicity_sdk_2025.6.0/platform/common/src/sl_core_cortexm.o
                0x080087da                CORE_EnterCritical
 text_core_timecritical7363
                0x080087e2        0xa ./simplicity_sdk_2025.6.0/platform/common/src/sl_core_cortexm.o
                0x080087e2                CORE_ExitAtomic
 text_core_timecritical9387
                0x080087ec        0xc ./simplicity_sdk_2025.6.0/platform/common/src/sl_core_cortexm.o
                0x080087ec                CORE_EnterAtomic
 text_clock_manager_timecritical1352
                0x080087f8        0xa ./simplicity_sdk_2025.6.0/platform/service/clock_manager/src/sl_clock_manager.o
                0x080087f8                sl_clock_manager_get_clock_branch_frequency
 text_clock_manager_timecritical2380
                0x08008802        0x6 ./simplicity_sdk_2025.6.0/platform/service/clock_manager/src/sl_clock_manager.o
                0x08008802                sl_clock_manager_enable_bus_clock
 text_clock_manager_timecritical3394
                0x08008808        0x6 ./simplicity_sdk_2025.6.0/platform/service/clock_manager/src/sl_clock_manager.o
                0x08008808                sl_clock_manager_disable_bus_clock
 text_clock_manager_timecritical2561
                0x0800880e       0xca ./simplicity_sdk_2025.6.0/platform/service/clock_manager/src/sl_clock_manager_hal_s2.o
                0x0800880e                sli_clock_manager_hal_get_clock_branch_frequency
 text_sleeptimer_timecritical75155
                0x080088d8        0x6 ./simplicity_sdk_2025.6.0/platform/service/sleeptimer/src/sl_sleeptimer.o
 text_sleeptimer_timecritical29161
                0x080088de       0x48 ./simplicity_sdk_2025.6.0/platform/service/sleeptimer/src/sl_sleeptimer.o
                0x080088de                sl_sleeptimer_start_timer
 text_sleeptimer_timecritical6562
                0x08008926        0x8 ./simplicity_sdk_2025.6.0/platform/service/sleeptimer/src/sl_sleeptimer_hal_sysrtc.o
                0x08008926                sleeptimer_hal_get_compare
 text_sleeptimer_timecritical6993
                0x0800892e       0x12 ./simplicity_sdk_2025.6.0/platform/service/sleeptimer/src/sl_sleeptimer_hal_sysrtc.o
                0x0800892e                sleeptimer_hal_enable_int
 text_sleeptimer_timecritical86325
                0x08008940       0x34 ./simplicity_sdk_2025.6.0/platform/service/sleeptimer/src/sl_sleeptimer_hal_sysrtc.o
                0x08008940                SYSRTC_APP_IRQHandler
                0x08008980                . = ALIGN (0x20)
 *fill*         0x08008974        0xc 
                0x08008980                linker_code_end = .
 *(.init)
 .init          0x08008980        0x4 c:/siliconlabs/simplicitystudio/v5/developer/toolchains/gnu_arm/12.2.rel1_2023.7/bin/../lib/gcc/arm-none-eabi/12.2.1/thumb/v8-m.main+fp/hard/crti.o
                0x08008980                _init